Archive member included to satisfy reference by file (symbol)

C:/Program Files/SEGGER/SEGGER Embedded Studio 8.24/lib/libc_v7em_t_le_eabi_balanced.a(intasmops_arm.o)
                              Output/Release/Obj/ble_app_uart_pca10040e_s112/bsp.o (__aeabi_uldivmod)
C:/Program Files/SEGGER/SEGGER Embedded Studio 8.24/lib/libc_v7em_t_le_eabi_balanced.a(prinops.o)
                              Output/Release/Obj/ble_app_uart_pca10040e_s112/SEGGER_RTT_Syscalls_SES.o (vsnprintf)
C:/Program Files/SEGGER/SEGGER Embedded Studio 8.24/lib/libc_v7em_t_le_eabi_balanced.a(__SEGGER_RTL_vfprintf_long.o)
                              (__SEGGER_RTL_vfprintf_long)
C:/Program Files/SEGGER/SEGGER Embedded Studio 8.24/lib/libc_v7em_t_le_eabi_balanced.a(__SEGGER_RTL_vfscanf_long.o)
                              (__SEGGER_RTL_vfscanf_long)
C:/Program Files/SEGGER/SEGGER Embedded Studio 8.24/lib/libc_v7em_t_le_eabi_balanced.a(fileops.o)
                              C:/Program Files/SEGGER/SEGGER Embedded Studio 8.24/lib/libc_v7em_t_le_eabi_balanced.a(prinops.o) (fwrite)
C:/Program Files/SEGGER/SEGGER Embedded Studio 8.24/lib/libc_v7em_t_le_eabi_balanced.a(utilops.o)
                              C:/Program Files/SEGGER/SEGGER Embedded Studio 8.24/lib/libc_v7em_t_le_eabi_balanced.a(__SEGGER_RTL_vfscanf_long.o) (__SEGGER_RTL_digit)
C:/Program Files/SEGGER/SEGGER Embedded Studio 8.24/lib/libc_v7em_t_le_eabi_balanced.a(floatasmops_arm.o)
                              C:/Program Files/SEGGER/SEGGER Embedded Studio 8.24/lib/libc_v7em_t_le_eabi_balanced.a(utilops.o) (__aeabi_fmul)
C:/Program Files/SEGGER/SEGGER Embedded Studio 8.24/lib/libc_v7em_t_le_eabi_balanced.a(errno.o)
                              C:/Program Files/SEGGER/SEGGER Embedded Studio 8.24/lib/libc_v7em_t_le_eabi_balanced.a(fileops.o) (__aeabi_errno_addr)
C:/Program Files/SEGGER/SEGGER Embedded Studio 8.24/lib/prinops_rtt_v7em_t_le_eabi_balanced.a(prinops_rtt.o)
                              C:/Program Files/SEGGER/SEGGER Embedded Studio 8.24/lib/libc_v7em_t_le_eabi_balanced.a(fileops.o) (__SEGGER_RTL_X_file_stat)
C:/Program Files/SEGGER/SEGGER Embedded Studio 8.24/lib/heapops_basic_v7em_t_le_eabi_balanced.a(heapops_basic.o)
                              Output/Release/Obj/ble_app_uart_pca10040e_s112/thumb_crt0.o (__SEGGER_RTL_init_heap)
C:/Program Files/SEGGER/SEGGER Embedded Studio 8.24/lib/heapops_disable_interrupts_locking_v7em_t_le_eabi_balanced.a(heapops.o)
                              C:/Program Files/SEGGER/SEGGER Embedded Studio 8.24/lib/libc_v7em_t_le_eabi_balanced.a(prinops.o) (free)
C:/Program Files/SEGGER/SEGGER Embedded Studio 8.24/lib/strops_unaligned_v7em_t_le_eabi_balanced.a(strops.o)
                              Output/Release/Obj/ble_app_uart_pca10040e_s112/ble_advdata.o (memcmp)
C:/Program Files/SEGGER/SEGGER Embedded Studio 8.24/lib/strops_unaligned_v7em_t_le_eabi_balanced.a(strasmops_arm.o)
                              C:/Program Files/SEGGER/SEGGER Embedded Studio 8.24/lib/strops_unaligned_v7em_t_le_eabi_balanced.a(strops.o) (strcmp)
C:/Program Files/SEGGER/SEGGER Embedded Studio 8.24/lib/mbops_timeops_v7em_t_le_eabi_balanced.a(mbops.o)
                              C:/Program Files/SEGGER/SEGGER Embedded Studio 8.24/lib/libc_v7em_t_le_eabi_balanced.a(prinops.o) (__SEGGER_RTL_current_locale)
C:/Program Files/SEGGER/SEGGER Embedded Studio 8.24/lib/mbops_timeops_v7em_t_le_eabi_balanced.a(timeops.o)
                              C:/Program Files/SEGGER/SEGGER Embedded Studio 8.24/lib/mbops_timeops_v7em_t_le_eabi_balanced.a(mbops.o) (__SEGGER_RTL_string_list_encode)
C:/Program Files/SEGGER/SEGGER Embedded Studio 8.24/lib/libc_v7em_t_le_eabi_balanced.a(execops.o)
                              C:/Program Files/SEGGER/SEGGER Embedded Studio 8.24/lib/strops_unaligned_v7em_t_le_eabi_balanced.a(strops.o) (__SEGGER_RTL_constraint_violation)
C:/Program Files/SEGGER/SEGGER Embedded Studio 8.24/lib/libc_v7em_t_le_eabi_balanced.a(execops_arm.o)
                              C:/Program Files/SEGGER/SEGGER Embedded Studio 8.24/lib/libc_v7em_t_le_eabi_balanced.a(execops.o) (__aeabi_SIGABRT)
C:/Program Files/SEGGER/SEGGER Embedded Studio 8.24/lib/libc_v7em_t_le_eabi_balanced.a(intops.o)
                              C:/Program Files/SEGGER/SEGGER Embedded Studio 8.24/lib/mbops_timeops_v7em_t_le_eabi_balanced.a(timeops.o) (div)
C:/Program Files/SEGGER/SEGGER Embedded Studio 8.24/lib/libc_v7em_t_le_eabi_balanced.a(sortops.o)
                              C:/Program Files/SEGGER/SEGGER Embedded Studio 8.24/lib/mbops_timeops_v7em_t_le_eabi_balanced.a(mbops.o) (bsearch)
C:/Program Files/SEGGER/SEGGER Embedded Studio 8.24/lib/libc_v7em_t_le_eabi_balanced.a(convops.o)
                              C:/Program Files/SEGGER/SEGGER Embedded Studio 8.24/lib/libc_v7em_t_le_eabi_balanced.a(execops.o) (itoa)
C:/Program Files/SEGGER/SEGGER Embedded Studio 8.24/lib/libc_v7em_t_le_eabi_balanced.a(floatops.o)
[...]
Memory Configuration

Name             Origin             Length             Attributes
UNPLACED_SECTIONS 0x00000000         0x00000000         xw
RAM              0x20000000         0x00006000         xw
FLASH            0x00000000         0x00030000         xw
*default*        0x00000000         0xffffffff

Linker script and memory map

                0x20000000                        __RAM_segment_start__ = 0x20000000
                0x20006000                        __RAM_segment_end__ = 0x20006000
                0x00006000                        __RAM_segment_size__ = 0x6000
                0x00000000                        __FLASH_segment_start__ = 0x0
                0x00030000                        __FLASH_segment_end__ = 0x30000
                0x00030000                        __FLASH_segment_size__ = 0x30000
                0x00000800                        __HEAPSIZE__ = 0x800
                0x00000000                        __SEGGER_RTL_vfprintf = __SEGGER_RTL_vfprintf_long
                0x00000000                        __SEGGER_RTL_vfscanf = __SEGGER_RTL_vfscanf_long
                0x00000000                        __STACKSIZE_PROCESS__ = 0x0
                0x00000800                        __STACKSIZE__ = 0x800
                0x20000000                        __reserved_ram_load_start__ = 0x20000000

.reserved_ram   0x20000000     0x22c8
                0x20000000                        __reserved_ram_start__ = .
 *(.reserved_ram .reserved_ram.*)
                0x200022c8                        . = MAX (((__reserved_ram_start__ + 0x200022c8) - 0x20000000), .)
 *fill*         0x20000000     0x22c8 
                0x200022c8                        __reserved_ram_end__ = (__reserved_ram_start__ + SIZEOF (.reserved_ram))
                0x000022c8                        __reserved_ram_size__ = SIZEOF (.reserved_ram)
                0x200022c8                        __reserved_ram_load_end__ = __reserved_ram_end__
                0x00000001                        . = ASSERT (((__reserved_ram_start__ == __reserved_ram_end__) || ((__reserved_ram_end__ - __RAM_segment_start__) <= __RAM_segment_size__)), error: .reserved_ram is too large to fit in RAM memory segment)
                0x00000001                        . = ASSERT ((__reserved_ram_size__ <= 0x22c8), error: .reserved_ram section is larger than specified size)
                0x200022c8                        __vectors_ram_load_start__ = 0x200022c8

.vectors_ram    0x200022c8        0x0
                0x200022c8                        __vectors_ram_start__ = .
                0x200022c8                        __app_ram_start__ = __vectors_ram_start__
 *(.vectors_ram .vectors_ram.*)
                0x200022c8                        __vectors_ram_end__ = (__vectors_ram_start__ + SIZEOF (.vectors_ram))
                0x00000000                        __vectors_ram_size__ = SIZEOF (.vectors_ram)
                0x200022c8                        __vectors_ram_load_end__ = __vectors_ram_end__
                0x00000001                        . = ASSERT (((__vectors_ram_start__ == __vectors_ram_end__) || ((__vectors_ram_end__ - __RAM_segment_start__) <= __RAM_segment_size__)), error: .vectors_ram is too large to fit in RAM memory segment)
                0x00000001                        . = ASSERT ((__reserved_ram_end__ <= __vectors_ram_start__), error: section .reserved_ram overlaps absolute placed section .vectors_ram)
                0x200022c8                        __nrf_sections_run_load_start__ = ALIGN (__vectors_ram_end__, 0x4)

.nrf_sections_run
                0x200022c8        0x0
                0x200022c8                        __nrf_sections_run_start__ = .
                0x200022c8                        __start_nrf_sections_run = __nrf_sections_run_start__
 *(.nrf_sections_run .nrf_sections_run.*)
                0x200022c8                        __nrf_sections_run_end__ = (__nrf_sections_run_start__ + SIZEOF (.nrf_sections_run))
                0x00000000                        __nrf_sections_run_size__ = SIZEOF (.nrf_sections_run)
                0x200022c8                        __nrf_sections_run_load_end__ = __nrf_sections_run_end__
                0x00000001                        . = ASSERT (((__nrf_sections_run_start__ == __nrf_sections_run_end__) || ((__nrf_sections_run_end__ - __RAM_segment_start__) <= __RAM_segment_size__)), error: .nrf_sections_run is too large to fit in RAM memory segment)
                0x00000000                        __reserved_flash_load_start__ = 0x0

.reserved_flash
                0x00000000    0x19000
                0x00000000                        __reserved_flash_start__ = .
 *(.reserved_flash .reserved_flash.*)
                0x00019000                        . = MAX (((__reserved_flash_start__ + 0x19000) - 0x0), .)
 *fill*         0x00000000    0x19000 
                0x00019000                        __reserved_flash_end__ = (__reserved_flash_start__ + SIZEOF (.reserved_flash))
                0x00019000                        __reserved_flash_size__ = SIZEOF (.reserved_flash)
                0x00019000                        __reserved_flash_load_end__ = __reserved_flash_end__
                0x00000001                        . = ASSERT (((__reserved_flash_start__ == __reserved_flash_end__) || ((__reserved_flash_end__ - __FLASH_segment_start__) <= __FLASH_segment_size__)), error: .reserved_flash is too large to fit in FLASH memory segment)
                0x00000001                        . = ASSERT ((__reserved_flash_size__ <= 0x19000), error: .reserved_flash section is larger than specified size)
                0x00019000                        __vectors_load_start__ = 0x19000

.vectors        0x00019000      0x200
                0x00019000                        __vectors_start__ = .
 *(.vectors .vectors.*)
 .vectors       0x00019000      0x200 Output/Release/Obj/ble_app_uart_pca10040e_s112/ses_startup_nrf52810.o
                0x00019000                _vectors
                0x00019200                        __vectors_end__ = (__vectors_start__ + SIZEOF (.vectors))
                0x00000200                        __vectors_size__ = SIZEOF (.vectors)
                0x00019200                        __vectors_load_end__ = __vectors_end__
                0x00000001                        . = ASSERT (((__vectors_start__ == __vectors_end__) || ((__vectors_end__ - __FLASH_segment_start__) <= __FLASH_segment_size__)), error: .vectors is too large to fit in FLASH memory segment)
                0x00000001                        . = ASSERT ((__reserved_flash_end__ <= __vectors_start__), error: section .reserved_flash overlaps absolute placed section .vectors)
                0x00019200                        __init_load_start__ = ALIGN (__vectors_end__, 0x4)

.init           0x00019200      0x1fc
                0x00019200                        __init_start__ = .
 *(.init .init.*)
 .init          0x00019200       0x48 Output/Release/Obj/ble_app_uart_pca10040e_s112/ses_startup_nrf52810.o
                0x00019200                NMI_Handler
                0x00019202                HardFault_Handler
                0x00019204                MemoryManagement_Handler
                0x00019206                BusFault_Handler
                0x00019208                UsageFault_Handler
                0x0001920a                SVC_Handler
                0x0001920c                DebugMon_Handler
                0x0001920e                PendSV_Handler
                0x00019210                SysTick_Handler
                0x00019212                SWI4_IRQHandler
                0x00019212                TEMP_IRQHandler
                0x00019212                RTC0_IRQHandler
                0x00019212                RADIO_IRQHandler
                0x00019212                SWI0_EGU0_IRQHandler
                0x00019212                SWI5_IRQHandler
                0x00019212                TIMER0_IRQHandler
                0x00019212                Dummy_Handler
                0x00019212                TIMER1_IRQHandler
                0x00019212                ECB_IRQHandler
                0x00019212                SWI3_IRQHandler
                0x00019212                SPIM0_SPIS0_SPI0_IRQHandler
                0x00019212                SAADC_IRQHandler
                0x00019212                CCM_AAR_IRQHandler
                0x00019212                WDT_IRQHandler
                0x00019212                QDEC_IRQHandler
                0x00019212                RNG_IRQHandler
                0x00019212                COMP_IRQHandler
                0x00019212                PWM0_IRQHandler
                0x00019212                SWI1_EGU1_IRQHandler
                0x00019212                TWIM0_TWIS0_TWI0_IRQHandler
                0x00019212                TIMER2_IRQHandler
                0x00019214                nRFInitialize
 .init          0x00019248       0x48 Output/Release/Obj/ble_app_uart_pca10040e_s112/ses_startup_nrf_common.o
                0x00019248                Reset_Handler
                0x0001924c                afterInitialize
                0x0001925e                InitializeUserMemorySections
 .init          0x00019290      0x16c Output/Release/Obj/ble_app_uart_pca10040e_s112/thumb_crt0.o
                0x00019290                _start
                0x00019338                exit
                0x00019338                _Exit
                0x000193fc                        __init_end__ = (__init_start__ + SIZEOF (.init))
                0x000001fc                        __init_size__ = SIZEOF (.init)
                0x000193fc                        __init_load_end__ = __init_end__
                0x00000001                        . = ASSERT (((__init_start__ == __init_end__) || ((__init_end__ - __FLASH_segment_start__) <= __FLASH_segment_size__)), error: .init is too large to fit in FLASH memory segment)
                0x000193fc                        __init_rodata_load_start__ = ALIGN (__init_end__, 0x4)

.init_rodata    0x000193fc        0x0
                0x000193fc                        __init_rodata_start__ = .
 *(.init_rodata .init_rodata.*)
                0x000193fc                        __init_rodata_end__ = (__init_rodata_start__ + SIZEOF (.init_rodata))
                0x00000000                        __init_rodata_size__ = SIZEOF (.init_rodata)
                0x000193fc                        __init_rodata_load_end__ = __init_rodata_end__
                0x00000001                        . = ASSERT (((__init_rodata_start__ == __init_rodata_end__) || ((__init_rodata_end__ - __FLASH_segment_start__) <= __FLASH_segment_size__)), error: .init_rodata is too large to fit in FLASH memory segment)
                0x000193fc                        __text_load_start__ = ALIGN (__init_rodata_end__, 0x4)

.text           0x000193fc     0x27c4
                0x000193fc                        __text_start__ = .
 *(.text .text.* .gnu.linkonce.t.* .glue_7t .glue_7 .gcc_except_table .ARM.extab* .gnu.linkonce.armextab.*)
 .glue_7        0x000193fc        0x0 linker stubs
 .glue_7t       0x000193fc        0x0 linker stubs
 .text.uart_event_handler
                0x000193fc       0x18 Output/Release/Obj/ble_app_uart_pca10040e_s112/main.o
 .text.uart_send
                0x00019414       0x30 Output/Release/Obj/ble_app_uart_pca10040e_s112/main.o
 .text.pdm_event_handler
                0x00019444       0x3c Output/Release/Obj/ble_app_uart_pca10040e_s112/main.o
 .text.startup.main
                0x00019480       0xe0 Output/Release/Obj/ble_app_uart_pca10040e_s112/main.o
                0x00019480                main
 .text.bsp_event_to_button_action_assign
                0x00019560       0x4c Output/Release/Obj/ble_app_uart_pca10040e_s112/bsp.o
                0x00019560                bsp_event_to_button_action_assign
 .text.advertising_buttons_configure
                0x000195ac       0x36 Output/Release/Obj/ble_app_uart_pca10040e_s112/bsp_btn_ble.o
 *fill*         0x000195e2        0x2 
 .text.ble_evt_handler
                0x000195e4       0x7c Output/Release/Obj/ble_app_uart_pca10040e_s112/bsp_btn_ble.o
 .text.nrf_pdm_event_clear
                0x00019660       0x18 Output/Release/Obj/ble_app_uart_pca10040e_s112/nrfx_pdm.o
 .text.PDM_IRQHandler
                0x00019678       0xfc Output/Release/Obj/ble_app_uart_pca10040e_s112/nrfx_pdm.o
                0x00019678                PDM_IRQHandler
 .text.nrfx_pdm_init
                0x00019774      0x11c Output/Release/Obj/ble_app_uart_pca10040e_s112/nrfx_pdm.o
                0x00019774                nrfx_pdm_init
 .text.nrfx_pdm_start
                0x00019890       0x78 Output/Release/Obj/ble_app_uart_pca10040e_s112/nrfx_pdm.o
                0x00019890                nrfx_pdm_start
 .text.nrfx_pdm_buffer_set
                0x00019908       0x88 Output/Release/Obj/ble_app_uart_pca10040e_s112/nrfx_pdm.o
                0x00019908                nrfx_pdm_buffer_set
 .text.errata_12
                0x00019990       0x36 Output/Release/Obj/ble_app_uart_pca10040e_s112/system_nrf52810.o
 .text.errata_16
                0x000199c6       0x2a Output/Release/Obj/ble_app_uart_pca10040e_s112/system_nrf52810.o
 .text.errata_31
                0x000199f0       0x46 Output/Release/Obj/ble_app_uart_pca10040e_s112/system_nrf52810.o
 *fill*         0x00019a36        0x2 
 .text.SystemInit
                0x00019a38      0x2a0 Output/Release/Obj/ble_app_uart_pca10040e_s112/system_nrf52810.o
                0x00019a38                SystemInit
 .text.instance_get
                0x00019cd8       0x14 Output/Release/Obj/ble_app_uart_pca10040e_s112/ble_conn_params.o
 .text.send_error_evt
                0x00019cec       0x10 Output/Release/Obj/ble_app_uart_pca10040e_s112/ble_conn_params.o
 .text.conn_params_negotiation
                0x00019cfc       0x48 Output/Release/Obj/ble_app_uart_pca10040e_s112/ble_conn_params.o
 .text.is_conn_params_ok.constprop.0
                0x00019d44       0x34 Output/Release/Obj/ble_app_uart_pca10040e_s112/ble_conn_params.o
 .text.ble_evt_handler
                0x00019d78       0xe0 Output/Release/Obj/ble_app_uart_pca10040e_s112/ble_conn_params.o
 .text.flag_toggle
                0x00019e58        0xa Output/Release/Obj/ble_app_uart_pca10040e_s112/ble_conn_state.o
 .text.conn_handle_list_get
                0x00019e62       0x2e Output/Release/Obj/ble_app_uart_pca10040e_s112/ble_conn_state.o
                0x00019e62                conn_handle_list_get
 .text.ble_evt_handler
                0x00019e90      0x110 Output/Release/Obj/ble_app_uart_pca10040e_s112/ble_conn_state.o
 .text.ble_srv_is_notification_enabled
                0x00019fa0        0x8 Output/Release/Obj/ble_app_uart_pca10040e_s112/ble_srv_common.o
                0x00019fa0                ble_srv_is_notification_enabled
 .text.clock_clk_started_notify
                0x00019fa8       0x28 Output/Release/Obj/ble_app_uart_pca10040e_s112/nrf_drv_clock.o
 .text.clock_irq_handler
                0x00019fd0       0x1c Output/Release/Obj/ble_app_uart_pca10040e_s112/nrf_drv_clock.o
 .text.soc_evt_handler
                0x00019fec       0x14 Output/Release/Obj/ble_app_uart_pca10040e_s112/nrf_drv_clock.o
 .text.nrf_drv_clock_init
                0x0001a000       0x38 Output/Release/Obj/ble_app_uart_pca10040e_s112/nrf_drv_clock.o
                0x0001a000                nrf_drv_clock_init
 .text.nrf_drv_clock_lfclk_release
                0x0001a038       0x34 Output/Release/Obj/ble_app_uart_pca10040e_s112/nrf_drv_clock.o
                0x0001a038                nrf_drv_clock_lfclk_release
 .text.sd_state_evt_handler
                0x0001a06c       0x5c Output/Release/Obj/ble_app_uart_pca10040e_s112/nrf_drv_clock.o
 .text.nrfx_clock_init
                0x0001a0c8       0x18 Output/Release/Obj/ble_app_uart_pca10040e_s112/nrfx_clock.o
                0x0001a0c8                nrfx_clock_init
 .text.nrfx_clock_enable
                0x0001a0e0       0x24 Output/Release/Obj/ble_app_uart_pca10040e_s112/nrfx_clock.o
                0x0001a0e0                nrfx_clock_enable
 .text.nrfx_clock_lfclk_stop
                0x0001a104       0x12 Output/Release/Obj/ble_app_uart_pca10040e_s112/nrfx_clock.o
                0x0001a104                nrfx_clock_lfclk_stop
 *fill*         0x0001a116        0x2 
 .text.POWER_CLOCK_IRQHandler
                0x0001a118       0x64 Output/Release/Obj/ble_app_uart_pca10040e_s112/nrfx_clock.o
                0x0001a118                POWER_CLOCK_IRQHandler
 .text.nrf_gpiote_event_clear
                0x0001a17c       0x18 Output/Release/Obj/ble_app_uart_pca10040e_s112/nrfx_gpiote.o
 .text.nrf_gpio_cfg_sense_set
                0x0001a194       0x20 Output/Release/Obj/ble_app_uart_pca10040e_s112/nrfx_gpiote.o
 .text.nrf_bitmask_bit_set
                0x0001a1b4       0x12 Output/Release/Obj/ble_app_uart_pca10040e_s112/nrfx_gpiote.o
 *fill*         0x0001a1c6        0x2 
 .text.GPIOTE_IRQHandler
                0x0001a1c8      0x180 Output/Release/Obj/ble_app_uart_pca10040e_s112/nrfx_gpiote.o
                0x0001a1c8                GPIOTE_IRQHandler
 .text.UARTE0_UART0_IRQHandler
                0x0001a348        0xc Output/Release/Obj/ble_app_uart_pca10040e_s112/nrfx_prs.o
                0x0001a348                UARTE0_UART0_IRQHandler
 .text.nrfx_prs_acquire
                0x0001a354       0x40 Output/Release/Obj/ble_app_uart_pca10040e_s112/nrfx_prs.o
                0x0001a354                nrfx_prs_acquire
 .text.nrf_uarte_event_clear
                0x0001a394       0x10 Output/Release/Obj/ble_app_uart_pca10040e_s112/nrfx_uarte.o
 .text.rx_done_event.constprop.0
                0x0001a3a4       0x20 Output/Release/Obj/ble_app_uart_pca10040e_s112/nrfx_uarte.o
 .text.nrfx_uarte_0_irq_handler
                0x0001a3c4      0x118 Output/Release/Obj/ble_app_uart_pca10040e_s112/nrfx_uarte.o
                0x0001a3c4                nrfx_uarte_0_irq_handler
 .text.nrfx_uarte_init
                0x0001a4dc      0x17c Output/Release/Obj/ble_app_uart_pca10040e_s112/nrfx_uarte.o
                0x0001a4dc                nrfx_uarte_init
 .text.nrfx_uarte_tx_in_progress
                0x0001a658       0x18 Output/Release/Obj/ble_app_uart_pca10040e_s112/nrfx_uarte.o
                0x0001a658                nrfx_uarte_tx_in_progress
 .text.nrfx_uarte_tx
                0x0001a670       0x94 Output/Release/Obj/ble_app_uart_pca10040e_s112/nrfx_uarte.o
                0x0001a670                nrfx_uarte_tx
 .text.app_error_handler_bare
                0x0001a704       0x1a Output/Release/Obj/ble_app_uart_pca10040e_s112/app_error.o
                0x0001a704                app_error_handler_bare
 *fill*         0x0001a71e        0x2 
 .text.app_error_fault_handler
                0x0001a720       0x6c Output/Release/Obj/ble_app_uart_pca10040e_s112/app_error_weak.o
                0x0001a720                app_error_fault_handler
 .text.get_now  0x0001a78c       0x38 Output/Release/Obj/ble_app_uart_pca10040e_s112/app_timer2.o
 .text.timer_req_schedule
                0x0001a7c4       0x38 Output/Release/Obj/ble_app_uart_pca10040e_s112/app_timer2.o
 .text.app_timer_start
                0x0001a7fc       0x30 Output/Release/Obj/ble_app_uart_pca10040e_s112/app_timer2.o
                0x0001a7fc                app_timer_start
 .text.app_timer_stop
                0x0001a82c        0xc Output/Release/Obj/ble_app_uart_pca10040e_s112/app_timer2.o
                0x0001a82c                app_timer_stop
 .text.app_util_critical_region_enter
                0x0001a838       0x48 Output/Release/Obj/ble_app_uart_pca10040e_s112/app_util_platform.o
                0x0001a838                app_util_critical_region_enter
 .text.app_util_critical_region_exit
                0x0001a880       0x2c Output/Release/Obj/ble_app_uart_pca10040e_s112/app_util_platform.o
                0x0001a880                app_util_critical_region_exit
 .text.drv_rtc_counter_get
                0x0001a8ac        0x8 Output/Release/Obj/ble_app_uart_pca10040e_s112/drv_rtc.o
                0x0001a8ac                drv_rtc_counter_get
 .text.drv_rtc_irq_trigger
                0x0001a8b4       0x20 Output/Release/Obj/ble_app_uart_pca10040e_s112/drv_rtc.o
                0x0001a8b4                drv_rtc_irq_trigger
 .text.RTC1_IRQHandler
                0x0001a8d4       0x14 Output/Release/Obj/ble_app_uart_pca10040e_s112/drv_rtc.o
                0x0001a8d4                RTC1_IRQHandler
 .text.nrf_atfifo_wspace_close
                0x0001a8e8       0x12 Output/Release/Obj/ble_app_uart_pca10040e_s112/nrf_atfifo.o
 .text.nrf_atfifo_item_alloc
                0x0001a8fa       0x54 Output/Release/Obj/ble_app_uart_pca10040e_s112/nrf_atfifo.o
                0x0001a8fa                nrf_atfifo_item_alloc
 .text.nrf_atfifo_item_put
                0x0001a94e       0x16 Output/Release/Obj/ble_app_uart_pca10040e_s112/nrf_atfifo.o
                0x0001a94e                nrf_atfifo_item_put
 .text.nrf_atflags_set
                0x0001a964       0x12 Output/Release/Obj/ble_app_uart_pca10040e_s112/nrf_atflags.o
                0x0001a964                nrf_atflags_set
 .text.nrf_atflags_clear
                0x0001a976       0x14 Output/Release/Obj/ble_app_uart_pca10040e_s112/nrf_atflags.o
                0x0001a976                nrf_atflags_clear
 .text.nrf_atflags_get
                0x0001a98a       0x12 Output/Release/Obj/ble_app_uart_pca10040e_s112/nrf_atflags.o
                0x0001a98a                nrf_atflags_get
 .text.nrf_atomic_u32_fetch_store
                0x0001a99c       0x16 Output/Release/Obj/ble_app_uart_pca10040e_s112/nrf_atomic.o
                0x0001a99c                nrf_atomic_u32_fetch_store
 .text.nrf_atomic_u32_or
                0x0001a9b2       0x18 Output/Release/Obj/ble_app_uart_pca10040e_s112/nrf_atomic.o
                0x0001a9b2                nrf_atomic_u32_or
 .text.nrf_atomic_u32_fetch_and
                0x0001a9ca       0x18 Output/Release/Obj/ble_app_uart_pca10040e_s112/nrf_atomic.o
                0x0001a9ca                nrf_atomic_u32_fetch_and
 .text.nrf_atomic_u32_and
                0x0001a9e2       0x18 Output/Release/Obj/ble_app_uart_pca10040e_s112/nrf_atomic.o
                0x0001a9e2                nrf_atomic_u32_and
 .text.nrf_atomic_u32_add
                0x0001a9fa       0x18 Output/Release/Obj/ble_app_uart_pca10040e_s112/nrf_atomic.o
                0x0001a9fa                nrf_atomic_u32_add
 .text.nrf_atomic_u32_sub
                0x0001aa12       0x18 Output/Release/Obj/ble_app_uart_pca10040e_s112/nrf_atomic.o
                0x0001aa12                nrf_atomic_u32_sub
 .text.nrf_atomic_flag_set
                0x0001aa2a        0x6 Output/Release/Obj/ble_app_uart_pca10040e_s112/nrf_atomic.o
                0x0001aa2a                nrf_atomic_flag_set
 .text.nrf_atomic_flag_clear_fetch
                0x0001aa30        0x6 Output/Release/Obj/ble_app_uart_pca10040e_s112/nrf_atomic.o
                0x0001aa30                nrf_atomic_flag_clear_fetch
 .text.nrf_balloc_alloc
                0x0001aa36       0x48 Output/Release/Obj/ble_app_uart_pca10040e_s112/nrf_balloc.o
                0x0001aa36                nrf_balloc_alloc
 .text.nrf_balloc_free
                0x0001aa7e       0x34 Output/Release/Obj/ble_app_uart_pca10040e_s112/nrf_balloc.o
                0x0001aa7e                nrf_balloc_free
 .text.nrf_fprintf_buffer_flush
                0x0001aab2       0x16 Output/Release/Obj/ble_app_uart_pca10040e_s112/nrf_fprintf.o
                0x0001aab2                nrf_fprintf_buffer_flush
 .text.nrf_fprintf
                0x0001aac8       0x1c Output/Release/Obj/ble_app_uart_pca10040e_s112/nrf_fprintf.o
                0x0001aac8                nrf_fprintf
 .text.buffer_add
                0x0001aae4       0x2e Output/Release/Obj/ble_app_uart_pca10040e_s112/nrf_fprintf_format.o
 *fill*         0x0001ab12        0x2 
 .text.unsigned_print
                0x0001ab14       0xb4 Output/Release/Obj/ble_app_uart_pca10040e_s112/nrf_fprintf_format.o
 .text.nrf_fprintf_fmt
                0x0001abc8      0x2b0 Output/Release/Obj/ble_app_uart_pca10040e_s112/nrf_fprintf_format.o
                0x0001abc8                nrf_fprintf_fmt
 .text.memobj_op
                0x0001ae78       0x86 Output/Release/Obj/ble_app_uart_pca10040e_s112/nrf_memobj.o
 .text.nrf_memobj_free
                0x0001aefe       0x2c Output/Release/Obj/ble_app_uart_pca10040e_s112/nrf_memobj.o
                0x0001aefe                nrf_memobj_free
 .text.nrf_memobj_alloc
                0x0001af2a       0x58 Output/Release/Obj/ble_app_uart_pca10040e_s112/nrf_memobj.o
                0x0001af2a                nrf_memobj_alloc
 .text.nrf_memobj_get
                0x0001af82        0x8 Output/Release/Obj/ble_app_uart_pca10040e_s112/nrf_memobj.o
                0x0001af82                nrf_memobj_get
 .text.nrf_memobj_put
                0x0001af8a       0x1c Output/Release/Obj/ble_app_uart_pca10040e_s112/nrf_memobj.o
                0x0001af8a                nrf_memobj_put
 .text.nrf_memobj_write
                0x0001afa6       0x14 Output/Release/Obj/ble_app_uart_pca10040e_s112/nrf_memobj.o
                0x0001afa6                nrf_memobj_write
 .text.nrf_memobj_read
                0x0001afba       0x14 Output/Release/Obj/ble_app_uart_pca10040e_s112/nrf_memobj.o
                0x0001afba                nrf_memobj_read
 .text.nrf_section_iter_init
                0x0001afce       0x10 Output/Release/Obj/ble_app_uart_pca10040e_s112/nrf_section_iter.o
                0x0001afce                nrf_section_iter_init
 .text.nrf_section_iter_next
                0x0001afde       0x18 Output/Release/Obj/ble_app_uart_pca10040e_s112/nrf_section_iter.o
                0x0001afde                nrf_section_iter_next
 *fill*         0x0001aff6        0x2 
 .text.nrf_strerror_find
                0x0001aff8       0x34 Output/Release/Obj/ble_app_uart_pca10040e_s112/nrf_strerror.o
                0x0001aff8                nrf_strerror_find
 .text.nrf_strerror_get
                0x0001b02c       0x14 Output/Release/Obj/ble_app_uart_pca10040e_s112/nrf_strerror.o
                0x0001b02c                nrf_strerror_get
 .text.nrf_log_backend_rtt_flush
                0x0001b040        0x2 Output/Release/Obj/ble_app_uart_pca10040e_s112/nrf_log_backend_rtt.o
 *fill*         0x0001b042        0x2 
 .text.nrf_log_backend_rtt_put
                0x0001b044       0x1c Output/Release/Obj/ble_app_uart_pca10040e_s112/nrf_log_backend_rtt.o
 .text.serial_tx
                0x0001b060       0x54 Output/Release/Obj/ble_app_uart_pca10040e_s112/nrf_log_backend_rtt.o
 .text.nrf_log_backend_rtt_panic_set
                0x0001b0b4        0x2 Output/Release/Obj/ble_app_uart_pca10040e_s112/nrf_log_backend_rtt.o
 .text.nrf_log_backend_serial_put
                0x0001b0b6       0xc2 Output/Release/Obj/ble_app_uart_pca10040e_s112/nrf_log_backend_serial.o
                0x0001b0b6                nrf_log_backend_serial_put
 .text.invalid_packets_omit
                0x0001b178       0x38 Output/Release/Obj/ble_app_uart_pca10040e_s112/nrf_log_frontend.o
 .text.buf_prealloc.isra.0
                0x0001b1b0      0x124 Output/Release/Obj/ble_app_uart_pca10040e_s112/nrf_log_frontend.o
 .text.nrf_log_module_name_get
                0x0001b2d4       0x38 Output/Release/Obj/ble_app_uart_pca10040e_s112/nrf_log_frontend.o
                0x0001b2d4                nrf_log_module_name_get
 .text.nrf_log_color_id_get
                0x0001b30c       0x2c Output/Release/Obj/ble_app_uart_pca10040e_s112/nrf_log_frontend.o
                0x0001b30c                nrf_log_color_id_get
 .text.buffer_is_empty
                0x0001b338       0x14 Output/Release/Obj/ble_app_uart_pca10040e_s112/nrf_log_frontend.o
                0x0001b338                buffer_is_empty
 .text.nrf_log_frontend_dequeue
                0x0001b34c      0x228 Output/Release/Obj/ble_app_uart_pca10040e_s112/nrf_log_frontend.o
                0x0001b34c                nrf_log_frontend_dequeue
 .text.std_n    0x0001b574       0x98 Output/Release/Obj/ble_app_uart_pca10040e_s112/nrf_log_frontend.o
 .text.nrf_log_frontend_std_0
                0x0001b60c        0x8 Output/Release/Obj/ble_app_uart_pca10040e_s112/nrf_log_frontend.o
                0x0001b60c                nrf_log_frontend_std_0
 .text.nrf_log_frontend_std_2
                0x0001b614       0x14 Output/Release/Obj/ble_app_uart_pca10040e_s112/nrf_log_frontend.o
                0x0001b614                nrf_log_frontend_std_2
 .text.nrf_log_panic
                0x0001b628       0x28 Output/Release/Obj/ble_app_uart_pca10040e_s112/nrf_log_frontend.o
                0x0001b628                nrf_log_panic
 .text.postfix_process
                0x0001b650       0x3c Output/Release/Obj/ble_app_uart_pca10040e_s112/nrf_log_str_formatter.o
 .text.prefix_process.constprop.0
                0x0001b68c       0x78 Output/Release/Obj/ble_app_uart_pca10040e_s112/nrf_log_str_formatter.o
 .text.nrf_log_std_entry_process
                0x0001b704       0xc8 Output/Release/Obj/ble_app_uart_pca10040e_s112/nrf_log_str_formatter.o
                0x0001b704                nrf_log_std_entry_process
 .text.nrf_log_hexdump_entry_process
                0x0001b7cc       0xac Output/Release/Obj/ble_app_uart_pca10040e_s112/nrf_log_str_formatter.o
                0x0001b7cc                nrf_log_hexdump_entry_process
 .text._GetAvailWriteSpace
                0x0001b878       0x12 Output/Release/Obj/ble_app_uart_pca10040e_s112/SEGGER_RTT.o
 .text._WriteNoCheck
                0x0001b88a       0x36 Output/Release/Obj/ble_app_uart_pca10040e_s112/SEGGER_RTT.o
 .text._WriteBlocking
                0x0001b8c0       0x54 Output/Release/Obj/ble_app_uart_pca10040e_s112/SEGGER_RTT.o
 .text.SEGGER_RTT_WriteNoLock
                0x0001b914       0x58 Output/Release/Obj/ble_app_uart_pca10040e_s112/SEGGER_RTT.o
                0x0001b914                SEGGER_RTT_WriteNoLock
 .text.nrf_sdh_is_enabled
                0x0001b96c        0xc Output/Release/Obj/ble_app_uart_pca10040e_s112/nrf_sdh.o
                0x0001b96c                nrf_sdh_is_enabled
 .text.nrf_sdh_evts_poll
                0x0001b978       0x28 Output/Release/Obj/ble_app_uart_pca10040e_s112/nrf_sdh.o
                0x0001b978                nrf_sdh_evts_poll
 .text.SWI2_IRQHandler
                0x0001b9a0        0x4 Output/Release/Obj/ble_app_uart_pca10040e_s112/nrf_sdh.o
                0x0001b9a0                SWI2_IRQHandler
 .text.sd_ble_evt_get
                0x0001b9a4        0x4 Output/Release/Obj/ble_app_uart_pca10040e_s112/nrf_sdh_ble.o
 .text.nrf_sdh_ble_evts_poll.part.0
                0x0001b9a8       0x54 Output/Release/Obj/ble_app_uart_pca10040e_s112/nrf_sdh_ble.o
 .text.nrf_sdh_ble_evts_poll
                0x0001b9fc       0x10 Output/Release/Obj/ble_app_uart_pca10040e_s112/nrf_sdh_ble.o
 .text.sd_evt_get
                0x0001ba0c        0x4 Output/Release/Obj/ble_app_uart_pca10040e_s112/nrf_sdh_soc.o
 .text.nrf_sdh_soc_evts_poll
                0x0001ba10       0x40 Output/Release/Obj/ble_app_uart_pca10040e_s112/nrf_sdh_soc.o
 .text.libc.__SEGGER_RTL_init_heap
                0x0001ba50       0x16 C:/Program Files/SEGGER/SEGGER Embedded Studio 8.24/lib/heapops_basic_v7em_t_le_eabi_balanced.a(heapops_basic.o)
                0x0001ba50                __SEGGER_RTL_init_heap
 .text.libc.strlen
                0x0001ba66       0x2a C:/Program Files/SEGGER/SEGGER Embedded Studio 8.24/lib/strops_unaligned_v7em_t_le_eabi_balanced.a(strops.o)
                0x0001ba66                strlen
 .text.libc.memcpy
                0x0001ba90       0x5c C:/Program Files/SEGGER/SEGGER Embedded Studio 8.24/lib/strops_unaligned_v7em_t_le_eabi_balanced.a(strasmops_arm.o)
                0x0001ba90                __aeabi_memcpy
                0x0001ba90                memcpy
                0x0001baae                __aeabi_memcpy8
                0x0001baae                __aeabi_memcpy4
 .text.libc.__SEGGER_RTL_ascii_mbtowc
                0x0001baec       0x32 C:/Program Files/SEGGER/SEGGER Embedded Studio 8.24/lib/mbops_timeops_v7em_t_le_eabi_balanced.a(mbops.o)
                0x0001baec                __SEGGER_RTL_ascii_mbtowc
 .text.libc.__SEGGER_RTL_ascii_wctomb
                0x0001bb1e        0xe C:/Program Files/SEGGER/SEGGER Embedded Studio 8.24/lib/mbops_timeops_v7em_t_le_eabi_balanced.a(mbops.o)
                0x0001bb1e                __SEGGER_RTL_ascii_wctomb
 .text.libc.isprint
                0x0001bb2c       0x20 C:/Program Files/SEGGER/SEGGER Embedded Studio 8.24/lib/mbops_timeops_v7em_t_le_eabi_balanced.a(mbops.o)
                0x0001bb2c                isprint
 .text.libc.__SEGGER_RTL_ascii_isctype
                0x0001bb4c       0x20 C:/Program Files/SEGGER/SEGGER Embedded Studio 8.24/lib/mbops_timeops_v7em_t_le_eabi_balanced.a(mbops.o)
 .text.libc.__SEGGER_RTL_ascii_toupper
                0x0001bb6c        0xc C:/Program Files/SEGGER/SEGGER Embedded Studio 8.24/lib/mbops_timeops_v7em_t_le_eabi_balanced.a(mbops.o)
 .text.libc.__SEGGER_RTL_ascii_tolower
                0x0001bb78        0xe C:/Program Files/SEGGER/SEGGER Embedded Studio 8.24/lib/mbops_timeops_v7em_t_le_eabi_balanced.a(mbops.o)
 .text.libc.__SEGGER_RTL_ascii_iswctype
                0x0001bb86       0x20 C:/Program Files/SEGGER/SEGGER Embedded Studio 8.24/lib/mbops_timeops_v7em_t_le_eabi_balanced.a(mbops.o)
 .text.libc.__SEGGER_RTL_ascii_towupper
                0x0001bba6        0xc C:/Program Files/SEGGER/SEGGER Embedded Studio 8.24/lib/mbops_timeops_v7em_t_le_eabi_balanced.a(mbops.o)
 .text.libc.__SEGGER_RTL_ascii_towlower
                0x0001bbb2        0xe C:/Program Files/SEGGER/SEGGER Embedded Studio 8.24/lib/mbops_timeops_v7em_t_le_eabi_balanced.a(mbops.o)
                0x0001bbc0                        __text_end__ = (__text_start__ + SIZEOF (.text))
                0x000027c4                        __text_size__ = SIZEOF (.text)
                0x0001bbc0                        __text_load_end__ = __text_end__

.vfp11_veneer   0x00000000        0x0
 .vfp11_veneer  0x00000000        0x0 linker stubs

.v4_bx          0x00000000        0x0
 .v4_bx         0x00000000        0x0 linker stubs

.iplt           0x00000000        0x0
 .iplt          0x00000000        0x0 Output/Release/Obj/ble_app_uart_pca10040e_s112/main.o
                0x00000001                        . = ASSERT (((__text_start__ == __text_end__) || ((__text_end__ - __FLASH_segment_start__) <= __FLASH_segment_size__)), error: .text is too large to fit in FLASH memory segment)
                0x0001bbc0                        __sdh_soc_observers_load_start__ = ALIGN (__text_end__, 0x4)

.sdh_soc_observers
                0x0001bbc0        0x8
                0x0001bbc0                        __sdh_soc_observers_start__ = .
                0x0001bbc0                        __start_sdh_soc_observers = __sdh_soc_observers_start__
 *(SORT_BY_NAME(.sdh_soc_observers*))
 .sdh_soc_observers0
                0x0001bbc0        0x8 Output/Release/Obj/ble_app_uart_pca10040e_s112/nrf_drv_clock.o
                0x0001bbc8                        __sdh_soc_observers_end__ = (__sdh_soc_observers_start__ + SIZEOF (.sdh_soc_observers))
                0x00000008                        __sdh_soc_observers_size__ = SIZEOF (.sdh_soc_observers)
                0x0001bbc8                        __stop_sdh_soc_observers = __sdh_soc_observers_end__
                0x0001bbc8                        __sdh_soc_observers_load_end__ = __sdh_soc_observers_end__
                0x00000001                        . = ASSERT (((__sdh_soc_observers_start__ == __sdh_soc_observers_end__) || ((__sdh_soc_observers_end__ - __FLASH_segment_start__) <= __FLASH_segment_size__)), error: .sdh_soc_observers is too large to fit in FLASH memory segment)
                0x0001bbc8                        __sdh_ble_observers_load_start__ = ALIGN (__sdh_soc_observers_end__, 0x4)

.sdh_ble_observers
                0x0001bbc8       0x18
                0x0001bbc8                        __sdh_ble_observers_start__ = .
                0x0001bbc8                        __start_sdh_ble_observers = __sdh_ble_observers_start__
 *(SORT_BY_NAME(.sdh_ble_observers*))
 .sdh_ble_observers0
                0x0001bbc8        0x8 Output/Release/Obj/ble_app_uart_pca10040e_s112/ble_conn_state.o
 .sdh_ble_observers1
                0x0001bbd0        0x8 Output/Release/Obj/ble_app_uart_pca10040e_s112/bsp_btn_ble.o
 .sdh_ble_observers1
                0x0001bbd8        0x8 Output/Release/Obj/ble_app_uart_pca10040e_s112/ble_conn_params.o
                0x0001bbe0                        __sdh_ble_observers_end__ = (__sdh_ble_observers_start__ + SIZEOF (.sdh_ble_observers))
                0x00000018                        __sdh_ble_observers_size__ = SIZEOF (.sdh_ble_observers)
                0x0001bbe0                        __stop_sdh_ble_observers = __sdh_ble_observers_end__
                0x0001bbe0                        __sdh_ble_observers_load_end__ = __sdh_ble_observers_end__
                0x00000001                        . = ASSERT (((__sdh_ble_observers_start__ == __sdh_ble_observers_end__) || ((__sdh_ble_observers_end__ - __FLASH_segment_start__) <= __FLASH_segment_size__)), error: .sdh_ble_observers is too large to fit in FLASH memory segment)
                0x0001bbe0                        __pwr_mgmt_data_load_start__ = ALIGN (__sdh_ble_observers_end__, 0x4)

.pwr_mgmt_data  0x0001bbe0        0x0
                0x0001bbe0                        __pwr_mgmt_data_start__ = .
                0x0001bbe0                        __start_pwr_mgmt_data = __pwr_mgmt_data_start__
 *(SORT_BY_NAME(.pwr_mgmt_data*))
                0x0001bbe0                        __pwr_mgmt_data_end__ = (__pwr_mgmt_data_start__ + SIZEOF (.pwr_mgmt_data))
                0x00000000                        __pwr_mgmt_data_size__ = SIZEOF (.pwr_mgmt_data)
                0x0001bbe0                        __stop_pwr_mgmt_data = __pwr_mgmt_data_end__
                0x0001bbe0                        __pwr_mgmt_data_load_end__ = __pwr_mgmt_data_end__
                0x00000001                        . = ASSERT (((__pwr_mgmt_data_start__ == __pwr_mgmt_data_end__) || ((__pwr_mgmt_data_end__ - __FLASH_segment_start__) <= __FLASH_segment_size__)), error: .pwr_mgmt_data is too large to fit in FLASH memory segment)
                0x0001bbe0                        __sdh_state_observers_load_start__ = ALIGN (__pwr_mgmt_data_end__, 0x4)

.sdh_state_observers
                0x0001bbe0        0x8
                0x0001bbe0                        __sdh_state_observers_start__ = .
                0x0001bbe0                        __start_sdh_state_observers = __sdh_state_observers_start__
 *(SORT_BY_NAME(.sdh_state_observers*))
 .sdh_state_observers0
                0x0001bbe0        0x8 Output/Release/Obj/ble_app_uart_pca10040e_s112/nrf_drv_clock.o
                0x0001bbe8                        __sdh_state_observers_end__ = (__sdh_state_observers_start__ + SIZEOF (.sdh_state_observers))
                0x00000008                        __sdh_state_observers_size__ = SIZEOF (.sdh_state_observers)
                0x0001bbe8                        __stop_sdh_state_observers = __sdh_state_observers_end__
                0x0001bbe8                        __sdh_state_observers_load_end__ = __sdh_state_observers_end__
                0x00000001                        . = ASSERT (((__sdh_state_observers_start__ == __sdh_state_observers_end__) || ((__sdh_state_observers_end__ - __FLASH_segment_start__) <= __FLASH_segment_size__)), error: .sdh_state_observers is too large to fit in FLASH memory segment)
                0x0001bbe8                        __sdh_stack_observers_load_start__ = ALIGN (__sdh_state_observers_end__, 0x4)

.sdh_stack_observers
                0x0001bbe8       0x10
                0x0001bbe8                        __sdh_stack_observers_start__ = .
                0x0001bbe8                        __start_sdh_stack_observers = __sdh_stack_observers_start__
 *(SORT_BY_NAME(.sdh_stack_observers*))
 .sdh_stack_observers0
                0x0001bbe8        0x8 Output/Release/Obj/ble_app_uart_pca10040e_s112/nrf_sdh_ble.o
 .sdh_stack_observers0
                0x0001bbf0        0x8 Output/Release/Obj/ble_app_uart_pca10040e_s112/nrf_sdh_soc.o
                0x0001bbf8                        __sdh_stack_observers_end__ = (__sdh_stack_observers_start__ + SIZEOF (.sdh_stack_observers))
                0x00000010                        __sdh_stack_observers_size__ = SIZEOF (.sdh_stack_observers)
                0x0001bbf8                        __stop_sdh_stack_observers = __sdh_stack_observers_end__
                0x0001bbf8                        __sdh_stack_observers_load_end__ = __sdh_stack_observers_end__
                0x00000001                        . = ASSERT (((__sdh_stack_observers_start__ == __sdh_stack_observers_end__) || ((__sdh_stack_observers_end__ - __FLASH_segment_start__) <= __FLASH_segment_size__)), error: .sdh_stack_observers is too large to fit in FLASH memory segment)
                0x0001bbf8                        __sdh_req_observers_load_start__ = ALIGN (__sdh_stack_observers_end__, 0x4)

.sdh_req_observers
                0x0001bbf8        0x0
                0x0001bbf8                        __sdh_req_observers_start__ = .
                0x0001bbf8                        __start_sdh_req_observers = __sdh_req_observers_start__
 *(SORT_BY_NAME(.sdh_req_observers*))
                0x0001bbf8                        __sdh_req_observers_end__ = (__sdh_req_observers_start__ + SIZEOF (.sdh_req_observers))
                0x00000000                        __sdh_req_observers_size__ = SIZEOF (.sdh_req_observers)
                0x0001bbf8                        __stop_sdh_req_observers = __sdh_req_observers_end__
                0x0001bbf8                        __sdh_req_observers_load_end__ = __sdh_req_observers_end__
                0x00000001                        . = ASSERT (((__sdh_req_observers_start__ == __sdh_req_observers_end__) || ((__sdh_req_observers_end__ - __FLASH_segment_start__) <= __FLASH_segment_size__)), error: .sdh_req_observers is too large to fit in FLASH memory segment)
                0x0001bbf8                        __nrf_queue_load_start__ = ALIGN (__sdh_req_observers_end__, 0x4)

.nrf_queue      0x0001bbf8        0x0
                0x0001bbf8                        __nrf_queue_start__ = .
                0x0001bbf8                        __start_nrf_queue = __nrf_queue_start__
 *(.nrf_queue*)
                0x0001bbf8                        __nrf_queue_end__ = (__nrf_queue_start__ + SIZEOF (.nrf_queue))
                0x00000000                        __nrf_queue_size__ = SIZEOF (.nrf_queue)
                0x0001bbf8                        __stop_nrf_queue = __nrf_queue_end__
                0x0001bbf8                        __nrf_queue_load_end__ = __nrf_queue_end__
                0x00000001                        . = ASSERT (((__nrf_queue_start__ == __nrf_queue_end__) || ((__nrf_queue_end__ - __FLASH_segment_start__) <= __FLASH_segment_size__)), error: .nrf_queue is too large to fit in FLASH memory segment)
                0x0001bbf8                        __nrf_balloc_load_start__ = ALIGN (__nrf_queue_end__, 0x4)

.nrf_balloc     0x0001bbf8       0x14
                0x0001bbf8                        __nrf_balloc_start__ = .
                0x0001bbf8                        __start_nrf_balloc = __nrf_balloc_start__
 *(.nrf_balloc*)
 .nrf_balloc    0x0001bbf8       0x14 Output/Release/Obj/ble_app_uart_pca10040e_s112/nrf_log_frontend.o
                0x0001bbf8                log_mempool
                0x0001bc0c                        __nrf_balloc_end__ = (__nrf_balloc_start__ + SIZEOF (.nrf_balloc))
                0x00000014                        __nrf_balloc_size__ = SIZEOF (.nrf_balloc)
                0x0001bc0c                        __stop_nrf_balloc = __nrf_balloc_end__
                0x0001bc0c                        __nrf_balloc_load_end__ = __nrf_balloc_end__
                0x00000001                        . = ASSERT (((__nrf_balloc_start__ == __nrf_balloc_end__) || ((__nrf_balloc_end__ - __FLASH_segment_start__) <= __FLASH_segment_size__)), error: .nrf_balloc is too large to fit in FLASH memory segment)
                0x0001bc0c                        __cli_command_load_start__ = ALIGN (__nrf_balloc_end__, 0x4)

.cli_command    0x0001bc0c        0x0
                0x0001bc0c                        __cli_command_start__ = .
                0x0001bc0c                        __start_cli_command = __cli_command_start__
 *(.cli_command*)
                0x0001bc0c                        __cli_command_end__ = (__cli_command_start__ + SIZEOF (.cli_command))
                0x00000000                        __cli_command_size__ = SIZEOF (.cli_command)
                0x0001bc0c                        __stop_cli_command = __cli_command_end__
                0x0001bc0c                        __cli_command_load_end__ = __cli_command_end__
                0x00000001                        . = ASSERT (((__cli_command_start__ == __cli_command_end__) || ((__cli_command_end__ - __FLASH_segment_start__) <= __FLASH_segment_size__)), error: .cli_command is too large to fit in FLASH memory segment)
                0x0001bc0c                        __crypto_data_load_start__ = ALIGN (__cli_command_end__, 0x4)

.crypto_data    0x0001bc0c        0x0
                0x0001bc0c                        __crypto_data_start__ = .
                0x0001bc0c                        __start_crypto_data = __crypto_data_start__
 *(SORT_BY_NAME(.crypto_data*))
                0x0001bc0c                        __crypto_data_end__ = (__crypto_data_start__ + SIZEOF (.crypto_data))
                0x00000000                        __crypto_data_size__ = SIZEOF (.crypto_data)
                0x0001bc0c                        __stop_crypto_data = __crypto_data_end__
                0x0001bc0c                        __crypto_data_load_end__ = __crypto_data_end__
                0x00000001                        . = ASSERT (((__crypto_data_start__ == __crypto_data_end__) || ((__crypto_data_end__ - __FLASH_segment_start__) <= __FLASH_segment_size__)), error: .crypto_data is too large to fit in FLASH memory segment)
                0x0001bc0c                        __log_const_data_load_start__ = ALIGN (__crypto_data_end__, 0x4)

.log_const_data
                0x0001bc0c       0x88
                0x0001bc0c                        __log_const_data_start__ = .
                0x0001bc0c                        __start_log_const_data = __log_const_data_start__
 *(SORT_BY_NAME(.log_const_data*))
 .log_const_data_CLOCK
                0x0001bc0c        0x8 Output/Release/Obj/ble_app_uart_pca10040e_s112/nrfx_clock.o
                0x0001bc0c                m_nrf_log_CLOCK_logs_data_const
 .log_const_data_GPIOTE
                0x0001bc14        0x8 Output/Release/Obj/ble_app_uart_pca10040e_s112/nrfx_gpiote.o
                0x0001bc14                m_nrf_log_GPIOTE_logs_data_const
 .log_const_data_PDM
                0x0001bc1c        0x8 Output/Release/Obj/ble_app_uart_pca10040e_s112/nrfx_pdm.o
                0x0001bc1c                m_nrf_log_PDM_logs_data_const
 .log_const_data_PRS
                0x0001bc24        0x8 Output/Release/Obj/ble_app_uart_pca10040e_s112/nrfx_prs.o
                0x0001bc24                m_nrf_log_PRS_logs_data_const
 .log_const_data_UART
                0x0001bc2c        0x8 Output/Release/Obj/ble_app_uart_pca10040e_s112/nrfx_uart.o
                0x0001bc2c                m_nrf_log_UART_logs_data_const
 .log_const_data_UARTE
                0x0001bc34        0x8 Output/Release/Obj/ble_app_uart_pca10040e_s112/nrfx_uarte.o
                0x0001bc34                m_nrf_log_UARTE_logs_data_const
 .log_const_data_app
                0x0001bc3c        0x8 Output/Release/Obj/ble_app_uart_pca10040e_s112/nrf_log_frontend.o
                0x0001bc3c                m_nrf_log_app_logs_data_const
 .log_const_data_app_button
                0x0001bc44        0x8 Output/Release/Obj/ble_app_uart_pca10040e_s112/app_button.o
                0x0001bc44                m_nrf_log_app_button_logs_data_const
 .log_const_data_app_timer
                0x0001bc4c        0x8 Output/Release/Obj/ble_app_uart_pca10040e_s112/app_timer2.o
                0x0001bc4c                m_nrf_log_app_timer_logs_data_const
 .log_const_data_ble_nus
                0x0001bc54        0x8 Output/Release/Obj/ble_app_uart_pca10040e_s112/ble_nus.o
                0x0001bc54                m_nrf_log_ble_nus_logs_data_const
 .log_const_data_clock
                0x0001bc5c        0x8 Output/Release/Obj/ble_app_uart_pca10040e_s112/nrf_drv_clock.o
                0x0001bc5c                m_nrf_log_clock_logs_data_const
 .log_const_data_nrf_ble_gatt
                0x0001bc64        0x8 Output/Release/Obj/ble_app_uart_pca10040e_s112/nrf_ble_gatt.o
                0x0001bc64                m_nrf_log_nrf_ble_gatt_logs_data_const
 .log_const_data_nrf_sdh
                0x0001bc6c        0x8 Output/Release/Obj/ble_app_uart_pca10040e_s112/nrf_sdh.o
                0x0001bc6c                m_nrf_log_nrf_sdh_logs_data_const
 .log_const_data_nrf_sdh_ble
                0x0001bc74        0x8 Output/Release/Obj/ble_app_uart_pca10040e_s112/nrf_sdh_ble.o
                0x0001bc74                m_nrf_log_nrf_sdh_ble_logs_data_const
 .log_const_data_nrf_sdh_soc
                0x0001bc7c        0x8 Output/Release/Obj/ble_app_uart_pca10040e_s112/nrf_sdh_soc.o
                0x0001bc7c                m_nrf_log_nrf_sdh_soc_logs_data_const
 .log_const_data_pwr_mgmt
                0x0001bc84        0x8 Output/Release/Obj/ble_app_uart_pca10040e_s112/nrf_pwr_mgmt.o
                0x0001bc84                m_nrf_log_pwr_mgmt_logs_data_const
 .log_const_data_sortlist
                0x0001bc8c        0x8 Output/Release/Obj/ble_app_uart_pca10040e_s112/nrf_sortlist.o
                0x0001bc8c                m_nrf_log_sortlist_logs_data_const
                0x0001bc94                        __log_const_data_end__ = (__log_const_data_start__ + SIZEOF (.log_const_data))
                0x00000088                        __log_const_data_size__ = SIZEOF (.log_const_data)
                0x0001bc94                        __stop_log_const_data = __log_const_data_end__
                0x0001bc94                        __log_const_data_load_end__ = __log_const_data_end__
                0x00000001                        . = ASSERT (((__log_const_data_start__ == __log_const_data_end__) || ((__log_const_data_end__ - __FLASH_segment_start__) <= __FLASH_segment_size__)), error: .log_const_data is too large to fit in FLASH memory segment)
                0x0001bc94                        __log_backends_load_start__ = ALIGN (__log_const_data_end__, 0x4)

.log_backends   0x0001bc94       0x10
                0x0001bc94                        __log_backends_start__ = .
                0x0001bc94                        __start_log_backends = __log_backends_start__
 *(SORT_BY_NAME(.log_backends*))
 .log_backends  0x0001bc94       0x10 Output/Release/Obj/ble_app_uart_pca10040e_s112/nrf_log_default_backends.o
                0x0001bca4                        __log_backends_end__ = (__log_backends_start__ + SIZEOF (.log_backends))
                0x00000010                        __log_backends_size__ = SIZEOF (.log_backends)
                0x0001bca4                        __stop_log_backends = __log_backends_end__
                0x0001bca4                        __log_backends_load_end__ = __log_backends_end__
                0x00000001                        . = ASSERT (((__log_backends_start__ == __log_backends_end__) || ((__log_backends_end__ - __FLASH_segment_start__) <= __FLASH_segment_size__)), error: .log_backends is too large to fit in FLASH memory segment)
                0x0001bca4                        __nrf_sections_load_start__ = ALIGN (__log_backends_end__, 0x4)

.nrf_sections   0x0001bca4        0x0
                0x0001bca4                        __nrf_sections_start__ = .
                0x0001bca4                        __start_nrf_sections = __nrf_sections_start__
 *(.nrf_sections .nrf_sections.*)
                0x0001bca4                        __nrf_sections_end__ = (__nrf_sections_start__ + SIZEOF (.nrf_sections))
                0x00000000                        __nrf_sections_size__ = SIZEOF (.nrf_sections)
                0x0001bca4                        __nrf_sections_load_end__ = __nrf_sections_end__
                0x00000001                        . = ASSERT (((__nrf_sections_start__ == __nrf_sections_end__) || ((__nrf_sections_end__ - __FLASH_segment_start__) <= __FLASH_segment_size__)), error: .nrf_sections is too large to fit in FLASH memory segment)
                0x0001bca4                        __cli_sorted_cmd_ptrs_load_start__ = ALIGN (__nrf_sections_end__, 0x4)

.cli_sorted_cmd_ptrs
                0x200022c8        0x0 load address 0x0001bca4
                0x200022c8                        __cli_sorted_cmd_ptrs_start__ = .
 *(.cli_sorted_cmd_ptrs*)
                0x200022c8                        __cli_sorted_cmd_ptrs_end__ = (__cli_sorted_cmd_ptrs_start__ + SIZEOF (.cli_sorted_cmd_ptrs))
                0x00000000                        __cli_sorted_cmd_ptrs_size__ = SIZEOF (.cli_sorted_cmd_ptrs)
                0x0001bca4                        __cli_sorted_cmd_ptrs_load_end__ = (__cli_sorted_cmd_ptrs_load_start__ + SIZEOF (.cli_sorted_cmd_ptrs))
                0x00000001                        . = ASSERT (((__cli_sorted_cmd_ptrs_load_start__ == __cli_sorted_cmd_ptrs_load_end__) || ((__cli_sorted_cmd_ptrs_load_end__ - __FLASH_segment_start__) <= __FLASH_segment_size__)), error: .cli_sorted_cmd_ptrs is too large to fit in FLASH memory segment)

.cli_sorted_cmd_ptrs_run
                0x200022c8        0x0
                0x200022c8                        __cli_sorted_cmd_ptrs_run_start__ = .
                0x200022c8                        __start_cli_sorted_cmd_ptrs = __cli_sorted_cmd_ptrs_run_start__
                0x200022c8                        __cli_sorted_cmd_ptrs_run_end__ = (__cli_sorted_cmd_ptrs_run_start__ + SIZEOF (.cli_sorted_cmd_ptrs))
                0x00000000                        __cli_sorted_cmd_ptrs_run_size__ = (__cli_sorted_cmd_ptrs_run_end__ - __cli_sorted_cmd_ptrs_run_start__)
                0x200022c8                        __stop_cli_sorted_cmd_ptrs = __cli_sorted_cmd_ptrs_run_end__
                0x200022c8                        __cli_sorted_cmd_ptrs_run_load_end__ = __cli_sorted_cmd_ptrs_run_end__
                0x00000001                        . = ASSERT (((__cli_sorted_cmd_ptrs_run_start__ == __cli_sorted_cmd_ptrs_run_end__) || ((__cli_sorted_cmd_ptrs_run_end__ - __RAM_segment_start__) <= __RAM_segment_size__)), error: .cli_sorted_cmd_ptrs_run is too large to fit in RAM memory segment)
                0x0001bca4                        __fs_data_load_start__ = ALIGN ((__cli_sorted_cmd_ptrs_load_start__ + SIZEOF (.cli_sorted_cmd_ptrs)), 0x4)

.fs_data        0x200022c8        0x0 load address 0x0001bca4
                0x200022c8                        __fs_data_start__ = .
 *(.fs_data*)
                0x200022c8                        __fs_data_end__ = (__fs_data_start__ + SIZEOF (.fs_data))
                0x00000000                        __fs_data_size__ = SIZEOF (.fs_data)
                0x0001bca4                        __fs_data_load_end__ = (__fs_data_load_start__ + SIZEOF (.fs_data))
                0x00000001                        . = ASSERT (((__fs_data_load_start__ == __fs_data_load_end__) || ((__fs_data_load_end__ - __FLASH_segment_start__) <= __FLASH_segment_size__)), error: .fs_data is too large to fit in FLASH memory segment)

.fs_data_run    0x200022c8        0x0
                0x200022c8                        __fs_data_run_start__ = .
                0x200022c8                        __start_fs_data = __fs_data_run_start__
                0x200022c8                        __fs_data_run_end__ = (__fs_data_run_start__ + SIZEOF (.fs_data))
                0x00000000                        __fs_data_run_size__ = (__fs_data_run_end__ - __fs_data_run_start__)
                0x200022c8                        __stop_fs_data = __fs_data_run_end__
                0x200022c8                        __fs_data_run_load_end__ = __fs_data_run_end__
                0x00000001                        . = ASSERT (((__fs_data_run_start__ == __fs_data_run_end__) || ((__fs_data_run_end__ - __RAM_segment_start__) <= __RAM_segment_size__)), error: .fs_data_run is too large to fit in RAM memory segment)
                0x0001bca4                        __log_dynamic_data_load_start__ = ALIGN ((__fs_data_load_start__ + SIZEOF (.fs_data)), 0x4)

.log_dynamic_data
                0x200022c8        0x0 load address 0x0001bca4
                0x200022c8                        __log_dynamic_data_start__ = .
 *(SORT_BY_NAME(.log_dynamic_data*))
                0x200022c8                        __log_dynamic_data_end__ = (__log_dynamic_data_start__ + SIZEOF (.log_dynamic_data))
                0x00000000                        __log_dynamic_data_size__ = SIZEOF (.log_dynamic_data)
                0x0001bca4                        __log_dynamic_data_load_end__ = (__log_dynamic_data_load_start__ + SIZEOF (.log_dynamic_data))
                0x00000001                        . = ASSERT (((__log_dynamic_data_load_start__ == __log_dynamic_data_load_end__) || ((__log_dynamic_data_load_end__ - __FLASH_segment_start__) <= __FLASH_segment_size__)), error: .log_dynamic_data is too large to fit in FLASH memory segment)

.log_dynamic_data_run
                0x200022c8        0x0
                0x200022c8                        __log_dynamic_data_run_start__ = .
                0x200022c8                        __start_log_dynamic_data = __log_dynamic_data_run_start__
                0x200022c8                        __log_dynamic_data_run_end__ = (__log_dynamic_data_run_start__ + SIZEOF (.log_dynamic_data))
                0x00000000                        __log_dynamic_data_run_size__ = (__log_dynamic_data_run_end__ - __log_dynamic_data_run_start__)
                0x200022c8                        __stop_log_dynamic_data = __log_dynamic_data_run_end__
                0x200022c8                        __log_dynamic_data_run_load_end__ = __log_dynamic_data_run_end__
                0x00000001                        . = ASSERT (((__log_dynamic_data_run_start__ == __log_dynamic_data_run_end__) || ((__log_dynamic_data_run_end__ - __RAM_segment_start__) <= __RAM_segment_size__)), error: .log_dynamic_data_run is too large to fit in RAM memory segment)
                0x0001bca4                        __log_filter_data_load_start__ = ALIGN ((__log_dynamic_data_load_start__ + SIZEOF (.log_dynamic_data)), 0x4)

.log_filter_data
                0x200022c8        0x0 load address 0x0001bca4
                0x200022c8                        __log_filter_data_start__ = .
 *(SORT_BY_NAME(.log_filter_data*))
                0x200022c8                        __log_filter_data_end__ = (__log_filter_data_start__ + SIZEOF (.log_filter_data))
                0x00000000                        __log_filter_data_size__ = SIZEOF (.log_filter_data)
                0x0001bca4                        __log_filter_data_load_end__ = (__log_filter_data_load_start__ + SIZEOF (.log_filter_data))
                0x00000001                        . = ASSERT (((__log_filter_data_load_start__ == __log_filter_data_load_end__) || ((__log_filter_data_load_end__ - __FLASH_segment_start__) <= __FLASH_segment_size__)), error: .log_filter_data is too large to fit in FLASH memory segment)

.log_filter_data_run
                0x200022c8        0x0
                0x200022c8                        __log_filter_data_run_start__ = .
                0x200022c8                        __start_log_filter_data = __log_filter_data_run_start__
                0x200022c8                        __log_filter_data_run_end__ = (__log_filter_data_run_start__ + SIZEOF (.log_filter_data))
                0x00000000                        __log_filter_data_run_size__ = (__log_filter_data_run_end__ - __log_filter_data_run_start__)
                0x200022c8                        __stop_log_filter_data = __log_filter_data_run_end__
                0x200022c8                        __log_filter_data_run_load_end__ = __log_filter_data_run_end__
                0x00000001                        . = ASSERT (((__log_filter_data_run_start__ == __log_filter_data_run_end__) || ((__log_filter_data_run_end__ - __RAM_segment_start__) <= __RAM_segment_size__)), error: .log_filter_data_run is too large to fit in RAM memory segment)
                0x200022c8                        __nrf_sections_run_end_load_start__ = ALIGN (__log_filter_data_run_end__, 0x4)

.nrf_sections_run_end
                0x200022c8        0x0
                0x200022c8                        __nrf_sections_run_end_start__ = .
                0x200022c8                        __end_nrf_sections_run = __nrf_sections_run_end_start__
 *(.nrf_sections_run_end .nrf_sections_run_end.*)
                0x200022c8                        __nrf_sections_run_end_end__ = (__nrf_sections_run_end_start__ + SIZEOF (.nrf_sections_run_end))
                0x00000000                        __nrf_sections_run_end_size__ = SIZEOF (.nrf_sections_run_end)
                0x200022c8                        __nrf_sections_run_end_load_end__ = __nrf_sections_run_end_end__
                0x00000001                        . = ASSERT (((__nrf_sections_run_end_start__ == __nrf_sections_run_end_end__) || ((__nrf_sections_run_end_end__ - __RAM_segment_start__) <= __RAM_segment_size__)), error: .nrf_sections_run_end is too large to fit in RAM memory segment)
                0x0001bca4                        __dtors_load_start__ = ALIGN ((__log_filter_data_load_start__ + SIZEOF (.log_filter_data)), 0x4)

.dtors          0x0001bca4        0x0
                0x0001bca4                        __dtors_start__ = .
 *(SORT_BY_NAME(.dtors.*))
 *(.dtors)
 *(.fini_array)
 *(SORT_BY_NAME(.fini_array.*))
                0x0001bca4                        __dtors_end__ = (__dtors_start__ + SIZEOF (.dtors))
                0x00000000                        __dtors_size__ = SIZEOF (.dtors)
                0x0001bca4                        __dtors_load_end__ = __dtors_end__
                0x00000001                        . = ASSERT (((__dtors_start__ == __dtors_end__) || ((__dtors_end__ - __FLASH_segment_start__) <= __FLASH_segment_size__)), error: .dtors is too large to fit in FLASH memory segment)
                0x0001bca4                        __ctors_load_start__ = ALIGN (__dtors_end__, 0x4)

.ctors          0x0001bca4        0x0
                0x0001bca4                        __ctors_start__ = .
 *(SORT_BY_NAME(.ctors.*))
 *(.ctors)
 *(.init_array)
 *(SORT_BY_NAME(.init_array.*))
                0x0001bca4                        __ctors_end__ = (__ctors_start__ + SIZEOF (.ctors))
                0x00000000                        __ctors_size__ = SIZEOF (.ctors)
                0x0001bca4                        __ctors_load_end__ = __ctors_end__
                0x00000001                        . = ASSERT (((__ctors_start__ == __ctors_end__) || ((__ctors_end__ - __FLASH_segment_start__) <= __FLASH_segment_size__)), error: .ctors is too large to fit in FLASH memory segment)
                0x0001bca4                        __rodata_load_start__ = ALIGN (__ctors_end__, 0x4)

.rodata         0x0001bca4      0x96d
                0x0001bca4                        __rodata_start__ = .
 *(.rodata .rodata.* .gnu.linkonce.r.* .data.rel.ro .data.rel.ro.*)
 .rodata.main.str1.1
                0x0001bca4      0x54a Output/Release/Obj/ble_app_uart_pca10040e_s112/main.o
                                 0x26 (size before relaxing)
 *fill*         0x0001c1ee        0x2 
 .rodata.delay_machine_code.0
                0x0001c1f0        0x6 Output/Release/Obj/ble_app_uart_pca10040e_s112/main.o
 *fill*         0x0001c1f6        0x2 
 .rodata.m_uart
                0x0001c1f8        0x8 Output/Release/Obj/ble_app_uart_pca10040e_s112/main.o
 .rodata        0x0001c200        0xc Output/Release/Obj/ble_app_uart_pca10040e_s112/main.o
 .rodata.nrfx_pdm_init.str1.1
                0x0001c20c       0x1e Output/Release/Obj/ble_app_uart_pca10040e_s112/nrfx_pdm.o
 .rodata.__func__.1
                0x0001c20c        0xf Output/Release/Obj/ble_app_uart_pca10040e_s112/nrfx_pdm.o
 .rodata.__func__.2
                0x0001c21b        0xe Output/Release/Obj/ble_app_uart_pca10040e_s112/nrfx_pdm.o
 .rodata.str1.1
                0x0001c229        0x4 Output/Release/Obj/ble_app_uart_pca10040e_s112/nrfx_pdm.o
 .rodata.str1.1
                0x0001c229        0xd Output/Release/Obj/ble_app_uart_pca10040e_s112/nrf_ble_gatt.o
 .rodata.str1.1
                0x0001c229        0x8 Output/Release/Obj/ble_app_uart_pca10040e_s112/ble_nus.o
 .rodata.str1.1
                0x0001c229        0x6 Output/Release/Obj/ble_app_uart_pca10040e_s112/nrf_drv_clock.o
 .rodata.str1.1
                0x0001c229        0x6 Output/Release/Obj/ble_app_uart_pca10040e_s112/nrfx_clock.o
 .rodata.str1.1
                0x0001c229        0x7 Output/Release/Obj/ble_app_uart_pca10040e_s112/nrfx_gpiote.o
 .rodata.str1.1
                0x0001c229        0x4 Output/Release/Obj/ble_app_uart_pca10040e_s112/nrfx_prs.o
 .rodata.str1.1
                0x0001c229        0x5 Output/Release/Obj/ble_app_uart_pca10040e_s112/nrfx_uart.o
 .rodata.str1.1
                0x0001c229        0x6 Output/Release/Obj/ble_app_uart_pca10040e_s112/nrfx_uarte.o
 .rodata.str1.1
                0x0001c229        0xb Output/Release/Obj/ble_app_uart_pca10040e_s112/app_button.o
 .rodata.app_error_fault_handler.str1.1
                0x0001c229       0x19 Output/Release/Obj/ble_app_uart_pca10040e_s112/app_error_weak.o
 .rodata.str1.1
                0x0001c229        0xa Output/Release/Obj/ble_app_uart_pca10040e_s112/app_timer2.o
 .rodata._aV2C.0
                0x0001c229       0x10 Output/Release/Obj/ble_app_uart_pca10040e_s112/nrf_fprintf_format.o
 .rodata.str1.1
                0x0001c239        0x9 Output/Release/Obj/ble_app_uart_pca10040e_s112/nrf_pwr_mgmt.o
 .rodata.str1.1
                0x0001c239        0x9 Output/Release/Obj/ble_app_uart_pca10040e_s112/nrf_sortlist.o
 .rodata.str1.1
                0x0001c239      0x3ba Output/Release/Obj/ble_app_uart_pca10040e_s112/nrf_strerror.o
 *fill*         0x0001c239        0x3 
 .rodata.nrf_strerror_array
                0x0001c23c      0x128 Output/Release/Obj/ble_app_uart_pca10040e_s112/nrf_strerror.o
 .rodata.m_unknown_str
                0x0001c364       0x13 Output/Release/Obj/ble_app_uart_pca10040e_s112/nrf_strerror.o
 *fill*         0x0001c377        0x9 
 .rodata.delay_machine_code.0
                0x0001c380        0x6 Output/Release/Obj/ble_app_uart_pca10040e_s112/nrf_log_backend_rtt.o
 *fill*         0x0001c386        0x2 
 .rodata.nrf_log_backend_rtt_api
                0x0001c388        0xc Output/Release/Obj/ble_app_uart_pca10040e_s112/nrf_log_backend_rtt.o
                0x0001c388                nrf_log_backend_rtt_api
 .rodata.str1.1
                0x0001c394       0x10 Output/Release/Obj/ble_app_uart_pca10040e_s112/nrf_log_default_backends.o
 .rodata.nrf_log_frontend_dequeue.str1.1
                0x0001c394       0x11 Output/Release/Obj/ble_app_uart_pca10040e_s112/nrf_log_frontend.o
 .rodata.str1.1
                0x0001c394        0x4 Output/Release/Obj/ble_app_uart_pca10040e_s112/nrf_log_frontend.o
 .rodata.postfix_process.str1.1
                0x0001c394        0xb Output/Release/Obj/ble_app_uart_pca10040e_s112/nrf_log_str_formatter.o
 .rodata.prefix_process.constprop.0.str1.1
                0x0001c394       0x2a Output/Release/Obj/ble_app_uart_pca10040e_s112/nrf_log_str_formatter.o
 .rodata.nrf_log_hexdump_entry_process.str1.1
                0x0001c394       0x11 Output/Release/Obj/ble_app_uart_pca10040e_s112/nrf_log_str_formatter.o
 .rodata.str1.1
                0x0001c394       0x51 Output/Release/Obj/ble_app_uart_pca10040e_s112/nrf_log_str_formatter.o
 .rodata.m_colors
                0x0001c394       0x24 Output/Release/Obj/ble_app_uart_pca10040e_s112/nrf_log_str_formatter.o
 .rodata.severity_names
                0x0001c3b8       0x14 Output/Release/Obj/ble_app_uart_pca10040e_s112/nrf_log_str_formatter.o
 .rodata.sdh_stack_observers
                0x0001c3cc        0xc Output/Release/Obj/ble_app_uart_pca10040e_s112/nrf_sdh.o
 .rodata.str1.1
                0x0001c3d8        0x8 Output/Release/Obj/ble_app_uart_pca10040e_s112/nrf_sdh.o
 .rodata.sdh_ble_observers
                0x0001c3d8        0xc Output/Release/Obj/ble_app_uart_pca10040e_s112/nrf_sdh_ble.o
 .rodata.str1.1
                0x0001c3e4        0xc Output/Release/Obj/ble_app_uart_pca10040e_s112/nrf_sdh_ble.o
 .rodata.sdh_soc_observers
                0x0001c3e4        0xc Output/Release/Obj/ble_app_uart_pca10040e_s112/nrf_sdh_soc.o
 .rodata.str1.1
                0x0001c3f0        0xc Output/Release/Obj/ble_app_uart_pca10040e_s112/nrf_sdh_soc.o
 .rodata.libc.__SEGGER_RTL_c_locale
                0x0001c3f0        0xc C:/Program Files/SEGGER/SEGGER Embedded Studio 8.24/lib/mbops_timeops_v7em_t_le_eabi_balanced.a(mbops.o)
                0x0001c3f0                __SEGGER_RTL_c_locale
 .rodata.libc.__SEGGER_RTL_c_locale_day_names
                0x0001c3fc       0x3a C:/Program Files/SEGGER/SEGGER Embedded Studio 8.24/lib/mbops_timeops_v7em_t_le_eabi_balanced.a(mbops.o)
                0x0001c3fc                __SEGGER_RTL_c_locale_day_names
 .rodata.libc.__SEGGER_RTL_c_locale_month_names
                0x0001c436       0x57 C:/Program Files/SEGGER/SEGGER Embedded Studio 8.24/lib/mbops_timeops_v7em_t_le_eabi_balanced.a(mbops.o)
                0x0001c436                __SEGGER_RTL_c_locale_month_names
 .rodata.libc.__SEGGER_RTL_c_locale_am_pm_indicator
                0x0001c48d        0x7 C:/Program Files/SEGGER/SEGGER Embedded Studio 8.24/lib/mbops_timeops_v7em_t_le_eabi_balanced.a(mbops.o)
                0x0001c48d                __SEGGER_RTL_c_locale_am_pm_indicator
 .rodata.libc.__SEGGER_RTL_c_locale_date_format
                0x0001c494        0x9 C:/Program Files/SEGGER/SEGGER Embedded Studio 8.24/lib/mbops_timeops_v7em_t_le_eabi_balanced.a(mbops.o)
                0x0001c494                __SEGGER_RTL_c_locale_date_format
 .rodata.libc.__SEGGER_RTL_c_locale_time_format
                0x0001c49d        0x9 C:/Program Files/SEGGER/SEGGER Embedded Studio 8.24/lib/mbops_timeops_v7em_t_le_eabi_balanced.a(mbops.o)
                0x0001c49d                __SEGGER_RTL_c_locale_time_format
 .rodata.libc.__SEGGER_RTL_c_locale_date_time_format
                0x0001c4a6        0xf C:/Program Files/SEGGER/SEGGER Embedded Studio 8.24/lib/mbops_timeops_v7em_t_le_eabi_balanced.a(mbops.o)
                0x0001c4a6                __SEGGER_RTL_c_locale_date_time_format
 .rodata.libc..L.str
                0x0001c4b5        0x2 C:/Program Files/SEGGER/SEGGER Embedded Studio 8.24/lib/mbops_timeops_v7em_t_le_eabi_balanced.a(mbops.o)
 *fill*         0x0001c4b7        0x1 
 .rodata.libc.__SEGGER_RTL_codeset_ascii
                0x0001c4b8       0x20 C:/Program Files/SEGGER/SEGGER Embedded Studio 8.24/lib/mbops_timeops_v7em_t_le_eabi_balanced.a(mbops.o)
                0x0001c4b8                __SEGGER_RTL_codeset_ascii
 .rodata.libc.__SEGGER_RTL_c_locale_abbrev_day_names
                0x0001c4d8       0x1d C:/Program Files/SEGGER/SEGGER Embedded Studio 8.24/lib/mbops_timeops_v7em_t_le_eabi_balanced.a(mbops.o)
                0x0001c4d8                __SEGGER_RTL_c_locale_abbrev_day_names
 .rodata.libc.__SEGGER_RTL_c_locale_abbrev_month_names
                0x0001c4f5       0x31 C:/Program Files/SEGGER/SEGGER Embedded Studio 8.24/lib/mbops_timeops_v7em_t_le_eabi_balanced.a(mbops.o)
                0x0001c4f5                __SEGGER_RTL_c_locale_abbrev_month_names
 .rodata.libc.__SEGGER_RTL_data_utf8_period
                0x0001c526        0x2 C:/Program Files/SEGGER/SEGGER Embedded Studio 8.24/lib/mbops_timeops_v7em_t_le_eabi_balanced.a(mbops.o)
                0x0001c526                __SEGGER_RTL_data_utf8_period
 .rodata.libc.__SEGGER_RTL_data_empty_string
                0x0001c528        0x1 C:/Program Files/SEGGER/SEGGER Embedded Studio 8.24/lib/mbops_timeops_v7em_t_le_eabi_balanced.a(mbops.o)
                0x0001c528                __SEGGER_RTL_data_empty_string
 *fill*         0x0001c529        0x3 
 .rodata.libc.__SEGGER_RTL_c_locale_data
                0x0001c52c       0x58 C:/Program Files/SEGGER/SEGGER Embedded Studio 8.24/lib/mbops_timeops_v7em_t_le_eabi_balanced.a(mbops.o)
                0x0001c52c                __SEGGER_RTL_c_locale_data
 .rodata.libc.__SEGGER_RTL_ascii_ctype_map
                0x0001c584       0x80 C:/Program Files/SEGGER/SEGGER Embedded Studio 8.24/lib/mbops_timeops_v7em_t_le_eabi_balanced.a(mbops.o)
 .rodata.libc.__SEGGER_RTL_ascii_ctype_mask
                0x0001c604        0xd C:/Program Files/SEGGER/SEGGER Embedded Studio 8.24/lib/mbops_timeops_v7em_t_le_eabi_balanced.a(mbops.o)
                0x0001c611                        __rodata_end__ = (__rodata_start__ + SIZEOF (.rodata))
                0x0000096d                        __rodata_size__ = SIZEOF (.rodata)
                0x0001c611                        __rodata_load_end__ = __rodata_end__

.rel.dyn        0x0001c614        0x0
 .rel.iplt      0x0001c614        0x0 Output/Release/Obj/ble_app_uart_pca10040e_s112/main.o
                0x00000001                        . = ASSERT (((__rodata_start__ == __rodata_end__) || ((__rodata_end__ - __FLASH_segment_start__) <= __FLASH_segment_size__)), error: .rodata is too large to fit in FLASH memory segment)
                0x0001c614                        __ARM.exidx_load_start__ = ALIGN (__rodata_end__, 0x4)

.ARM.exidx      0x0001c614        0x0
                0x0001c614                        __ARM.exidx_start__ = .
                0x0001c614                        __exidx_start = __ARM.exidx_start__
 *(.ARM.exidx .ARM.exidx.*)
                0x0001c614                        __ARM.exidx_end__ = (__ARM.exidx_start__ + SIZEOF (.ARM.exidx))
                0x00000000                        __ARM.exidx_size__ = SIZEOF (.ARM.exidx)
                0x0001c614                        __exidx_end = __ARM.exidx_end__
                0x0001c614                        __ARM.exidx_load_end__ = __ARM.exidx_end__
                0x00000001                        . = ASSERT (((__ARM.exidx_start__ == __ARM.exidx_end__) || ((__ARM.exidx_end__ - __FLASH_segment_start__) <= __FLASH_segment_size__)), error: .ARM.exidx is too large to fit in FLASH memory segment)
                0x0001c614                        __fast_load_start__ = ALIGN (__ARM.exidx_end__, 0x4)

.fast           0x200022c8        0x0 load address 0x0001c614
                0x200022c8                        __fast_start__ = .
 *(.fast .fast.*)
                0x200022c8                        __fast_end__ = (__fast_start__ + SIZEOF (.fast))
                0x00000000                        __fast_size__ = SIZEOF (.fast)
                0x0001c614                        __fast_load_end__ = (__fast_load_start__ + SIZEOF (.fast))
                0x00000001                        . = ASSERT (((__fast_load_start__ == __fast_load_end__) || ((__fast_load_end__ - __FLASH_segment_start__) <= __FLASH_segment_size__)), error: .fast is too large to fit in FLASH memory segment)

.fast_run       0x200022c8        0x0
                0x200022c8                        __fast_run_start__ = .
                0x200022c8                        __fast_run_end__ = (__fast_run_start__ + SIZEOF (.fast))
                0x00000000                        __fast_run_size__ = (__fast_run_end__ - __fast_run_start__)
                0x200022c8                        __fast_run_load_end__ = __fast_run_end__
                0x00000001                        . = ASSERT (((__fast_run_start__ == __fast_run_end__) || ((__fast_run_end__ - __RAM_segment_start__) <= __RAM_segment_size__)), error: .fast_run is too large to fit in RAM memory segment)
                0x0001c614                        __data_load_start__ = ALIGN ((__fast_load_start__ + SIZEOF (.fast)), 0x4)

.data           0x200022c8       0x2c load address 0x0001c614
                0x200022c8                        __data_start__ = .
 *(.data .data.* .gnu.linkonce.d.*)
 .data.m_uart_tx_done
                0x200022c8        0x1 Output/Release/Obj/ble_app_uart_pca10040e_s112/main.o
 *fill*         0x200022c9        0x3 
 .data.SystemCoreClock
                0x200022cc        0x4 Output/Release/Obj/ble_app_uart_pca10040e_s112/system_nrf52810.o
                0x200022cc                SystemCoreClock
 .data.m_rtc_inst
                0x200022d0        0x8 Output/Release/Obj/ble_app_uart_pca10040e_s112/app_timer2.o
 .data.log_backend_cb_rtt_log_backend
                0x200022d8        0x8 Output/Release/Obj/ble_app_uart_pca10040e_s112/nrf_log_default_backends.o
 .data.libc.__SEGGER_RTL_global_locale
                0x200022e0       0x14 C:/Program Files/SEGGER/SEGGER Embedded Studio 8.24/lib/mbops_timeops_v7em_t_le_eabi_balanced.a(mbops.o)
                0x200022e0                __SEGGER_RTL_global_locale
                0x200022e0                __RAL_global_locale
                0x200022f4                        __data_end__ = (__data_start__ + SIZEOF (.data))
                0x0000002c                        __data_size__ = SIZEOF (.data)
                0x0001c640                        __data_load_end__ = (__data_load_start__ + SIZEOF (.data))

.igot.plt       0x00000000        0x0
 .igot.plt      0x00000000        0x0 Output/Release/Obj/ble_app_uart_pca10040e_s112/main.o
                0x00000001                        . = ASSERT (((__data_load_start__ == __data_load_end__) || ((__data_load_end__ - __FLASH_segment_start__) <= __FLASH_segment_size__)), error: .data is too large to fit in FLASH memory segment)

.data_run       0x200022c8        0x0
                0x200022c8                        __data_run_start__ = .
                0x200022f4                        __data_run_end__ = (__data_run_start__ + SIZEOF (.data))
                0x0000002c                        __data_run_size__ = (__data_run_end__ - __data_run_start__)
                0x200022f4                        __data_run_load_end__ = __data_run_end__
                0x00000001                        . = ASSERT (((__data_run_start__ == __data_run_end__) || ((__data_run_end__ - __RAM_segment_start__) <= __RAM_segment_size__)), error: .data_run is too large to fit in RAM memory segment)
                0x0001c640                        __tdata_load_start__ = ALIGN ((__data_load_start__ + SIZEOF (.data)), 0x4)

.tdata          0x200022f4        0x0 load address 0x0001c640
                0x200022f4                        __tdata_start__ = .
 *(.tdata .tdata.*)
                0x200022f4                        __tdata_end__ = (__tdata_start__ + SIZEOF (.tdata))
                0x00000000                        __tdata_size__ = SIZEOF (.tdata)
                0x0001c640                        __tdata_load_end__ = (__tdata_load_start__ + SIZEOF (.tdata))
                0x0001c640                        __FLASH_segment_used_end__ = (ALIGN ((__data_load_start__ + SIZEOF (.data)), 0x4) + SIZEOF (.tdata))
                0x0001c640                        __FLASH_segment_used_size__ = (__FLASH_segment_used_end__ - __FLASH_segment_start__)
                0x00000001                        . = ASSERT (((__tdata_load_start__ == __tdata_load_end__) || ((__tdata_load_end__ - __FLASH_segment_start__) <= __FLASH_segment_size__)), error: .tdata is too large to fit in FLASH memory segment)

.tdata_run      0x200022f4        0x0
                0x200022f4                        __tdata_run_start__ = .
                0x200022f4                        __tdata_run_end__ = (__tdata_run_start__ + SIZEOF (.tdata))
                0x00000000                        __tdata_run_size__ = (__tdata_run_end__ - __tdata_run_start__)
                0x200022f4                        __tdata_run_load_end__ = __tdata_run_end__
                0x00000001                        . = ASSERT (((__tdata_run_start__ == __tdata_run_end__) || ((__tdata_run_end__ - __RAM_segment_start__) <= __RAM_segment_size__)), error: .tdata_run is too large to fit in RAM memory segment)
                0x200022f4                        __bss_load_start__ = ALIGN (__tdata_run_end__, 0x4)

.bss            0x200022f4      0xf80
                0x200022f4                        __bss_start__ = .
 *(.bss .bss.* .gnu.linkonce.b.*)
 .bss.m_buffer_idx
                0x200022f4        0x1 Output/Release/Obj/ble_app_uart_pca10040e_s112/main.o
 *fill*         0x200022f5        0x1 
 .bss.m_pdm_buffer
                0x200022f6      0x800 Output/Release/Obj/ble_app_uart_pca10040e_s112/main.o
 .bss.m_events_list
                0x20002af6        0xc Output/Release/Obj/ble_app_uart_pca10040e_s112/bsp.o
 *fill*         0x20002b02        0x2 
 .bss.m_num_connections
                0x20002b04        0x4 Output/Release/Obj/ble_app_uart_pca10040e_s112/bsp_btn_ble.o
 .bss.m_error_handler
                0x20002b08        0x4 Output/Release/Obj/ble_app_uart_pca10040e_s112/bsp_btn_ble.o
 .bss.m_cb      0x20002b0c       0x18 Output/Release/Obj/ble_app_uart_pca10040e_s112/nrfx_pdm.o
 .bss.m_preferred_conn_params
                0x20002b24        0x8 Output/Release/Obj/ble_app_uart_pca10040e_s112/ble_conn_params.o
 .bss.m_conn_params_config
                0x20002b2c       0x1c Output/Release/Obj/ble_app_uart_pca10040e_s112/ble_conn_params.o
 .bss.m_conn_params_instances
                0x20002b48       0x14 Output/Release/Obj/ble_app_uart_pca10040e_s112/ble_conn_params.o
 .bss.m_bcs     0x20002b5c       0x7c Output/Release/Obj/ble_app_uart_pca10040e_s112/ble_conn_state.o
 .bss.m_clock_cb
                0x20002bd8       0x14 Output/Release/Obj/ble_app_uart_pca10040e_s112/nrf_drv_clock.o
 .bss.m_clock_cb
                0x20002bec        0x8 Output/Release/Obj/ble_app_uart_pca10040e_s112/nrfx_clock.o
 .bss.m_cb      0x20002bf4       0x5c Output/Release/Obj/ble_app_uart_pca10040e_s112/nrfx_gpiote.o
 .bss.m_prs_box_2
                0x20002c50        0x8 Output/Release/Obj/ble_app_uart_pca10040e_s112/nrfx_prs.o
 .bss.m_cb      0x20002c58       0x24 Output/Release/Obj/ble_app_uart_pca10040e_s112/nrfx_uarte.o
 .bss.m_req_fifo_inst
                0x20002c7c       0x10 Output/Release/Obj/ble_app_uart_pca10040e_s112/app_timer2.o
 *fill*         0x20002c8c        0x4 
 .bss.m_stamp64
                0x20002c90        0x8 Output/Release/Obj/ble_app_uart_pca10040e_s112/app_timer2.o
 .bss.m_base_counter
                0x20002c98        0x8 Output/Release/Obj/ble_app_uart_pca10040e_s112/app_timer2.o
 .bss.nrf_nvic_state
                0x20002ca0        0xc Output/Release/Obj/ble_app_uart_pca10040e_s112/app_util_platform.o
                0x20002ca0                nrf_nvic_state
 .bss.m_cb      0x20002cac        0x8 Output/Release/Obj/ble_app_uart_pca10040e_s112/drv_rtc.o
 .bss.m_handlers
                0x20002cb4        0x4 Output/Release/Obj/ble_app_uart_pca10040e_s112/drv_rtc.o
 .bss.m_string_buff
                0x20002cb8       0x40 Output/Release/Obj/ble_app_uart_pca10040e_s112/nrf_log_backend_rtt.o
 .bss.m_host_present
                0x20002cf8        0x1 Output/Release/Obj/ble_app_uart_pca10040e_s112/nrf_log_backend_rtt.o
 *fill*         0x20002cf9        0x3 
 .bss.m_log_data
                0x20002cfc      0x424 Output/Release/Obj/ble_app_uart_pca10040e_s112/nrf_log_frontend.o
 .bss.log_mempool_nrf_balloc_cb
                0x20003120        0x8 Output/Release/Obj/ble_app_uart_pca10040e_s112/nrf_log_frontend.o
 .bss.log_mempool_nrf_balloc_pool_mem
                0x20003128       0xc0 Output/Release/Obj/ble_app_uart_pca10040e_s112/nrf_log_frontend.o
 .bss.log_mempool_nrf_balloc_pool_stack
                0x200031e8        0x8 Output/Release/Obj/ble_app_uart_pca10040e_s112/nrf_log_frontend.o
 .bss._SEGGER_RTT
                0x200031f0       0x78 Output/Release/Obj/ble_app_uart_pca10040e_s112/SEGGER_RTT.o
                0x200031f0                _SEGGER_RTT
 .bss.m_nrf_sdh_enabled
                0x20003268        0x1 Output/Release/Obj/ble_app_uart_pca10040e_s112/nrf_sdh.o
 .bss.m_stack_is_enabled
                0x20003269        0x1 Output/Release/Obj/ble_app_uart_pca10040e_s112/nrf_sdh_ble.o
 *fill*         0x2000326a        0x2 
 .bss.libc.__SEGGER_RTL_heap_globals.0
                0x2000326c        0x4 C:/Program Files/SEGGER/SEGGER Embedded Studio 8.24/lib/heapops_basic_v7em_t_le_eabi_balanced.a(heapops_basic.o)
 .bss.libc.__SEGGER_RTL_locale_ptr
                0x20003270        0x4 C:/Program Files/SEGGER/SEGGER Embedded Studio 8.24/lib/mbops_timeops_v7em_t_le_eabi_balanced.a(mbops.o)
                0x20003270                __SEGGER_RTL_locale_ptr
 *(COMMON)
                0x20003274                        __bss_end__ = (__bss_start__ + SIZEOF (.bss))
                0x00000f80                        __bss_size__ = SIZEOF (.bss)
                0x20003274                        __bss_load_end__ = __bss_end__
                0x00000001                        . = ASSERT (((__bss_start__ == __bss_end__) || ((__bss_end__ - __RAM_segment_start__) <= __RAM_segment_size__)), error: .bss is too large to fit in RAM memory segment)
                0x20003274                        __tbss_load_start__ = ALIGN (__bss_end__, 0x4)

.tbss           0x20003274        0x0
                0x20003274                        __tbss_start__ = .
 *(.tbss .tbss.*)
                0x20003274                        __tbss_end__ = (__tbss_start__ + SIZEOF (.tbss))
                0x00000000                        __tbss_size__ = SIZEOF (.tbss)
                0x20003274                        __tbss_load_end__ = __tbss_end__
                0x00000001                        . = ASSERT (((__tbss_start__ == __tbss_end__) || ((__tbss_end__ - __RAM_segment_start__) <= __RAM_segment_size__)), error: .tbss is too large to fit in RAM memory segment)
                0x20003274                        __non_init_load_start__ = ALIGN (__tbss_end__, 0x4)

.non_init       0x20003274        0x0
                0x20003274                        __non_init_start__ = .
 *(.non_init .non_init.*)
                0x20003274                        __non_init_end__ = (__non_init_start__ + SIZEOF (.non_init))
                0x00000000                        __non_init_size__ = SIZEOF (.non_init)
                0x20003274                        __non_init_load_end__ = __non_init_end__
                0x00000001                        . = ASSERT (((__non_init_start__ == __non_init_end__) || ((__non_init_end__ - __RAM_segment_start__) <= __RAM_segment_size__)), error: .non_init is too large to fit in RAM memory segment)
                0x20003274                        __heap_load_start__ = ALIGN (__non_init_end__, 0x4)

.heap           0x20003274      0x800
                0x20003274                        __heap_start__ = .
 *(.heap .heap.*)
                0x20003a74                        . = ALIGN (MAX ((__heap_start__ + __HEAPSIZE__), .), 0x4)
 *fill*         0x20003274      0x800 
                0x20003a74                        __heap_end__ = (__heap_start__ + SIZEOF (.heap))
                0x00000800                        __heap_size__ = SIZEOF (.heap)
                0x20003a74                        __heap_load_end__ = __heap_end__
                0x00000001                        . = ASSERT (((__heap_start__ == __heap_end__) || ((__heap_end__ - __RAM_segment_start__) <= __RAM_segment_size__)), error: .heap is too large to fit in RAM memory segment)
                0x00000001                        . = ASSERT ((__HEAPSIZE__ == ALIGN (__HEAPSIZE__, 0x4)), error: .heap section size does not match alignment)
                0x00000001                        . = ASSERT ((__heap_size__ <= __HEAPSIZE__), error: .heap section is larger than specified size)
                0x20005800                        __stack_load_start__ = (__RAM_segment_start__ + (__RAM_segment_size__ - 0x800))

.stack          0x20005800      0x800
                0x20005800                        __stack_start__ = .
                0x20005800                        __StackLimit = __stack_start__
 *(.stack .stack.*)
                0x20006000                        . = ALIGN (MAX ((__stack_start__ + __STACKSIZE__), .), 0x8)
 *fill*         0x20005800      0x800 
                0x20006000                        __stack_end__ = (__stack_start__ + SIZEOF (.stack))
                0x00000800                        __stack_size__ = SIZEOF (.stack)
                0x20006000                        __StackTop = __stack_end__
                0x20006000                        __stack_load_end__ = __stack_end__
                0x00000001                        . = ASSERT (((__stack_start__ == __stack_end__) || ((__stack_end__ - __RAM_segment_start__) <= __RAM_segment_size__)), error: .stack is too large to fit in RAM memory segment)
                0x00000001                        . = ASSERT ((__heap_end__ <= __stack_start__), error: section .heap overlaps absolute placed section .stack)
                0x00000001                        . = ASSERT ((__STACKSIZE__ == ALIGN (__STACKSIZE__, 0x8)), error: .stack section size does not match alignment)
                0x00000001                        . = ASSERT ((__stack_size__ <= __STACKSIZE__), error: .stack section is larger than specified size)
                0x20006000                        __stack_process_load_start__ = ALIGN (__stack_end__, 0x8)

.stack_process  0x20006000        0x0
                0x20006000                        __stack_process_start__ = .
 *(.stack_process .stack_process.*)
                0x20006000                        . = ALIGN (MAX ((__stack_process_start__ + __STACKSIZE_PROCESS__), .), 0x8)
                0x20006000                        __stack_process_end__ = (__stack_process_start__ + SIZEOF (.stack_process))
                0x00000000                        __stack_process_size__ = SIZEOF (.stack_process)
                0x20006000                        __stack_process_load_end__ = __stack_process_end__
                0x20006000                        __RAM_segment_used_end__ = (ALIGN (__stack_end__, 0x8) + SIZEOF (.stack_process))
                0x00006000                        __RAM_segment_used_size__ = (__RAM_segment_used_end__ - __RAM_segment_start__)
                0x00000001                        . = ASSERT (((__stack_process_start__ == __stack_process_end__) || ((__stack_process_end__ - __RAM_segment_start__) <= __RAM_segment_size__)), error: .stack_process is too large to fit in RAM memory segment)
                0x00000001                        . = ASSERT ((__STACKSIZE_PROCESS__ == ALIGN (__STACKSIZE_PROCESS__, 0x8)), error: .stack_process section size does not match alignment)
                0x00000001                        . = ASSERT ((__stack_process_size__ <= __STACKSIZE_PROCESS__), error: .stack_process section is larger than specified size)
                0x00000800                        __STACKSIZE__ = 0x800
                0x00000000                        __STACKSIZE_PROCESS__ = 0x0
                0x00000800                        __HEAPSIZE__ = 0x800
                0x00000000                        __SEGGER_RTL_vfprintf = __SEGGER_RTL_vfprintf_long
                0x00000000                        __SEGGER_RTL_vfscanf = __SEGGER_RTL_vfscanf_long
START GROUP
LOAD Output/Release/Obj/ble_app_uart_pca10040e_s112/main.o
LOAD Output/Release/Obj/ble_app_uart_pca10040e_s112/boards.o
LOAD Output/Release/Obj/ble_app_uart_pca10040e_s112/bsp.o
LOAD Output/Release/Obj/ble_app_uart_pca10040e_s112/bsp_btn_ble.o
LOAD Output/Release/Obj/ble_app_uart_pca10040e_s112/nrfx_pdm.o
LOAD Output/Release/Obj/ble_app_uart_pca10040e_s112/ses_startup_nrf52810.o
LOAD Output/Release/Obj/ble_app_uart_pca10040e_s112/ses_startup_nrf_common.o
LOAD Output/Release/Obj/ble_app_uart_pca10040e_s112/system_nrf52810.o
LOAD Output/Release/Obj/ble_app_uart_pca10040e_s112/ble_advdata.o
LOAD Output/Release/Obj/ble_app_uart_pca10040e_s112/ble_advertising.o
LOAD Output/Release/Obj/ble_app_uart_pca10040e_s112/ble_conn_params.o
LOAD Output/Release/Obj/ble_app_uart_pca10040e_s112/ble_conn_state.o
LOAD Output/Release/Obj/ble_app_uart_pca10040e_s112/ble_link_ctx_manager.o
LOAD Output/Release/Obj/ble_app_uart_pca10040e_s112/ble_srv_common.o
LOAD Output/Release/Obj/ble_app_uart_pca10040e_s112/nrf_ble_gatt.o
LOAD Output/Release/Obj/ble_app_uart_pca10040e_s112/nrf_ble_qwr.o
LOAD Output/Release/Obj/ble_app_uart_pca10040e_s112/ble_nus.o
LOAD Output/Release/Obj/ble_app_uart_pca10040e_s112/nrf_drv_clock.o
LOAD Output/Release/Obj/ble_app_uart_pca10040e_s112/nrf_drv_uart.o
LOAD Output/Release/Obj/ble_app_uart_pca10040e_s112/nrfx_atomic.o
LOAD Output/Release/Obj/ble_app_uart_pca10040e_s112/nrfx_clock.o
LOAD Output/Release/Obj/ble_app_uart_pca10040e_s112/nrfx_gpiote.o
LOAD Output/Release/Obj/ble_app_uart_pca10040e_s112/nrfx_prs.o
LOAD Output/Release/Obj/ble_app_uart_pca10040e_s112/nrfx_uart.o
LOAD Output/Release/Obj/ble_app_uart_pca10040e_s112/nrfx_uarte.o
LOAD Output/Release/Obj/ble_app_uart_pca10040e_s112/app_button.o
LOAD Output/Release/Obj/ble_app_uart_pca10040e_s112/app_error.o
LOAD Output/Release/Obj/ble_app_uart_pca10040e_s112/app_error_handler_gcc.o
LOAD Output/Release/Obj/ble_app_uart_pca10040e_s112/app_error_weak.o
LOAD Output/Release/Obj/ble_app_uart_pca10040e_s112/app_fifo.o
LOAD Output/Release/Obj/ble_app_uart_pca10040e_s112/app_scheduler.o
LOAD Output/Release/Obj/ble_app_uart_pca10040e_s112/app_timer2.o
LOAD Output/Release/Obj/ble_app_uart_pca10040e_s112/app_uart_fifo.o
LOAD Output/Release/Obj/ble_app_uart_pca10040e_s112/app_util_platform.o
LOAD Output/Release/Obj/ble_app_uart_pca10040e_s112/drv_rtc.o
LOAD Output/Release/Obj/ble_app_uart_pca10040e_s112/hardfault_implementation.o
LOAD Output/Release/Obj/ble_app_uart_pca10040e_s112/nrf_assert.o
LOAD Output/Release/Obj/ble_app_uart_pca10040e_s112/nrf_atfifo.o
LOAD Output/Release/Obj/ble_app_uart_pca10040e_s112/nrf_atflags.o
LOAD Output/Release/Obj/ble_app_uart_pca10040e_s112/nrf_atomic.o