Archive member included to satisfy reference by file (symbol)

C:/Program Files/SEGGER/SEGGER Embedded Studio 8.24/lib/libc_v7em_t_le_eabi_balanced.a(intasmops_arm.o)
                              Output/Release/Obj/ble_app_uart_pca10040e_s112/bsp.o (__aeabi_uldivmod)
C:/Program Files/SEGGER/SEGGER Embedded Studio 8.24/lib/libc_v7em_t_le_eabi_balanced.a(prinops.o)
                              Output/Release/Obj/ble_app_uart_pca10040e_s112/main.o (snprintf)
C:/Program Files/SEGGER/SEGGER Embedded Studio 8.24/lib/libc_v7em_t_le_eabi_balanced.a(__SEGGER_RTL_vfprintf_long.o)
                              (__SEGGER_RTL_vfprintf_long)
C:/Program Files/SEGGER/SEGGER Embedded Studio 8.24/lib/libc_v7em_t_le_eabi_balanced.a(__SEGGER_RTL_vfscanf_long.o)
                              (__SEGGER_RTL_vfscanf_long)
C:/Program Files/SEGGER/SEGGER Embedded Studio 8.24/lib/libc_v7em_t_le_eabi_balanced.a(fileops.o)
                              C:/Program Files/SEGGER/SEGGER Embedded Studio 8.24/lib/libc_v7em_t_le_eabi_balanced.a(prinops.o) (fwrite)
C:/Program Files/SEGGER/SEGGER Embedded Studio 8.24/lib/libc_v7em_t_le_eabi_balanced.a(utilops.o)
                              C:/Program Files/SEGGER/SEGGER Embedded Studio 8.24/lib/libc_v7em_t_le_eabi_balanced.a(__SEGGER_RTL_vfscanf_long.o) (__SEGGER_RTL_digit)
C:/Program Files/SEGGER/SEGGER Embedded Studio 8.24/lib/libc_v7em_t_le_eabi_balanced.a(floatasmops_arm.o)
                              C:/Program Files/SEGGER/SEGGER Embedded Studio 8.24/lib/libc_v7em_t_le_eabi_balanced.a(utilops.o) (__aeabi_fmul)
C:/Program Files/SEGGER/SEGGER Embedded Studio 8.24/lib/libc_v7em_t_le_eabi_balanced.a(errno.o)
                              C:/Program Files/SEGGER/SEGGER Embedded Studio 8.24/lib/libc_v7em_t_le_eabi_balanced.a(fileops.o) (__aeabi_errno_addr)
C:/Program Files/SEGGER/SEGGER Embedded Studio 8.24/lib/prinops_rtt_v7em_t_le_eabi_balanced.a(prinops_rtt.o)
                              C:/Program Files/SEGGER/SEGGER Embedded Studio 8.24/lib/libc_v7em_t_le_eabi_balanced.a(fileops.o) (__SEGGER_RTL_X_file_stat)
C:/Program Files/SEGGER/SEGGER Embedded Studio 8.24/lib/heapops_basic_v7em_t_le_eabi_balanced.a(heapops_basic.o)
                              Output/Release/Obj/ble_app_uart_pca10040e_s112/thumb_crt0.o (__SEGGER_RTL_init_heap)
C:/Program Files/SEGGER/SEGGER Embedded Studio 8.24/lib/heapops_disable_interrupts_locking_v7em_t_le_eabi_balanced.a(heapops.o)
                              C:/Program Files/SEGGER/SEGGER Embedded Studio 8.24/lib/libc_v7em_t_le_eabi_balanced.a(prinops.o) (free)
C:/Program Files/SEGGER/SEGGER Embedded Studio 8.24/lib/strops_unaligned_v7em_t_le_eabi_balanced.a(strops.o)
                              Output/Release/Obj/ble_app_uart_pca10040e_s112/ble_advdata.o (memcmp)
C:/Program Files/SEGGER/SEGGER Embedded Studio 8.24/lib/strops_unaligned_v7em_t_le_eabi_balanced.a(strasmops_arm.o)
                              C:/Program Files/SEGGER/SEGGER Embedded Studio 8.24/lib/strops_unaligned_v7em_t_le_eabi_balanced.a(strops.o) (strcmp)
C:/Program Files/SEGGER/SEGGER Embedded Studio 8.24/lib/mbops_timeops_v7em_t_le_eabi_balanced.a(mbops.o)
                              C:/Program Files/SEGGER/SEGGER Embedded Studio 8.24/lib/libc_v7em_t_le_eabi_balanced.a(prinops.o) (__SEGGER_RTL_current_locale)
C:/Program Files/SEGGER/SEGGER Embedded Studio 8.24/lib/mbops_timeops_v7em_t_le_eabi_balanced.a(timeops.o)
                              C:/Program Files/SEGGER/SEGGER Embedded Studio 8.24/lib/mbops_timeops_v7em_t_le_eabi_balanced.a(mbops.o) (__SEGGER_RTL_string_list_encode)
C:/Program Files/SEGGER/SEGGER Embedded Studio 8.24/lib/libc_v7em_t_le_eabi_balanced.a(execops.o)
                              C:/Program Files/SEGGER/SEGGER Embedded Studio 8.24/lib/strops_unaligned_v7em_t_le_eabi_balanced.a(strops.o) (__SEGGER_RTL_constraint_violation)
C:/Program Files/SEGGER/SEGGER Embedded Studio 8.24/lib/libc_v7em_t_le_eabi_balanced.a(execops_arm.o)
                              C:/Program Files/SEGGER/SEGGER Embedded Studio 8.24/lib/libc_v7em_t_le_eabi_balanced.a(execops.o) (__aeabi_SIGABRT)
C:/Program Files/SEGGER/SEGGER Embedded Studio 8.24/lib/libc_v7em_t_le_eabi_balanced.a(intops.o)
                              C:/Program Files/SEGGER/SEGGER Embedded Studio 8.24/lib/mbops_timeops_v7em_t_le_eabi_balanced.a(timeops.o) (div)
C:/Program Files/SEGGER/SEGGER Embedded Studio 8.24/lib/libc_v7em_t_le_eabi_balanced.a(sortops.o)
                              C:/Program Files/SEGGER/SEGGER Embedded Studio 8.24/lib/mbops_timeops_v7em_t_le_eabi_balanced.a(mbops.o) (bsearch)
C:/Program Files/SEGGER/SEGGER Embedded Studio 8.24/lib/libc_v7em_t_le_eabi_balanced.a(convops.o)
                              C:/Program Files/SEGGER/SEGGER Embedded Studio 8.24/lib/libc_v7em_t_le_eabi_balanced.a(execops.o) (itoa)
C:/Program Files/SEGGER/SEGGER Embedded Studio 8.24/lib/libc_v7em_t_le_eabi_balanced.a(floatops.o)
[...]
Memory Configuration

Name             Origin             Length             Attributes
UNPLACED_SECTIONS 0x00000000         0x00000000         xw
RAM              0x20000000         0x00006000         xw
FLASH            0x00000000         0x00030000         xw
*default*        0x00000000         0xffffffff

Linker script and memory map

                0x20000000                        __RAM_segment_start__ = 0x20000000
                0x20006000                        __RAM_segment_end__ = 0x20006000
                0x00006000                        __RAM_segment_size__ = 0x6000
                0x00000000                        __FLASH_segment_start__ = 0x0
                0x00030000                        __FLASH_segment_end__ = 0x30000
                0x00030000                        __FLASH_segment_size__ = 0x30000
                0x00000800                        __HEAPSIZE__ = 0x800
                0x0001de80                        __SEGGER_RTL_vfprintf = __SEGGER_RTL_vfprintf_long
                0x00000000                        __SEGGER_RTL_vfscanf = __SEGGER_RTL_vfscanf_long
                0x00000000                        __STACKSIZE_PROCESS__ = 0x0
                0x00000800                        __STACKSIZE__ = 0x800
                0x20000000                        __reserved_ram_load_start__ = 0x20000000

.reserved_ram   0x20000000     0x22c8
                0x20000000                        __reserved_ram_start__ = .
 *(.reserved_ram .reserved_ram.*)
                0x200022c8                        . = MAX (((__reserved_ram_start__ + 0x200022c8) - 0x20000000), .)
 *fill*         0x20000000     0x22c8 
                0x200022c8                        __reserved_ram_end__ = (__reserved_ram_start__ + SIZEOF (.reserved_ram))
                0x000022c8                        __reserved_ram_size__ = SIZEOF (.reserved_ram)
                0x200022c8                        __reserved_ram_load_end__ = __reserved_ram_end__
                0x00000001                        . = ASSERT (((__reserved_ram_start__ == __reserved_ram_end__) || ((__reserved_ram_end__ - __RAM_segment_start__) <= __RAM_segment_size__)), error: .reserved_ram is too large to fit in RAM memory segment)
                0x00000001                        . = ASSERT ((__reserved_ram_size__ <= 0x22c8), error: .reserved_ram section is larger than specified size)
                0x200022c8                        __vectors_ram_load_start__ = 0x200022c8

.vectors_ram    0x200022c8        0x0
                0x200022c8                        __vectors_ram_start__ = .
                0x200022c8                        __app_ram_start__ = __vectors_ram_start__
 *(.vectors_ram .vectors_ram.*)
                0x200022c8                        __vectors_ram_end__ = (__vectors_ram_start__ + SIZEOF (.vectors_ram))
                0x00000000                        __vectors_ram_size__ = SIZEOF (.vectors_ram)
                0x200022c8                        __vectors_ram_load_end__ = __vectors_ram_end__
                0x00000001                        . = ASSERT (((__vectors_ram_start__ == __vectors_ram_end__) || ((__vectors_ram_end__ - __RAM_segment_start__) <= __RAM_segment_size__)), error: .vectors_ram is too large to fit in RAM memory segment)
                0x00000001                        . = ASSERT ((__reserved_ram_end__ <= __vectors_ram_start__), error: section .reserved_ram overlaps absolute placed section .vectors_ram)
                0x200022c8                        __nrf_sections_run_load_start__ = ALIGN (__vectors_ram_end__, 0x4)

.nrf_sections_run
                0x200022c8        0x0
                0x200022c8                        __nrf_sections_run_start__ = .
                0x200022c8                        __start_nrf_sections_run = __nrf_sections_run_start__
 *(.nrf_sections_run .nrf_sections_run.*)
                0x200022c8                        __nrf_sections_run_end__ = (__nrf_sections_run_start__ + SIZEOF (.nrf_sections_run))
                0x00000000                        __nrf_sections_run_size__ = SIZEOF (.nrf_sections_run)
                0x200022c8                        __nrf_sections_run_load_end__ = __nrf_sections_run_end__
                0x00000001                        . = ASSERT (((__nrf_sections_run_start__ == __nrf_sections_run_end__) || ((__nrf_sections_run_end__ - __RAM_segment_start__) <= __RAM_segment_size__)), error: .nrf_sections_run is too large to fit in RAM memory segment)
                0x00000000                        __reserved_flash_load_start__ = 0x0

.reserved_flash
                0x00000000    0x19000
                0x00000000                        __reserved_flash_start__ = .
 *(.reserved_flash .reserved_flash.*)
                0x00019000                        . = MAX (((__reserved_flash_start__ + 0x19000) - 0x0), .)
 *fill*         0x00000000    0x19000 
                0x00019000                        __reserved_flash_end__ = (__reserved_flash_start__ + SIZEOF (.reserved_flash))
                0x00019000                        __reserved_flash_size__ = SIZEOF (.reserved_flash)
                0x00019000                        __reserved_flash_load_end__ = __reserved_flash_end__
                0x00000001                        . = ASSERT (((__reserved_flash_start__ == __reserved_flash_end__) || ((__reserved_flash_end__ - __FLASH_segment_start__) <= __FLASH_segment_size__)), error: .reserved_flash is too large to fit in FLASH memory segment)
                0x00000001                        . = ASSERT ((__reserved_flash_size__ <= 0x19000), error: .reserved_flash section is larger than specified size)
                0x00019000                        __vectors_load_start__ = 0x19000

.vectors        0x00019000      0x200
                0x00019000                        __vectors_start__ = .
 *(.vectors .vectors.*)
 .vectors       0x00019000      0x200 Output/Release/Obj/ble_app_uart_pca10040e_s112/ses_startup_nrf52810.o
                0x00019000                _vectors
                0x00019200                        __vectors_end__ = (__vectors_start__ + SIZEOF (.vectors))
                0x00000200                        __vectors_size__ = SIZEOF (.vectors)
                0x00019200                        __vectors_load_end__ = __vectors_end__
                0x00000001                        . = ASSERT (((__vectors_start__ == __vectors_end__) || ((__vectors_end__ - __FLASH_segment_start__) <= __FLASH_segment_size__)), error: .vectors is too large to fit in FLASH memory segment)
                0x00000001                        . = ASSERT ((__reserved_flash_end__ <= __vectors_start__), error: section .reserved_flash overlaps absolute placed section .vectors)
                0x00019200                        __init_load_start__ = ALIGN (__vectors_end__, 0x4)

.init           0x00019200      0x1fc
                0x00019200                        __init_start__ = .
 *(.init .init.*)
 .init          0x00019200       0x48 Output/Release/Obj/ble_app_uart_pca10040e_s112/ses_startup_nrf52810.o
                0x00019200                NMI_Handler
                0x00019202                HardFault_Handler
                0x00019204                MemoryManagement_Handler
                0x00019206                BusFault_Handler
                0x00019208                UsageFault_Handler
                0x0001920a                SVC_Handler
                0x0001920c                DebugMon_Handler
                0x0001920e                PendSV_Handler
                0x00019210                SysTick_Handler
                0x00019212                SWI4_IRQHandler
                0x00019212                TEMP_IRQHandler
                0x00019212                RTC0_IRQHandler
                0x00019212                RADIO_IRQHandler
                0x00019212                SWI0_EGU0_IRQHandler
                0x00019212                SWI5_IRQHandler
                0x00019212                TIMER0_IRQHandler
                0x00019212                Dummy_Handler
                0x00019212                TIMER1_IRQHandler
                0x00019212                ECB_IRQHandler
                0x00019212                SWI3_IRQHandler
                0x00019212                SPIM0_SPIS0_SPI0_IRQHandler
                0x00019212                SAADC_IRQHandler
                0x00019212                CCM_AAR_IRQHandler
                0x00019212                WDT_IRQHandler
                0x00019212                QDEC_IRQHandler
                0x00019212                RNG_IRQHandler
                0x00019212                COMP_IRQHandler
                0x00019212                PWM0_IRQHandler
                0x00019212                SWI1_EGU1_IRQHandler
                0x00019212                TWIM0_TWIS0_TWI0_IRQHandler
                0x00019212                TIMER2_IRQHandler
                0x00019214                nRFInitialize
 .init          0x00019248       0x48 Output/Release/Obj/ble_app_uart_pca10040e_s112/ses_startup_nrf_common.o
                0x00019248                Reset_Handler
                0x0001924c                afterInitialize
                0x0001925e                InitializeUserMemorySections
 .init          0x00019290      0x16c Output/Release/Obj/ble_app_uart_pca10040e_s112/thumb_crt0.o
                0x00019290                _start
                0x00019338                exit
                0x00019338                _Exit
                0x000193fc                        __init_end__ = (__init_start__ + SIZEOF (.init))
                0x000001fc                        __init_size__ = SIZEOF (.init)
                0x000193fc                        __init_load_end__ = __init_end__
                0x00000001                        . = ASSERT (((__init_start__ == __init_end__) || ((__init_end__ - __FLASH_segment_start__) <= __FLASH_segment_size__)), error: .init is too large to fit in FLASH memory segment)
                0x000193fc                        __init_rodata_load_start__ = ALIGN (__init_end__, 0x4)

.init_rodata    0x000193fc        0x0
                0x000193fc                        __init_rodata_start__ = .
 *(.init_rodata .init_rodata.*)
                0x000193fc                        __init_rodata_end__ = (__init_rodata_start__ + SIZEOF (.init_rodata))
                0x00000000                        __init_rodata_size__ = SIZEOF (.init_rodata)
                0x000193fc                        __init_rodata_load_end__ = __init_rodata_end__
                0x00000001                        . = ASSERT (((__init_rodata_start__ == __init_rodata_end__) || ((__init_rodata_end__ - __FLASH_segment_start__) <= __FLASH_segment_size__)), error: .init_rodata is too large to fit in FLASH memory segment)
                0x000193fc                        __text_load_start__ = ALIGN (__init_rodata_end__, 0x4)

.text           0x000193fc     0x5228
                0x000193fc                        __text_start__ = .
 *(.text .text.* .gnu.linkonce.t.* .glue_7t .glue_7 .gcc_except_table .ARM.extab* .gnu.linkonce.armextab.*)
 .glue_7        0x000193fc        0x0 linker stubs
 .glue_7t       0x000193fc        0x0 linker stubs
 .text.sd_ble_gap_adv_set_configure
                0x000193fc        0x4 Output/Release/Obj/ble_app_uart_pca10040e_s112/main.o
 .text.sd_ble_gap_adv_start
                0x00019400        0x4 Output/Release/Obj/ble_app_uart_pca10040e_s112/main.o
 .text.sd_ble_gap_disconnect
                0x00019404        0x4 Output/Release/Obj/ble_app_uart_pca10040e_s112/main.o
 .text.sd_ble_gap_ppcp_set
                0x00019408        0x4 Output/Release/Obj/ble_app_uart_pca10040e_s112/main.o
 .text.sd_ble_gap_device_name_set
                0x0001940c        0x4 Output/Release/Obj/ble_app_uart_pca10040e_s112/main.o
 .text.sd_ble_gap_sec_params_reply
                0x00019410        0x4 Output/Release/Obj/ble_app_uart_pca10040e_s112/main.o
 .text.sd_ble_gap_phy_update
                0x00019414        0x4 Output/Release/Obj/ble_app_uart_pca10040e_s112/main.o
 .text.sd_ble_gatts_service_add
                0x00019418        0x4 Output/Release/Obj/ble_app_uart_pca10040e_s112/main.o
 .text.sd_ble_gatts_sys_attr_set
                0x0001941c        0x4 Output/Release/Obj/ble_app_uart_pca10040e_s112/main.o
 .text.sd_ble_uuid_vs_add
                0x00019420        0x4 Output/Release/Obj/ble_app_uart_pca10040e_s112/main.o
 .text.uart_event_handler
                0x00019424       0x18 Output/Release/Obj/ble_app_uart_pca10040e_s112/main.o
 .text.nrf_qwr_error_handler
                0x0001943c        0x4 Output/Release/Obj/ble_app_uart_pca10040e_s112/main.o
 .text.uart_send
                0x00019440       0x30 Output/Release/Obj/ble_app_uart_pca10040e_s112/main.o
 .text.pdm_event_handler
                0x00019470       0xe8 Output/Release/Obj/ble_app_uart_pca10040e_s112/main.o
 .text.advertising_start
                0x00019558       0x20 Output/Release/Obj/ble_app_uart_pca10040e_s112/main.o
 .text.ble_evt_handler
                0x00019578      0x230 Output/Release/Obj/ble_app_uart_pca10040e_s112/main.o
 .text.auth_timeout_handler
                0x000197a8       0x5c Output/Release/Obj/ble_app_uart_pca10040e_s112/main.o
 .text.on_conn_params_evt
                0x00019804       0x20 Output/Release/Obj/ble_app_uart_pca10040e_s112/main.o
 .text.button_event_handler
                0x00019824       0x5c Output/Release/Obj/ble_app_uart_pca10040e_s112/main.o
 .text.led_write_handler
                0x00019880       0x3c Output/Release/Obj/ble_app_uart_pca10040e_s112/main.o
 .text.conn_params_error_handler
                0x000198bc        0x4 Output/Release/Obj/ble_app_uart_pca10040e_s112/main.o
 .text.startup.main
                0x000198c0      0x370 Output/Release/Obj/ble_app_uart_pca10040e_s112/main.o
                0x000198c0                main
 .text.bsp_board_led_on
                0x00019c30       0x18 Output/Release/Obj/ble_app_uart_pca10040e_s112/boards.o
                0x00019c30                bsp_board_led_on
 .text.bsp_board_led_off
                0x00019c48       0x18 Output/Release/Obj/ble_app_uart_pca10040e_s112/boards.o
                0x00019c48                bsp_board_led_off
 .text.bsp_board_leds_off
                0x00019c60       0x1e Output/Release/Obj/ble_app_uart_pca10040e_s112/boards.o
                0x00019c60                bsp_board_leds_off
 .text.bsp_board_init
                0x00019c7e       0x3e Output/Release/Obj/ble_app_uart_pca10040e_s112/boards.o
                0x00019c7e                bsp_board_init
 .text.bsp_event_to_button_action_assign
                0x00019cbc       0x4c Output/Release/Obj/ble_app_uart_pca10040e_s112/bsp.o
                0x00019cbc                bsp_event_to_button_action_assign
 .text.advertising_buttons_configure
                0x00019d08       0x36 Output/Release/Obj/ble_app_uart_pca10040e_s112/bsp_btn_ble.o
 *fill*         0x00019d3e        0x2 
 .text.ble_evt_handler
                0x00019d40       0x7c Output/Release/Obj/ble_app_uart_pca10040e_s112/bsp_btn_ble.o
 .text.nrf_pdm_event_clear
                0x00019dbc       0x18 Output/Release/Obj/ble_app_uart_pca10040e_s112/nrfx_pdm.o
 .text.PDM_IRQHandler
                0x00019dd4       0xfc Output/Release/Obj/ble_app_uart_pca10040e_s112/nrfx_pdm.o
                0x00019dd4                PDM_IRQHandler
 .text.nrfx_pdm_init
                0x00019ed0      0x11c Output/Release/Obj/ble_app_uart_pca10040e_s112/nrfx_pdm.o
                0x00019ed0                nrfx_pdm_init
 .text.nrfx_pdm_start
                0x00019fec       0x78 Output/Release/Obj/ble_app_uart_pca10040e_s112/nrfx_pdm.o
                0x00019fec                nrfx_pdm_start
 .text.nrfx_pdm_buffer_set
                0x0001a064       0x88 Output/Release/Obj/ble_app_uart_pca10040e_s112/nrfx_pdm.o
                0x0001a064                nrfx_pdm_buffer_set
 .text.errata_12
                0x0001a0ec       0x36 Output/Release/Obj/ble_app_uart_pca10040e_s112/system_nrf52810.o
 .text.errata_16
                0x0001a122       0x2a Output/Release/Obj/ble_app_uart_pca10040e_s112/system_nrf52810.o
 .text.errata_31
                0x0001a14c       0x46 Output/Release/Obj/ble_app_uart_pca10040e_s112/system_nrf52810.o
 *fill*         0x0001a192        0x2 
 .text.SystemInit
                0x0001a194      0x2a0 Output/Release/Obj/ble_app_uart_pca10040e_s112/system_nrf52810.o
                0x0001a194                SystemInit
 .text.sd_ble_gap_addr_get
                0x0001a434        0x4 Output/Release/Obj/ble_app_uart_pca10040e_s112/ble_advdata.o
 .text.sd_ble_gap_appearance_get
                0x0001a438        0x4 Output/Release/Obj/ble_app_uart_pca10040e_s112/ble_advdata.o
 .text.sd_ble_gap_device_name_get
                0x0001a43c        0x4 Output/Release/Obj/ble_app_uart_pca10040e_s112/ble_advdata.o
 .text.sd_ble_uuid_encode
                0x0001a440        0x4 Output/Release/Obj/ble_app_uart_pca10040e_s112/ble_advdata.o
 .text.uuid_list_sized_encode
                0x0001a444       0xae Output/Release/Obj/ble_app_uart_pca10040e_s112/ble_advdata.o
 .text.uuid_list_encode
                0x0001a4f2       0x38 Output/Release/Obj/ble_app_uart_pca10040e_s112/ble_advdata.o
 .text.ble_advdata_encode
                0x0001a52a      0x38c Output/Release/Obj/ble_app_uart_pca10040e_s112/ble_advdata.o
                0x0001a52a                ble_advdata_encode
 .text.sd_ble_gap_conn_param_update
                0x0001a8b6        0x4 Output/Release/Obj/ble_app_uart_pca10040e_s112/ble_conn_params.o
 .text.sd_ble_gap_disconnect
                0x0001a8ba        0x4 Output/Release/Obj/ble_app_uart_pca10040e_s112/ble_conn_params.o
 .text.sd_ble_gap_ppcp_set
                0x0001a8be        0x4 Output/Release/Obj/ble_app_uart_pca10040e_s112/ble_conn_params.o
 .text.sd_ble_gap_ppcp_get
                0x0001a8c2        0x4 Output/Release/Obj/ble_app_uart_pca10040e_s112/ble_conn_params.o
 *fill*         0x0001a8c6        0x2 
 .text.instance_get
                0x0001a8c8       0x14 Output/Release/Obj/ble_app_uart_pca10040e_s112/ble_conn_params.o
 .text.send_error_evt
                0x0001a8dc       0x10 Output/Release/Obj/ble_app_uart_pca10040e_s112/ble_conn_params.o
 .text.update_timeout_handler
                0x0001a8ec       0x70 Output/Release/Obj/ble_app_uart_pca10040e_s112/ble_conn_params.o
 .text.conn_params_negotiation
                0x0001a95c       0x48 Output/Release/Obj/ble_app_uart_pca10040e_s112/ble_conn_params.o
 .text.is_conn_params_ok.constprop.0
                0x0001a9a4       0x34 Output/Release/Obj/ble_app_uart_pca10040e_s112/ble_conn_params.o
 .text.ble_evt_handler
                0x0001a9d8       0xe0 Output/Release/Obj/ble_app_uart_pca10040e_s112/ble_conn_params.o
 .text.ble_conn_params_init
                0x0001aab8       0x74 Output/Release/Obj/ble_app_uart_pca10040e_s112/ble_conn_params.o
                0x0001aab8                ble_conn_params_init
 .text.flag_toggle
                0x0001ab2c        0xa Output/Release/Obj/ble_app_uart_pca10040e_s112/ble_conn_state.o
 .text.conn_handle_list_get
                0x0001ab36       0x2e Output/Release/Obj/ble_app_uart_pca10040e_s112/ble_conn_state.o
                0x0001ab36                conn_handle_list_get
 .text.ble_evt_handler
                0x0001ab64      0x110 Output/Release/Obj/ble_app_uart_pca10040e_s112/ble_conn_state.o
 .text.sd_ble_gatts_characteristic_add
                0x0001ac74        0x4 Output/Release/Obj/ble_app_uart_pca10040e_s112/ble_srv_common.o
 .text.set_security_req
                0x0001ac78       0x2a Output/Release/Obj/ble_app_uart_pca10040e_s112/ble_srv_common.o
 .text.ble_srv_is_notification_enabled
                0x0001aca2        0x8 Output/Release/Obj/ble_app_uart_pca10040e_s112/ble_srv_common.o
                0x0001aca2                ble_srv_is_notification_enabled
 .text.characteristic_add
                0x0001acaa      0x142 Output/Release/Obj/ble_app_uart_pca10040e_s112/ble_srv_common.o
                0x0001acaa                characteristic_add
 .text.sd_ble_gattc_exchange_mtu_request
                0x0001adec        0x4 Output/Release/Obj/ble_app_uart_pca10040e_s112/nrf_ble_gatt.o
 .text.sd_ble_gatts_exchange_mtu_reply
                0x0001adf0        0x4 Output/Release/Obj/ble_app_uart_pca10040e_s112/nrf_ble_gatt.o
 .text.nrf_ble_gatt_init
                0x0001adf4       0x1e Output/Release/Obj/ble_app_uart_pca10040e_s112/nrf_ble_gatt.o
                0x0001adf4                nrf_ble_gatt_init
 *fill*         0x0001ae12        0x2 
 .text.nrf_ble_gatt_on_ble_evt
                0x0001ae14      0x140 Output/Release/Obj/ble_app_uart_pca10040e_s112/nrf_ble_gatt.o
                0x0001ae14                nrf_ble_gatt_on_ble_evt
 .text.sd_ble_gatts_rw_authorize_reply
                0x0001af54        0x4 Output/Release/Obj/ble_app_uart_pca10040e_s112/nrf_ble_qwr.o
 .text.sd_ble_user_mem_reply
                0x0001af58        0x4 Output/Release/Obj/ble_app_uart_pca10040e_s112/nrf_ble_qwr.o
 .text.user_mem_reply.part.0
                0x0001af5c       0x24 Output/Release/Obj/ble_app_uart_pca10040e_s112/nrf_ble_qwr.o
 .text.nrf_ble_qwr_init
                0x0001af80       0x24 Output/Release/Obj/ble_app_uart_pca10040e_s112/nrf_ble_qwr.o
                0x0001af80                nrf_ble_qwr_init
 .text.nrf_ble_qwr_conn_handle_assign
                0x0001afa4       0x16 Output/Release/Obj/ble_app_uart_pca10040e_s112/nrf_ble_qwr.o
                0x0001afa4                nrf_ble_qwr_conn_handle_assign
 .text.nrf_ble_qwr_on_ble_evt
                0x0001afba       0xa6 Output/Release/Obj/ble_app_uart_pca10040e_s112/nrf_ble_qwr.o
                0x0001afba                nrf_ble_qwr_on_ble_evt
 .text.sd_ble_gatts_service_add
                0x0001b060        0x4 Output/Release/Obj/ble_app_uart_pca10040e_s112/ble_lbs.o
 .text.sd_ble_gatts_hvx
                0x0001b064        0x4 Output/Release/Obj/ble_app_uart_pca10040e_s112/ble_lbs.o
 .text.sd_ble_uuid_vs_add
                0x0001b068        0x4 Output/Release/Obj/ble_app_uart_pca10040e_s112/ble_lbs.o
 .text.ble_lbs_on_ble_evt
                0x0001b06c       0x26 Output/Release/Obj/ble_app_uart_pca10040e_s112/ble_lbs.o
                0x0001b06c                ble_lbs_on_ble_evt
 *fill*         0x0001b092        0x2 
 .text.ble_lbs_init
                0x0001b094       0xdc Output/Release/Obj/ble_app_uart_pca10040e_s112/ble_lbs.o
                0x0001b094                ble_lbs_init
 .text.ble_lbs_on_button_change
                0x0001b170       0x3a Output/Release/Obj/ble_app_uart_pca10040e_s112/ble_lbs.o
                0x0001b170                ble_lbs_on_button_change
 *fill*         0x0001b1aa        0x2 
 .text.clock_clk_started_notify
                0x0001b1ac       0x28 Output/Release/Obj/ble_app_uart_pca10040e_s112/nrf_drv_clock.o
 .text.clock_irq_handler
                0x0001b1d4       0x1c Output/Release/Obj/ble_app_uart_pca10040e_s112/nrf_drv_clock.o
 .text.soc_evt_handler
                0x0001b1f0       0x14 Output/Release/Obj/ble_app_uart_pca10040e_s112/nrf_drv_clock.o
 .text.nrf_drv_clock_init
                0x0001b204       0x38 Output/Release/Obj/ble_app_uart_pca10040e_s112/nrf_drv_clock.o
                0x0001b204                nrf_drv_clock_init
 .text.nrf_drv_clock_lfclk_release
                0x0001b23c       0x34 Output/Release/Obj/ble_app_uart_pca10040e_s112/nrf_drv_clock.o
                0x0001b23c                nrf_drv_clock_lfclk_release
 .text.sd_state_evt_handler
                0x0001b270       0x5c Output/Release/Obj/ble_app_uart_pca10040e_s112/nrf_drv_clock.o
 .text.nrfx_clock_init
                0x0001b2cc       0x18 Output/Release/Obj/ble_app_uart_pca10040e_s112/nrfx_clock.o
                0x0001b2cc                nrfx_clock_init
 .text.nrfx_clock_enable
                0x0001b2e4       0x24 Output/Release/Obj/ble_app_uart_pca10040e_s112/nrfx_clock.o
                0x0001b2e4                nrfx_clock_enable
 .text.nrfx_clock_lfclk_stop
                0x0001b308       0x12 Output/Release/Obj/ble_app_uart_pca10040e_s112/nrfx_clock.o
                0x0001b308                nrfx_clock_lfclk_stop
 *fill*         0x0001b31a        0x2 
 .text.POWER_CLOCK_IRQHandler
                0x0001b31c       0x64 Output/Release/Obj/ble_app_uart_pca10040e_s112/nrfx_clock.o
                0x0001b31c                POWER_CLOCK_IRQHandler
 .text.nrf_gpiote_event_clear
                0x0001b380       0x18 Output/Release/Obj/ble_app_uart_pca10040e_s112/nrfx_gpiote.o
 .text.nrf_gpio_cfg_sense_set
                0x0001b398       0x20 Output/Release/Obj/ble_app_uart_pca10040e_s112/nrfx_gpiote.o
 .text.nrf_bitmask_bit_set
                0x0001b3b8       0x12 Output/Release/Obj/ble_app_uart_pca10040e_s112/nrfx_gpiote.o
 *fill*         0x0001b3ca        0x2 
 .text.channel_free
                0x0001b3cc       0x1c Output/Release/Obj/ble_app_uart_pca10040e_s112/nrfx_gpiote.o
 .text.nrfx_gpiote_init
                0x0001b3e8       0x64 Output/Release/Obj/ble_app_uart_pca10040e_s112/nrfx_gpiote.o
                0x0001b3e8                nrfx_gpiote_init
 .text.nrfx_gpiote_is_init
                0x0001b44c       0x14 Output/Release/Obj/ble_app_uart_pca10040e_s112/nrfx_gpiote.o
                0x0001b44c                nrfx_gpiote_is_init
 .text.nrfx_gpiote_in_init
                0x0001b460       0xec Output/Release/Obj/ble_app_uart_pca10040e_s112/nrfx_gpiote.o
                0x0001b460                nrfx_gpiote_in_init
 .text.nrfx_gpiote_in_event_enable
                0x0001b54c       0x80 Output/Release/Obj/ble_app_uart_pca10040e_s112/nrfx_gpiote.o
                0x0001b54c                nrfx_gpiote_in_event_enable
 .text.nrfx_gpiote_in_event_disable
                0x0001b5cc       0x44 Output/Release/Obj/ble_app_uart_pca10040e_s112/nrfx_gpiote.o
                0x0001b5cc                nrfx_gpiote_in_event_disable
 .text.nrfx_gpiote_in_is_set
                0x0001b610       0x12 Output/Release/Obj/ble_app_uart_pca10040e_s112/nrfx_gpiote.o
                0x0001b610                nrfx_gpiote_in_is_set
 *fill*         0x0001b622        0x2 
 .text.GPIOTE_IRQHandler
                0x0001b624      0x180 Output/Release/Obj/ble_app_uart_pca10040e_s112/nrfx_gpiote.o
                0x0001b624                GPIOTE_IRQHandler
 .text.UARTE0_UART0_IRQHandler
                0x0001b7a4        0xc Output/Release/Obj/ble_app_uart_pca10040e_s112/nrfx_prs.o
                0x0001b7a4                UARTE0_UART0_IRQHandler
 .text.nrfx_prs_acquire
                0x0001b7b0       0x40 Output/Release/Obj/ble_app_uart_pca10040e_s112/nrfx_prs.o
                0x0001b7b0                nrfx_prs_acquire
 .text.nrf_uarte_event_clear
                0x0001b7f0       0x10 Output/Release/Obj/ble_app_uart_pca10040e_s112/nrfx_uarte.o
 .text.rx_done_event.constprop.0
                0x0001b800       0x20 Output/Release/Obj/ble_app_uart_pca10040e_s112/nrfx_uarte.o
 .text.nrfx_uarte_0_irq_handler
                0x0001b820      0x118 Output/Release/Obj/ble_app_uart_pca10040e_s112/nrfx_uarte.o
                0x0001b820                nrfx_uarte_0_irq_handler
 .text.nrfx_uarte_init
                0x0001b938      0x17c Output/Release/Obj/ble_app_uart_pca10040e_s112/nrfx_uarte.o
                0x0001b938                nrfx_uarte_init
 .text.nrfx_uarte_tx_in_progress
                0x0001bab4       0x18 Output/Release/Obj/ble_app_uart_pca10040e_s112/nrfx_uarte.o
                0x0001bab4                nrfx_uarte_tx_in_progress
 .text.nrfx_uarte_tx
                0x0001bacc       0x94 Output/Release/Obj/ble_app_uart_pca10040e_s112/nrfx_uarte.o
                0x0001bacc                nrfx_uarte_tx
 .text.state_set
                0x0001bb60       0x24 Output/Release/Obj/ble_app_uart_pca10040e_s112/app_button.o
 .text.button_get
                0x0001bb84       0x30 Output/Release/Obj/ble_app_uart_pca10040e_s112/app_button.o
 .text.usr_event
                0x0001bbb4       0x1c Output/Release/Obj/ble_app_uart_pca10040e_s112/app_button.o
 .text.timer_start
                0x0001bbd0       0x18 Output/Release/Obj/ble_app_uart_pca10040e_s112/app_button.o
 .text.gpiote_event_handler
                0x0001bbe8       0x34 Output/Release/Obj/ble_app_uart_pca10040e_s112/app_button.o
 .text.evt_handle
                0x0001bc1c       0xec Output/Release/Obj/ble_app_uart_pca10040e_s112/app_button.o
                0x0001bc1c                evt_handle
 .text.detection_delay_timeout_handler
                0x0001bd08       0x5c Output/Release/Obj/ble_app_uart_pca10040e_s112/app_button.o
 .text.app_button_init
                0x0001bd64       0xac Output/Release/Obj/ble_app_uart_pca10040e_s112/app_button.o
                0x0001bd64                app_button_init
 .text.app_button_enable
                0x0001be10       0x2c Output/Release/Obj/ble_app_uart_pca10040e_s112/app_button.o
                0x0001be10                app_button_enable
 .text.app_button_disable
                0x0001be3c       0x58 Output/Release/Obj/ble_app_uart_pca10040e_s112/app_button.o
                0x0001be3c                app_button_disable
 .text.app_error_handler_bare
                0x0001be94       0x1a Output/Release/Obj/ble_app_uart_pca10040e_s112/app_error.o
                0x0001be94                app_error_handler_bare
 *fill*         0x0001beae        0x2 
 .text.app_error_fault_handler
                0x0001beb0       0x6c Output/Release/Obj/ble_app_uart_pca10040e_s112/app_error_weak.o
                0x0001beb0                app_error_fault_handler
 .text.compare_func
                0x0001bf1c       0x16 Output/Release/Obj/ble_app_uart_pca10040e_s112/app_timer2.o
 *fill*         0x0001bf32        0x2 
 .text.get_now  0x0001bf34       0x38 Output/Release/Obj/ble_app_uart_pca10040e_s112/app_timer2.o
 .text.timer_expire
                0x0001bf6c       0x64 Output/Release/Obj/ble_app_uart_pca10040e_s112/app_timer2.o
 .text.timer_req_schedule
                0x0001bfd0       0x38 Output/Release/Obj/ble_app_uart_pca10040e_s112/app_timer2.o
 .text.app_timer_init
                0x0001c008       0x64 Output/Release/Obj/ble_app_uart_pca10040e_s112/app_timer2.o
                0x0001c008                app_timer_init
 .text.app_timer_create
                0x0001c06c       0x16 Output/Release/Obj/ble_app_uart_pca10040e_s112/app_timer2.o
                0x0001c06c                app_timer_create
 .text.app_timer_start
                0x0001c082       0x30 Output/Release/Obj/ble_app_uart_pca10040e_s112/app_timer2.o
                0x0001c082                app_timer_start
 .text.app_timer_stop
                0x0001c0b2        0xc Output/Release/Obj/ble_app_uart_pca10040e_s112/app_timer2.o
                0x0001c0b2                app_timer_stop
 *fill*         0x0001c0be        0x2 
 .text.app_timer_cnt_get
                0x0001c0c0        0xc Output/Release/Obj/ble_app_uart_pca10040e_s112/app_timer2.o
                0x0001c0c0                app_timer_cnt_get
 .text.rtc_irq  0x0001c0cc      0x180 Output/Release/Obj/ble_app_uart_pca10040e_s112/app_timer2.o
 .text.app_util_critical_region_enter
                0x0001c24c       0x48 Output/Release/Obj/ble_app_uart_pca10040e_s112/app_util_platform.o
                0x0001c24c                app_util_critical_region_enter
 .text.app_util_critical_region_exit
                0x0001c294       0x2c Output/Release/Obj/ble_app_uart_pca10040e_s112/app_util_platform.o
                0x0001c294                app_util_critical_region_exit
 .text.evt_pending.isra.0
                0x0001c2c0       0x18 Output/Release/Obj/ble_app_uart_pca10040e_s112/drv_rtc.o
 .text.drv_rtc_init
                0x0001c2d8       0xac Output/Release/Obj/ble_app_uart_pca10040e_s112/drv_rtc.o
                0x0001c2d8                drv_rtc_init
 .text.drv_rtc_start
                0x0001c384        0x8 Output/Release/Obj/ble_app_uart_pca10040e_s112/drv_rtc.o
                0x0001c384                drv_rtc_start
 .text.drv_rtc_stop
                0x0001c38c        0x8 Output/Release/Obj/ble_app_uart_pca10040e_s112/drv_rtc.o
                0x0001c38c                drv_rtc_stop
 .text.drv_rtc_compare_set
                0x0001c394       0x3e Output/Release/Obj/ble_app_uart_pca10040e_s112/drv_rtc.o
                0x0001c394                drv_rtc_compare_set
 *fill*         0x0001c3d2        0x2 
 .text.drv_rtc_windowed_compare_set
                0x0001c3d4       0xe4 Output/Release/Obj/ble_app_uart_pca10040e_s112/drv_rtc.o
                0x0001c3d4                drv_rtc_windowed_compare_set
 .text.drv_rtc_overflow_enable
                0x0001c4b8       0x10 Output/Release/Obj/ble_app_uart_pca10040e_s112/drv_rtc.o
                0x0001c4b8                drv_rtc_overflow_enable
 .text.drv_rtc_overflow_pending
                0x0001c4c8        0xa Output/Release/Obj/ble_app_uart_pca10040e_s112/drv_rtc.o
                0x0001c4c8                drv_rtc_overflow_pending
 .text.drv_rtc_compare_disable
                0x0001c4d2       0x14 Output/Release/Obj/ble_app_uart_pca10040e_s112/drv_rtc.o
                0x0001c4d2                drv_rtc_compare_disable
 .text.drv_rtc_compare_pending
                0x0001c4e6        0xc Output/Release/Obj/ble_app_uart_pca10040e_s112/drv_rtc.o
                0x0001c4e6                drv_rtc_compare_pending
 .text.drv_rtc_counter_get
                0x0001c4f2        0x8 Output/Release/Obj/ble_app_uart_pca10040e_s112/drv_rtc.o
                0x0001c4f2                drv_rtc_counter_get
 *fill*         0x0001c4fa        0x2 
 .text.drv_rtc_irq_trigger
                0x0001c4fc       0x20 Output/Release/Obj/ble_app_uart_pca10040e_s112/drv_rtc.o
                0x0001c4fc                drv_rtc_irq_trigger
 .text.RTC1_IRQHandler
                0x0001c51c       0x14 Output/Release/Obj/ble_app_uart_pca10040e_s112/drv_rtc.o
                0x0001c51c                RTC1_IRQHandler
 .text.nrf_atfifo_wspace_close
                0x0001c530       0x12 Output/Release/Obj/ble_app_uart_pca10040e_s112/nrf_atfifo.o
 .text.nrf_atfifo_rspace_close
                0x0001c542       0x12 Output/Release/Obj/ble_app_uart_pca10040e_s112/nrf_atfifo.o
 .text.nrf_atfifo_init
                0x0001c554       0x26 Output/Release/Obj/ble_app_uart_pca10040e_s112/nrf_atfifo.o
                0x0001c554                nrf_atfifo_init
 .text.nrf_atfifo_item_alloc
                0x0001c57a       0x54 Output/Release/Obj/ble_app_uart_pca10040e_s112/nrf_atfifo.o
                0x0001c57a                nrf_atfifo_item_alloc
 .text.nrf_atfifo_item_put
                0x0001c5ce       0x16 Output/Release/Obj/ble_app_uart_pca10040e_s112/nrf_atfifo.o
                0x0001c5ce                nrf_atfifo_item_put
 .text.nrf_atfifo_item_get
                0x0001c5e4       0x56 Output/Release/Obj/ble_app_uart_pca10040e_s112/nrf_atfifo.o
                0x0001c5e4                nrf_atfifo_item_get
 .text.nrf_atfifo_item_free
                0x0001c63a       0x16 Output/Release/Obj/ble_app_uart_pca10040e_s112/nrf_atfifo.o
                0x0001c63a                nrf_atfifo_item_free
 .text.nrf_atflags_set
                0x0001c650       0x12 Output/Release/Obj/ble_app_uart_pca10040e_s112/nrf_atflags.o
                0x0001c650                nrf_atflags_set
 .text.nrf_atflags_clear
                0x0001c662       0x14 Output/Release/Obj/ble_app_uart_pca10040e_s112/nrf_atflags.o
                0x0001c662                nrf_atflags_clear
 .text.nrf_atflags_get
                0x0001c676       0x12 Output/Release/Obj/ble_app_uart_pca10040e_s112/nrf_atflags.o
                0x0001c676                nrf_atflags_get
 .text.nrf_atomic_u32_fetch_store
                0x0001c688       0x16 Output/Release/Obj/ble_app_uart_pca10040e_s112/nrf_atomic.o
                0x0001c688                nrf_atomic_u32_fetch_store
 .text.nrf_atomic_u32_or
                0x0001c69e       0x18 Output/Release/Obj/ble_app_uart_pca10040e_s112/nrf_atomic.o
                0x0001c69e                nrf_atomic_u32_or
 .text.nrf_atomic_u32_fetch_and
                0x0001c6b6       0x18 Output/Release/Obj/ble_app_uart_pca10040e_s112/nrf_atomic.o
                0x0001c6b6                nrf_atomic_u32_fetch_and
 .text.nrf_atomic_u32_and
                0x0001c6ce       0x18 Output/Release/Obj/ble_app_uart_pca10040e_s112/nrf_atomic.o
                0x0001c6ce                nrf_atomic_u32_and
 .text.nrf_atomic_u32_add
                0x0001c6e6       0x18 Output/Release/Obj/ble_app_uart_pca10040e_s112/nrf_atomic.o
                0x0001c6e6                nrf_atomic_u32_add
 .text.nrf_atomic_u32_sub
                0x0001c6fe       0x18 Output/Release/Obj/ble_app_uart_pca10040e_s112/nrf_atomic.o
                0x0001c6fe                nrf_atomic_u32_sub
 .text.nrf_atomic_flag_set
                0x0001c716        0x6 Output/Release/Obj/ble_app_uart_pca10040e_s112/nrf_atomic.o
                0x0001c716                nrf_atomic_flag_set
 .text.nrf_atomic_flag_clear_fetch
                0x0001c71c        0x6 Output/Release/Obj/ble_app_uart_pca10040e_s112/nrf_atomic.o
                0x0001c71c                nrf_atomic_flag_clear_fetch
 .text.nrf_balloc_init
                0x0001c722       0x2e Output/Release/Obj/ble_app_uart_pca10040e_s112/nrf_balloc.o
                0x0001c722                nrf_balloc_init
 .text.nrf_balloc_alloc
                0x0001c750       0x48 Output/Release/Obj/ble_app_uart_pca10040e_s112/nrf_balloc.o
                0x0001c750                nrf_balloc_alloc
 .text.nrf_balloc_free
                0x0001c798       0x34 Output/Release/Obj/ble_app_uart_pca10040e_s112/nrf_balloc.o
                0x0001c798                nrf_balloc_free
 .text.nrf_fprintf_buffer_flush
                0x0001c7cc       0x16 Output/Release/Obj/ble_app_uart_pca10040e_s112/nrf_fprintf.o
                0x0001c7cc                nrf_fprintf_buffer_flush
 .text.nrf_fprintf
                0x0001c7e2       0x1c Output/Release/Obj/ble_app_uart_pca10040e_s112/nrf_fprintf.o
                0x0001c7e2                nrf_fprintf
 .text.buffer_add
                0x0001c7fe       0x2e Output/Release/Obj/ble_app_uart_pca10040e_s112/nrf_fprintf_format.o
 .text.unsigned_print
                0x0001c82c       0xb4 Output/Release/Obj/ble_app_uart_pca10040e_s112/nrf_fprintf_format.o
 .text.nrf_fprintf_fmt
                0x0001c8e0      0x2b0 Output/Release/Obj/ble_app_uart_pca10040e_s112/nrf_fprintf_format.o
                0x0001c8e0                nrf_fprintf_fmt
 .text.memobj_op
                0x0001cb90       0x86 Output/Release/Obj/ble_app_uart_pca10040e_s112/nrf_memobj.o
 .text.nrf_memobj_pool_init
                0x0001cc16        0x4 Output/Release/Obj/ble_app_uart_pca10040e_s112/nrf_memobj.o
                0x0001cc16                nrf_memobj_pool_init
 .text.nrf_memobj_free
                0x0001cc1a       0x2c Output/Release/Obj/ble_app_uart_pca10040e_s112/nrf_memobj.o
                0x0001cc1a                nrf_memobj_free
 .text.nrf_memobj_alloc
                0x0001cc46       0x58 Output/Release/Obj/ble_app_uart_pca10040e_s112/nrf_memobj.o
                0x0001cc46                nrf_memobj_alloc
 .text.nrf_memobj_get
                0x0001cc9e        0x8 Output/Release/Obj/ble_app_uart_pca10040e_s112/nrf_memobj.o
                0x0001cc9e                nrf_memobj_get
 .text.nrf_memobj_put
                0x0001cca6       0x1c Output/Release/Obj/ble_app_uart_pca10040e_s112/nrf_memobj.o
                0x0001cca6                nrf_memobj_put
 .text.nrf_memobj_write
                0x0001ccc2       0x14 Output/Release/Obj/ble_app_uart_pca10040e_s112/nrf_memobj.o
                0x0001ccc2                nrf_memobj_write
 .text.nrf_memobj_read
                0x0001ccd6       0x14 Output/Release/Obj/ble_app_uart_pca10040e_s112/nrf_memobj.o
                0x0001ccd6                nrf_memobj_read
 *fill*         0x0001ccea        0x2 
 .text.nrf_pwr_mgmt_init
                0x0001ccec       0x2c Output/Release/Obj/ble_app_uart_pca10040e_s112/nrf_pwr_mgmt.o
                0x0001ccec                nrf_pwr_mgmt_init
 .text.nrf_ringbuf_init
                0x0001cd18       0x12 Output/Release/Obj/ble_app_uart_pca10040e_s112/nrf_ringbuf.o
                0x0001cd18                nrf_ringbuf_init
 .text.nrf_section_iter_init
                0x0001cd2a       0x10 Output/Release/Obj/ble_app_uart_pca10040e_s112/nrf_section_iter.o
                0x0001cd2a                nrf_section_iter_init
 .text.nrf_section_iter_next
                0x0001cd3a       0x18 Output/Release/Obj/ble_app_uart_pca10040e_s112/nrf_section_iter.o
                0x0001cd3a                nrf_section_iter_next
 .text.nrf_sortlist_add
                0x0001cd52       0x22 Output/Release/Obj/ble_app_uart_pca10040e_s112/nrf_sortlist.o
                0x0001cd52                nrf_sortlist_add
 .text.nrf_sortlist_pop
                0x0001cd74        0xc Output/Release/Obj/ble_app_uart_pca10040e_s112/nrf_sortlist.o
                0x0001cd74                nrf_sortlist_pop
 .text.nrf_sortlist_peek
                0x0001cd80        0x6 Output/Release/Obj/ble_app_uart_pca10040e_s112/nrf_sortlist.o
                0x0001cd80                nrf_sortlist_peek
 .text.nrf_sortlist_remove
                0x0001cd86       0x1a Output/Release/Obj/ble_app_uart_pca10040e_s112/nrf_sortlist.o
                0x0001cd86                nrf_sortlist_remove
 .text.nrf_strerror_find
                0x0001cda0       0x34 Output/Release/Obj/ble_app_uart_pca10040e_s112/nrf_strerror.o
                0x0001cda0                nrf_strerror_find
 .text.nrf_strerror_get
                0x0001cdd4       0x14 Output/Release/Obj/ble_app_uart_pca10040e_s112/nrf_strerror.o
                0x0001cdd4                nrf_strerror_get
 .text.nrf_log_backend_rtt_flush
                0x0001cde8        0x2 Output/Release/Obj/ble_app_uart_pca10040e_s112/nrf_log_backend_rtt.o
 *fill*         0x0001cdea        0x2 
 .text.nrf_log_backend_rtt_put
                0x0001cdec       0x1c Output/Release/Obj/ble_app_uart_pca10040e_s112/nrf_log_backend_rtt.o
 .text.serial_tx
                0x0001ce08       0x54 Output/Release/Obj/ble_app_uart_pca10040e_s112/nrf_log_backend_rtt.o
 .text.nrf_log_backend_rtt_panic_set
                0x0001ce5c        0x2 Output/Release/Obj/ble_app_uart_pca10040e_s112/nrf_log_backend_rtt.o
 .text.nrf_log_backend_rtt_init
                0x0001ce5e        0x4 Output/Release/Obj/ble_app_uart_pca10040e_s112/nrf_log_backend_rtt.o
                0x0001ce5e                nrf_log_backend_rtt_init
 .text.nrf_log_backend_serial_put
                0x0001ce62       0xc2 Output/Release/Obj/ble_app_uart_pca10040e_s112/nrf_log_backend_serial.o
                0x0001ce62                nrf_log_backend_serial_put
 .text.nrf_log_default_backends_init
                0x0001cf24       0x20 Output/Release/Obj/ble_app_uart_pca10040e_s112/nrf_log_default_backends.o
                0x0001cf24                nrf_log_default_backends_init
 .text.invalid_packets_omit
                0x0001cf44       0x38 Output/Release/Obj/ble_app_uart_pca10040e_s112/nrf_log_frontend.o
 .text.buf_prealloc.isra.0
                0x0001cf7c      0x124 Output/Release/Obj/ble_app_uart_pca10040e_s112/nrf_log_frontend.o
 .text.nrf_log_init
                0x0001d0a0       0x3c Output/Release/Obj/ble_app_uart_pca10040e_s112/nrf_log_frontend.o
                0x0001d0a0                nrf_log_init
 .text.nrf_log_module_name_get
                0x0001d0dc       0x38 Output/Release/Obj/ble_app_uart_pca10040e_s112/nrf_log_frontend.o
                0x0001d0dc                nrf_log_module_name_get
 .text.nrf_log_color_id_get
                0x0001d114       0x2c Output/Release/Obj/ble_app_uart_pca10040e_s112/nrf_log_frontend.o
                0x0001d114                nrf_log_color_id_get
 .text.buffer_is_empty
                0x0001d140       0x14 Output/Release/Obj/ble_app_uart_pca10040e_s112/nrf_log_frontend.o
                0x0001d140                buffer_is_empty
 .text.nrf_log_frontend_dequeue
                0x0001d154      0x228 Output/Release/Obj/ble_app_uart_pca10040e_s112/nrf_log_frontend.o
                0x0001d154                nrf_log_frontend_dequeue
 .text.std_n    0x0001d37c       0x98 Output/Release/Obj/ble_app_uart_pca10040e_s112/nrf_log_frontend.o
 .text.nrf_log_frontend_std_0
                0x0001d414        0x8 Output/Release/Obj/ble_app_uart_pca10040e_s112/nrf_log_frontend.o
                0x0001d414                nrf_log_frontend_std_0
 .text.nrf_log_frontend_std_1
                0x0001d41c       0x12 Output/Release/Obj/ble_app_uart_pca10040e_s112/nrf_log_frontend.o
                0x0001d41c                nrf_log_frontend_std_1
 .text.nrf_log_frontend_std_2
                0x0001d42e       0x14 Output/Release/Obj/ble_app_uart_pca10040e_s112/nrf_log_frontend.o
                0x0001d42e                nrf_log_frontend_std_2
 *fill*         0x0001d442        0x2 
 .text.nrf_log_backend_add
                0x0001d444       0x44 Output/Release/Obj/ble_app_uart_pca10040e_s112/nrf_log_frontend.o
                0x0001d444                nrf_log_backend_add
 .text.nrf_log_panic
                0x0001d488       0x28 Output/Release/Obj/ble_app_uart_pca10040e_s112/nrf_log_frontend.o
                0x0001d488                nrf_log_panic
 .text.postfix_process
                0x0001d4b0       0x3c Output/Release/Obj/ble_app_uart_pca10040e_s112/nrf_log_str_formatter.o
 .text.prefix_process.constprop.0
                0x0001d4ec       0x78 Output/Release/Obj/ble_app_uart_pca10040e_s112/nrf_log_str_formatter.o
 .text.nrf_log_std_entry_process
                0x0001d564       0xc8 Output/Release/Obj/ble_app_uart_pca10040e_s112/nrf_log_str_formatter.o
                0x0001d564                nrf_log_std_entry_process
 .text.nrf_log_hexdump_entry_process
                0x0001d62c       0xac Output/Release/Obj/ble_app_uart_pca10040e_s112/nrf_log_str_formatter.o
                0x0001d62c                nrf_log_hexdump_entry_process
 .text._GetAvailWriteSpace
                0x0001d6d8       0x12 Output/Release/Obj/ble_app_uart_pca10040e_s112/SEGGER_RTT.o
 .text._WriteNoCheck
                0x0001d6ea       0x36 Output/Release/Obj/ble_app_uart_pca10040e_s112/SEGGER_RTT.o
 .text._WriteBlocking
                0x0001d720       0x54 Output/Release/Obj/ble_app_uart_pca10040e_s112/SEGGER_RTT.o
 .text._DoInit  0x0001d774       0x60 Output/Release/Obj/ble_app_uart_pca10040e_s112/SEGGER_RTT.o
 .text.SEGGER_RTT_WriteNoLock
                0x0001d7d4       0x58 Output/Release/Obj/ble_app_uart_pca10040e_s112/SEGGER_RTT.o
                0x0001d7d4                SEGGER_RTT_WriteNoLock
 .text.SEGGER_RTT_Init
                0x0001d82c        0x4 Output/Release/Obj/ble_app_uart_pca10040e_s112/SEGGER_RTT.o
                0x0001d82c                SEGGER_RTT_Init
 .text.sd_softdevice_enable
                0x0001d830        0x4 Output/Release/Obj/ble_app_uart_pca10040e_s112/nrf_sdh.o
 .text.sdh_request_observer_notify
                0x0001d834       0x30 Output/Release/Obj/ble_app_uart_pca10040e_s112/nrf_sdh.o
 .text.sdh_state_observer_notify
                0x0001d864       0x28 Output/Release/Obj/ble_app_uart_pca10040e_s112/nrf_sdh.o
 .text.softdevices_evt_irq_enable
                0x0001d88c       0x38 Output/Release/Obj/ble_app_uart_pca10040e_s112/nrf_sdh.o
 .text.nrf_sdh_enable_request
                0x0001d8c4       0x7c Output/Release/Obj/ble_app_uart_pca10040e_s112/nrf_sdh.o
                0x0001d8c4                nrf_sdh_enable_request
 .text.nrf_sdh_is_enabled
                0x0001d940        0xc Output/Release/Obj/ble_app_uart_pca10040e_s112/nrf_sdh.o
                0x0001d940                nrf_sdh_is_enabled
 .text.nrf_sdh_evts_poll
                0x0001d94c       0x28 Output/Release/Obj/ble_app_uart_pca10040e_s112/nrf_sdh.o
                0x0001d94c                nrf_sdh_evts_poll
 .text.SWI2_IRQHandler
                0x0001d974        0x4 Output/Release/Obj/ble_app_uart_pca10040e_s112/nrf_sdh.o
                0x0001d974                SWI2_IRQHandler
 .text.sd_ble_enable
                0x0001d978        0x4 Output/Release/Obj/ble_app_uart_pca10040e_s112/nrf_sdh_ble.o
 .text.sd_ble_cfg_set
                0x0001d97c        0x4 Output/Release/Obj/ble_app_uart_pca10040e_s112/nrf_sdh_ble.o
 .text.sd_ble_evt_get
                0x0001d980        0x4 Output/Release/Obj/ble_app_uart_pca10040e_s112/nrf_sdh_ble.o
 .text.nrf_sdh_ble_evts_poll.part.0
                0x0001d984       0x54 Output/Release/Obj/ble_app_uart_pca10040e_s112/nrf_sdh_ble.o
 .text.nrf_sdh_ble_evts_poll
                0x0001d9d8       0x10 Output/Release/Obj/ble_app_uart_pca10040e_s112/nrf_sdh_ble.o
 .text.nrf_sdh_ble_default_cfg_set
                0x0001d9e8      0x17c Output/Release/Obj/ble_app_uart_pca10040e_s112/nrf_sdh_ble.o
                0x0001d9e8                nrf_sdh_ble_default_cfg_set
 .text.nrf_sdh_ble_enable
                0x0001db64       0x94 Output/Release/Obj/ble_app_uart_pca10040e_s112/nrf_sdh_ble.o
                0x0001db64                nrf_sdh_ble_enable
 .text.sd_evt_get
                0x0001dbf8        0x4 Output/Release/Obj/ble_app_uart_pca10040e_s112/nrf_sdh_soc.o
 .text.nrf_sdh_soc_evts_poll
                0x0001dbfc       0x40 Output/Release/Obj/ble_app_uart_pca10040e_s112/nrf_sdh_soc.o
 .text.libc.__aeabi_uldivmod
                0x0001dc3c      0x130 C:/Program Files/SEGGER/SEGGER Embedded Studio 8.24/lib/libc_v7em_t_le_eabi_balanced.a(intasmops_arm.o)
                0x0001dc3c                __aeabi_uldivmod
 .text.libc.__SEGGER_RTL_putc
                0x0001dd6c       0x84 C:/Program Files/SEGGER/SEGGER Embedded Studio 8.24/lib/libc_v7em_t_le_eabi_balanced.a(prinops.o)
                0x0001dd6c                __SEGGER_RTL_putc
 .text.libc.__SEGGER_RTL_prin_flush
                0x0001ddf0       0x1a C:/Program Files/SEGGER/SEGGER Embedded Studio 8.24/lib/libc_v7em_t_le_eabi_balanced.a(prinops.o)
                0x0001ddf0                __SEGGER_RTL_prin_flush
 .text.libc.__SEGGER_RTL_print_padding
                0x0001de0a       0x1c C:/Program Files/SEGGER/SEGGER Embedded Studio 8.24/lib/libc_v7em_t_le_eabi_balanced.a(prinops.o)
                0x0001de0a                __SEGGER_RTL_print_padding
 .text.libc.__SEGGER_RTL_pre_padding
                0x0001de26       0x12 C:/Program Files/SEGGER/SEGGER Embedded Studio 8.24/lib/libc_v7em_t_le_eabi_balanced.a(prinops.o)
                0x0001de26                __SEGGER_RTL_pre_padding
 .text.libc.__SEGGER_RTL_init_prin
                0x0001de38       0x18 C:/Program Files/SEGGER/SEGGER Embedded Studio 8.24/lib/libc_v7em_t_le_eabi_balanced.a(prinops.o)
                0x0001de38                __SEGGER_RTL_init_prin
 .text.libc.snprintf
                0x0001de50       0x30 C:/Program Files/SEGGER/SEGGER Embedded Studio 8.24/lib/libc_v7em_t_le_eabi_balanced.a(prinops.o)
                0x0001de50                snprintf
 .text.libc.__SEGGER_RTL_vfprintf_long
                0x0001de80      0x538 C:/Program Files/SEGGER/SEGGER Embedded Studio 8.24/lib/libc_v7em_t_le_eabi_balanced.a(__SEGGER_RTL_vfprintf_long.o)
                0x0001de80                __SEGGER_RTL_vfprintf_long
 .text.libc.__SEGGER_RTL_init_heap
                0x0001e3b8       0x16 C:/Program Files/SEGGER/SEGGER Embedded Studio 8.24/lib/heapops_basic_v7em_t_le_eabi_balanced.a(heapops_basic.o)
                0x0001e3b8                __SEGGER_RTL_init_heap
 .text.libc.strlen
                0x0001e3ce       0x2a C:/Program Files/SEGGER/SEGGER Embedded Studio 8.24/lib/strops_unaligned_v7em_t_le_eabi_balanced.a(strops.o)
                0x0001e3ce                strlen
 .text.libc.strnlen
                0x0001e3f8       0x4c C:/Program Files/SEGGER/SEGGER Embedded Studio 8.24/lib/strops_unaligned_v7em_t_le_eabi_balanced.a(strops.o)
                0x0001e3f8                strnlen
 .text.libc.strcpy
                0x0001e444       0x30 C:/Program Files/SEGGER/SEGGER Embedded Studio 8.24/lib/strops_unaligned_v7em_t_le_eabi_balanced.a(strasmops_arm.o)
                0x0001e444                strcpy
 .text.libc.memcpy
                0x0001e474       0x5c C:/Program Files/SEGGER/SEGGER Embedded Studio 8.24/lib/strops_unaligned_v7em_t_le_eabi_balanced.a(strasmops_arm.o)
                0x0001e474                __aeabi_memcpy
                0x0001e474                memcpy
                0x0001e492                __aeabi_memcpy8
                0x0001e492                __aeabi_memcpy4
 .text.libc.__aeabi_memclr
                0x0001e4d0       0x68 C:/Program Files/SEGGER/SEGGER Embedded Studio 8.24/lib/strops_unaligned_v7em_t_le_eabi_balanced.a(strasmops_arm.o)
                0x0001e4d0                __aeabi_memclr8
                0x0001e4d0                __aeabi_memclr
                0x0001e4d0                __aeabi_memclr4
                0x0001e4d2                __aeabi_memset4
                0x0001e4d2                __aeabi_memset8
                0x0001e4d2                __aeabi_memset
                0x0001e4d8                memset
 .text.libc.__SEGGER_RTL_current_locale
                0x0001e538       0x18 C:/Program Files/SEGGER/SEGGER Embedded Studio 8.24/lib/mbops_timeops_v7em_t_le_eabi_balanced.a(mbops.o)
                0x0001e538                __SEGGER_RTL_current_locale
 .text.libc.__SEGGER_RTL_ascii_mbtowc
                0x0001e550       0x32 C:/Program Files/SEGGER/SEGGER Embedded Studio 8.24/lib/mbops_timeops_v7em_t_le_eabi_balanced.a(mbops.o)
                0x0001e550                __SEGGER_RTL_ascii_mbtowc
 .text.libc.__SEGGER_RTL_ascii_wctomb
                0x0001e582        0xe C:/Program Files/SEGGER/SEGGER Embedded Studio 8.24/lib/mbops_timeops_v7em_t_le_eabi_balanced.a(mbops.o)
                0x0001e582                __SEGGER_RTL_ascii_wctomb
 .text.libc.isprint
                0x0001e590       0x20 C:/Program Files/SEGGER/SEGGER Embedded Studio 8.24/lib/mbops_timeops_v7em_t_le_eabi_balanced.a(mbops.o)
                0x0001e590                isprint
 .text.libc.__SEGGER_RTL_ascii_isctype
                0x0001e5b0       0x20 C:/Program Files/SEGGER/SEGGER Embedded Studio 8.24/lib/mbops_timeops_v7em_t_le_eabi_balanced.a(mbops.o)
 .text.libc.__SEGGER_RTL_ascii_toupper
                0x0001e5d0        0xc C:/Program Files/SEGGER/SEGGER Embedded Studio 8.24/lib/mbops_timeops_v7em_t_le_eabi_balanced.a(mbops.o)
 .text.libc.__SEGGER_RTL_ascii_tolower
                0x0001e5dc        0xe C:/Program Files/SEGGER/SEGGER Embedded Studio 8.24/lib/mbops_timeops_v7em_t_le_eabi_balanced.a(mbops.o)
 .text.libc.__SEGGER_RTL_ascii_iswctype
                0x0001e5ea       0x20 C:/Program Files/SEGGER/SEGGER Embedded Studio 8.24/lib/mbops_timeops_v7em_t_le_eabi_balanced.a(mbops.o)
 .text.libc.__SEGGER_RTL_ascii_towupper
                0x0001e60a        0xc C:/Program Files/SEGGER/SEGGER Embedded Studio 8.24/lib/mbops_timeops_v7em_t_le_eabi_balanced.a(mbops.o)
 .text.libc.__SEGGER_RTL_ascii_towlower
                0x0001e616        0xe C:/Program Files/SEGGER/SEGGER Embedded Studio 8.24/lib/mbops_timeops_v7em_t_le_eabi_balanced.a(mbops.o)
                0x0001e624                        __text_end__ = (__text_start__ + SIZEOF (.text))
                0x00005228                        __text_size__ = SIZEOF (.text)
                0x0001e624                        __text_load_end__ = __text_end__

.vfp11_veneer   0x00000000        0x0
 .vfp11_veneer  0x00000000        0x0 linker stubs

.v4_bx          0x00000000        0x0
 .v4_bx         0x00000000        0x0 linker stubs

.iplt           0x00000000        0x0
 .iplt          0x00000000        0x0 Output/Release/Obj/ble_app_uart_pca10040e_s112/main.o
                0x00000001                        . = ASSERT (((__text_start__ == __text_end__) || ((__text_end__ - __FLASH_segment_start__) <= __FLASH_segment_size__)), error: .text is too large to fit in FLASH memory segment)
                0x0001e624                        __sdh_soc_observers_load_start__ = ALIGN (__text_end__, 0x4)

.sdh_soc_observers
                0x0001e624        0x8
                0x0001e624                        __sdh_soc_observers_start__ = .
                0x0001e624                        __start_sdh_soc_observers = __sdh_soc_observers_start__
 *(SORT_BY_NAME(.sdh_soc_observers*))
 .sdh_soc_observers0
                0x0001e624        0x8 Output/Release/Obj/ble_app_uart_pca10040e_s112/nrf_drv_clock.o
                0x0001e62c                        __sdh_soc_observers_end__ = (__sdh_soc_observers_start__ + SIZEOF (.sdh_soc_observers))
                0x00000008                        __sdh_soc_observers_size__ = SIZEOF (.sdh_soc_observers)
                0x0001e62c                        __stop_sdh_soc_observers = __sdh_soc_observers_end__
                0x0001e62c                        __sdh_soc_observers_load_end__ = __sdh_soc_observers_end__
                0x00000001                        . = ASSERT (((__sdh_soc_observers_start__ == __sdh_soc_observers_end__) || ((__sdh_soc_observers_end__ - __FLASH_segment_start__) <= __FLASH_segment_size__)), error: .sdh_soc_observers is too large to fit in FLASH memory segment)
                0x0001e62c                        __sdh_ble_observers_load_start__ = ALIGN (__sdh_soc_observers_end__, 0x4)

.sdh_ble_observers
                0x0001e62c       0x38
                0x0001e62c                        __sdh_ble_observers_start__ = .
                0x0001e62c                        __start_sdh_ble_observers = __sdh_ble_observers_start__
 *(SORT_BY_NAME(.sdh_ble_observers*))
 .sdh_ble_observers0
                0x0001e62c        0x8 Output/Release/Obj/ble_app_uart_pca10040e_s112/ble_conn_state.o
 .sdh_ble_observers1
                0x0001e634        0x8 Output/Release/Obj/ble_app_uart_pca10040e_s112/main.o
 .sdh_ble_observers1
                0x0001e63c        0x8 Output/Release/Obj/ble_app_uart_pca10040e_s112/bsp_btn_ble.o
 .sdh_ble_observers1
                0x0001e644        0x8 Output/Release/Obj/ble_app_uart_pca10040e_s112/ble_conn_params.o
 .sdh_ble_observers2
                0x0001e64c       0x10 Output/Release/Obj/ble_app_uart_pca10040e_s112/main.o
 .sdh_ble_observers3
                0x0001e65c        0x8 Output/Release/Obj/ble_app_uart_pca10040e_s112/main.o
                0x0001e664                        __sdh_ble_observers_end__ = (__sdh_ble_observers_start__ + SIZEOF (.sdh_ble_observers))
                0x00000038                        __sdh_ble_observers_size__ = SIZEOF (.sdh_ble_observers)
                0x0001e664                        __stop_sdh_ble_observers = __sdh_ble_observers_end__
                0x0001e664                        __sdh_ble_observers_load_end__ = __sdh_ble_observers_end__
                0x00000001                        . = ASSERT (((__sdh_ble_observers_start__ == __sdh_ble_observers_end__) || ((__sdh_ble_observers_end__ - __FLASH_segment_start__) <= __FLASH_segment_size__)), error: .sdh_ble_observers is too large to fit in FLASH memory segment)
                0x0001e664                        __pwr_mgmt_data_load_start__ = ALIGN (__sdh_ble_observers_end__, 0x4)

.pwr_mgmt_data  0x0001e664        0x0
                0x0001e664                        __pwr_mgmt_data_start__ = .
                0x0001e664                        __start_pwr_mgmt_data = __pwr_mgmt_data_start__
 *(SORT_BY_NAME(.pwr_mgmt_data*))
                0x0001e664                        __pwr_mgmt_data_end__ = (__pwr_mgmt_data_start__ + SIZEOF (.pwr_mgmt_data))
                0x00000000                        __pwr_mgmt_data_size__ = SIZEOF (.pwr_mgmt_data)
                0x0001e664                        __stop_pwr_mgmt_data = __pwr_mgmt_data_end__
                0x0001e664                        __pwr_mgmt_data_load_end__ = __pwr_mgmt_data_end__
                0x00000001                        . = ASSERT (((__pwr_mgmt_data_start__ == __pwr_mgmt_data_end__) || ((__pwr_mgmt_data_end__ - __FLASH_segment_start__) <= __FLASH_segment_size__)), error: .pwr_mgmt_data is too large to fit in FLASH memory segment)
                0x0001e664                        __sdh_state_observers_load_start__ = ALIGN (__pwr_mgmt_data_end__, 0x4)

.sdh_state_observers
                0x0001e664        0x8
                0x0001e664                        __sdh_state_observers_start__ = .
                0x0001e664                        __start_sdh_state_observers = __sdh_state_observers_start__
 *(SORT_BY_NAME(.sdh_state_observers*))
 .sdh_state_observers0
                0x0001e664        0x8 Output/Release/Obj/ble_app_uart_pca10040e_s112/nrf_drv_clock.o
                0x0001e66c                        __sdh_state_observers_end__ = (__sdh_state_observers_start__ + SIZEOF (.sdh_state_observers))
                0x00000008                        __sdh_state_observers_size__ = SIZEOF (.sdh_state_observers)
                0x0001e66c                        __stop_sdh_state_observers = __sdh_state_observers_end__
                0x0001e66c                        __sdh_state_observers_load_end__ = __sdh_state_observers_end__
                0x00000001                        . = ASSERT (((__sdh_state_observers_start__ == __sdh_state_observers_end__) || ((__sdh_state_observers_end__ - __FLASH_segment_start__) <= __FLASH_segment_size__)), error: .sdh_state_observers is too large to fit in FLASH memory segment)
                0x0001e66c                        __sdh_stack_observers_load_start__ = ALIGN (__sdh_state_observers_end__, 0x4)

.sdh_stack_observers
                0x0001e66c       0x10
                0x0001e66c                        __sdh_stack_observers_start__ = .
                0x0001e66c                        __start_sdh_stack_observers = __sdh_stack_observers_start__
 *(SORT_BY_NAME(.sdh_stack_observers*))
 .sdh_stack_observers0
                0x0001e66c        0x8 Output/Release/Obj/ble_app_uart_pca10040e_s112/nrf_sdh_ble.o
 .sdh_stack_observers0
                0x0001e674        0x8 Output/Release/Obj/ble_app_uart_pca10040e_s112/nrf_sdh_soc.o
                0x0001e67c                        __sdh_stack_observers_end__ = (__sdh_stack_observers_start__ + SIZEOF (.sdh_stack_observers))
                0x00000010                        __sdh_stack_observers_size__ = SIZEOF (.sdh_stack_observers)
                0x0001e67c                        __stop_sdh_stack_observers = __sdh_stack_observers_end__
                0x0001e67c                        __sdh_stack_observers_load_end__ = __sdh_stack_observers_end__
                0x00000001                        . = ASSERT (((__sdh_stack_observers_start__ == __sdh_stack_observers_end__) || ((__sdh_stack_observers_end__ - __FLASH_segment_start__) <= __FLASH_segment_size__)), error: .sdh_stack_observers is too large to fit in FLASH memory segment)
                0x0001e67c                        __sdh_req_observers_load_start__ = ALIGN (__sdh_stack_observers_end__, 0x4)

.sdh_req_observers
                0x0001e67c        0x0
                0x0001e67c                        __sdh_req_observers_start__ = .
                0x0001e67c                        __start_sdh_req_observers = __sdh_req_observers_start__
 *(SORT_BY_NAME(.sdh_req_observers*))
                0x0001e67c                        __sdh_req_observers_end__ = (__sdh_req_observers_start__ + SIZEOF (.sdh_req_observers))
                0x00000000                        __sdh_req_observers_size__ = SIZEOF (.sdh_req_observers)
                0x0001e67c                        __stop_sdh_req_observers = __sdh_req_observers_end__
                0x0001e67c                        __sdh_req_observers_load_end__ = __sdh_req_observers_end__
                0x00000001                        . = ASSERT (((__sdh_req_observers_start__ == __sdh_req_observers_end__) || ((__sdh_req_observers_end__ - __FLASH_segment_start__) <= __FLASH_segment_size__)), error: .sdh_req_observers is too large to fit in FLASH memory segment)
                0x0001e67c                        __nrf_queue_load_start__ = ALIGN (__sdh_req_observers_end__, 0x4)

.nrf_queue      0x0001e67c        0x0
                0x0001e67c                        __nrf_queue_start__ = .
                0x0001e67c                        __start_nrf_queue = __nrf_queue_start__
 *(.nrf_queue*)
                0x0001e67c                        __nrf_queue_end__ = (__nrf_queue_start__ + SIZEOF (.nrf_queue))
                0x00000000                        __nrf_queue_size__ = SIZEOF (.nrf_queue)
                0x0001e67c                        __stop_nrf_queue = __nrf_queue_end__
                0x0001e67c                        __nrf_queue_load_end__ = __nrf_queue_end__
                0x00000001                        . = ASSERT (((__nrf_queue_start__ == __nrf_queue_end__) || ((__nrf_queue_end__ - __FLASH_segment_start__) <= __FLASH_segment_size__)), error: .nrf_queue is too large to fit in FLASH memory segment)
                0x0001e67c                        __nrf_balloc_load_start__ = ALIGN (__nrf_queue_end__, 0x4)

.nrf_balloc     0x0001e67c       0x14
                0x0001e67c                        __nrf_balloc_start__ = .
                0x0001e67c                        __start_nrf_balloc = __nrf_balloc_start__
 *(.nrf_balloc*)
 .nrf_balloc    0x0001e67c       0x14 Output/Release/Obj/ble_app_uart_pca10040e_s112/nrf_log_frontend.o
                0x0001e67c                log_mempool
                0x0001e690                        __nrf_balloc_end__ = (__nrf_balloc_start__ + SIZEOF (.nrf_balloc))
                0x00000014                        __nrf_balloc_size__ = SIZEOF (.nrf_balloc)
                0x0001e690                        __stop_nrf_balloc = __nrf_balloc_end__
                0x0001e690                        __nrf_balloc_load_end__ = __nrf_balloc_end__
                0x00000001                        . = ASSERT (((__nrf_balloc_start__ == __nrf_balloc_end__) || ((__nrf_balloc_end__ - __FLASH_segment_start__) <= __FLASH_segment_size__)), error: .nrf_balloc is too large to fit in FLASH memory segment)
                0x0001e690                        __cli_command_load_start__ = ALIGN (__nrf_balloc_end__, 0x4)

.cli_command    0x0001e690        0x0
                0x0001e690                        __cli_command_start__ = .
                0x0001e690                        __start_cli_command = __cli_command_start__
 *(.cli_command*)
                0x0001e690                        __cli_command_end__ = (__cli_command_start__ + SIZEOF (.cli_command))
                0x00000000                        __cli_command_size__ = SIZEOF (.cli_command)
                0x0001e690                        __stop_cli_command = __cli_command_end__
                0x0001e690                        __cli_command_load_end__ = __cli_command_end__
                0x00000001                        . = ASSERT (((__cli_command_start__ == __cli_command_end__) || ((__cli_command_end__ - __FLASH_segment_start__) <= __FLASH_segment_size__)), error: .cli_command is too large to fit in FLASH memory segment)
                0x0001e690                        __crypto_data_load_start__ = ALIGN (__cli_command_end__, 0x4)

.crypto_data    0x0001e690        0x0
                0x0001e690                        __crypto_data_start__ = .
                0x0001e690                        __start_crypto_data = __crypto_data_start__
 *(SORT_BY_NAME(.crypto_data*))
                0x0001e690                        __crypto_data_end__ = (__crypto_data_start__ + SIZEOF (.crypto_data))
                0x00000000                        __crypto_data_size__ = SIZEOF (.crypto_data)
                0x0001e690                        __stop_crypto_data = __crypto_data_end__
                0x0001e690                        __crypto_data_load_end__ = __crypto_data_end__
                0x00000001                        . = ASSERT (((__crypto_data_start__ == __crypto_data_end__) || ((__crypto_data_end__ - __FLASH_segment_start__) <= __FLASH_segment_size__)), error: .crypto_data is too large to fit in FLASH memory segment)
                0x0001e690                        __log_const_data_load_start__ = ALIGN (__crypto_data_end__, 0x4)

.log_const_data
                0x0001e690       0x88
                0x0001e690                        __log_const_data_start__ = .
                0x0001e690                        __start_log_const_data = __log_const_data_start__
 *(SORT_BY_NAME(.log_const_data*))
 .log_const_data_CLOCK
                0x0001e690        0x8 Output/Release/Obj/ble_app_uart_pca10040e_s112/nrfx_clock.o
                0x0001e690                m_nrf_log_CLOCK_logs_data_const
 .log_const_data_GPIOTE
                0x0001e698        0x8 Output/Release/Obj/ble_app_uart_pca10040e_s112/nrfx_gpiote.o
                0x0001e698                m_nrf_log_GPIOTE_logs_data_const
 .log_const_data_PDM
                0x0001e6a0        0x8 Output/Release/Obj/ble_app_uart_pca10040e_s112/nrfx_pdm.o
                0x0001e6a0                m_nrf_log_PDM_logs_data_const
 .log_const_data_PRS
                0x0001e6a8        0x8 Output/Release/Obj/ble_app_uart_pca10040e_s112/nrfx_prs.o
                0x0001e6a8                m_nrf_log_PRS_logs_data_const
 .log_const_data_UART
                0x0001e6b0        0x8 Output/Release/Obj/ble_app_uart_pca10040e_s112/nrfx_uart.o
                0x0001e6b0                m_nrf_log_UART_logs_data_const
 .log_const_data_UARTE
                0x0001e6b8        0x8 Output/Release/Obj/ble_app_uart_pca10040e_s112/nrfx_uarte.o
                0x0001e6b8                m_nrf_log_UARTE_logs_data_const
 .log_const_data_app
                0x0001e6c0        0x8 Output/Release/Obj/ble_app_uart_pca10040e_s112/nrf_log_frontend.o
                0x0001e6c0                m_nrf_log_app_logs_data_const
 .log_const_data_app_button
                0x0001e6c8        0x8 Output/Release/Obj/ble_app_uart_pca10040e_s112/app_button.o
                0x0001e6c8                m_nrf_log_app_button_logs_data_const
 .log_const_data_app_timer
                0x0001e6d0        0x8 Output/Release/Obj/ble_app_uart_pca10040e_s112/app_timer2.o
                0x0001e6d0                m_nrf_log_app_timer_logs_data_const
 .log_const_data_ble_nus
                0x0001e6d8        0x8 Output/Release/Obj/ble_app_uart_pca10040e_s112/ble_nus.o
                0x0001e6d8                m_nrf_log_ble_nus_logs_data_const
 .log_const_data_clock
                0x0001e6e0        0x8 Output/Release/Obj/ble_app_uart_pca10040e_s112/nrf_drv_clock.o
                0x0001e6e0                m_nrf_log_clock_logs_data_const
 .log_const_data_nrf_ble_gatt
                0x0001e6e8        0x8 Output/Release/Obj/ble_app_uart_pca10040e_s112/nrf_ble_gatt.o
                0x0001e6e8                m_nrf_log_nrf_ble_gatt_logs_data_const
 .log_const_data_nrf_sdh
                0x0001e6f0        0x8 Output/Release/Obj/ble_app_uart_pca10040e_s112/nrf_sdh.o
                0x0001e6f0                m_nrf_log_nrf_sdh_logs_data_const
 .log_const_data_nrf_sdh_ble
                0x0001e6f8        0x8 Output/Release/Obj/ble_app_uart_pca10040e_s112/nrf_sdh_ble.o
                0x0001e6f8                m_nrf_log_nrf_sdh_ble_logs_data_const
 .log_const_data_nrf_sdh_soc
                0x0001e700        0x8 Output/Release/Obj/ble_app_uart_pca10040e_s112/nrf_sdh_soc.o
                0x0001e700                m_nrf_log_nrf_sdh_soc_logs_data_const
 .log_const_data_pwr_mgmt
                0x0001e708        0x8 Output/Release/Obj/ble_app_uart_pca10040e_s112/nrf_pwr_mgmt.o
                0x0001e708                m_nrf_log_pwr_mgmt_logs_data_const
 .log_const_data_sortlist
                0x0001e710        0x8 Output/Release/Obj/ble_app_uart_pca10040e_s112/nrf_sortlist.o
                0x0001e710                m_nrf_log_sortlist_logs_data_const
                0x0001e718                        __log_const_data_end__ = (__log_const_data_start__ + SIZEOF (.log_const_data))
                0x00000088                        __log_const_data_size__ = SIZEOF (.log_const_data)
                0x0001e718                        __stop_log_const_data = __log_const_data_end__
                0x0001e718                        __log_const_data_load_end__ = __log_const_data_end__
                0x00000001                        . = ASSERT (((__log_const_data_start__ == __log_const_data_end__) || ((__log_const_data_end__ - __FLASH_segment_start__) <= __FLASH_segment_size__)), error: .log_const_data is too large to fit in FLASH memory segment)
                0x0001e718                        __log_backends_load_start__ = ALIGN (__log_const_data_end__, 0x4)

.log_backends   0x0001e718       0x10
                0x0001e718                        __log_backends_start__ = .
                0x0001e718                        __start_log_backends = __log_backends_start__
 *(SORT_BY_NAME(.log_backends*))
 .log_backends  0x0001e718       0x10 Output/Release/Obj/ble_app_uart_pca10040e_s112/nrf_log_default_backends.o
                0x0001e728                        __log_backends_end__ = (__log_backends_start__ + SIZEOF (.log_backends))
                0x00000010                        __log_backends_size__ = SIZEOF (.log_backends)
                0x0001e728                        __stop_log_backends = __log_backends_end__
                0x0001e728                        __log_backends_load_end__ = __log_backends_end__
                0x00000001                        . = ASSERT (((__log_backends_start__ == __log_backends_end__) || ((__log_backends_end__ - __FLASH_segment_start__) <= __FLASH_segment_size__)), error: .log_backends is too large to fit in FLASH memory segment)
                0x0001e728                        __nrf_sections_load_start__ = ALIGN (__log_backends_end__, 0x4)

.nrf_sections   0x0001e728        0x0
                0x0001e728                        __nrf_sections_start__ = .
                0x0001e728                        __start_nrf_sections = __nrf_sections_start__
 *(.nrf_sections .nrf_sections.*)
                0x0001e728                        __nrf_sections_end__ = (__nrf_sections_start__ + SIZEOF (.nrf_sections))
                0x00000000                        __nrf_sections_size__ = SIZEOF (.nrf_sections)
                0x0001e728                        __nrf_sections_load_end__ = __nrf_sections_end__
                0x00000001                        . = ASSERT (((__nrf_sections_start__ == __nrf_sections_end__) || ((__nrf_sections_end__ - __FLASH_segment_start__) <= __FLASH_segment_size__)), error: .nrf_sections is too large to fit in FLASH memory segment)
                0x0001e728                        __cli_sorted_cmd_ptrs_load_start__ = ALIGN (__nrf_sections_end__, 0x4)

.cli_sorted_cmd_ptrs
                0x200022c8        0x0 load address 0x0001e728
                0x200022c8                        __cli_sorted_cmd_ptrs_start__ = .
 *(.cli_sorted_cmd_ptrs*)
                0x200022c8                        __cli_sorted_cmd_ptrs_end__ = (__cli_sorted_cmd_ptrs_start__ + SIZEOF (.cli_sorted_cmd_ptrs))
                0x00000000                        __cli_sorted_cmd_ptrs_size__ = SIZEOF (.cli_sorted_cmd_ptrs)
                0x0001e728                        __cli_sorted_cmd_ptrs_load_end__ = (__cli_sorted_cmd_ptrs_load_start__ + SIZEOF (.cli_sorted_cmd_ptrs))
                0x00000001                        . = ASSERT (((__cli_sorted_cmd_ptrs_load_start__ == __cli_sorted_cmd_ptrs_load_end__) || ((__cli_sorted_cmd_ptrs_load_end__ - __FLASH_segment_start__) <= __FLASH_segment_size__)), error: .cli_sorted_cmd_ptrs is too large to fit in FLASH memory segment)

.cli_sorted_cmd_ptrs_run
                0x200022c8        0x0
                0x200022c8                        __cli_sorted_cmd_ptrs_run_start__ = .
                0x200022c8                        __start_cli_sorted_cmd_ptrs = __cli_sorted_cmd_ptrs_run_start__
                0x200022c8                        __cli_sorted_cmd_ptrs_run_end__ = (__cli_sorted_cmd_ptrs_run_start__ + SIZEOF (.cli_sorted_cmd_ptrs))
                0x00000000                        __cli_sorted_cmd_ptrs_run_size__ = (__cli_sorted_cmd_ptrs_run_end__ - __cli_sorted_cmd_ptrs_run_start__)
                0x200022c8                        __stop_cli_sorted_cmd_ptrs = __cli_sorted_cmd_ptrs_run_end__
                0x200022c8                        __cli_sorted_cmd_ptrs_run_load_end__ = __cli_sorted_cmd_ptrs_run_end__
                0x00000001                        . = ASSERT (((__cli_sorted_cmd_ptrs_run_start__ == __cli_sorted_cmd_ptrs_run_end__) || ((__cli_sorted_cmd_ptrs_run_end__ - __RAM_segment_start__) <= __RAM_segment_size__)), error: .cli_sorted_cmd_ptrs_run is too large to fit in RAM memory segment)
                0x0001e728                        __fs_data_load_start__ = ALIGN ((__cli_sorted_cmd_ptrs_load_start__ + SIZEOF (.cli_sorted_cmd_ptrs)), 0x4)

.fs_data        0x200022c8        0x0 load address 0x0001e728
                0x200022c8                        __fs_data_start__ = .
 *(.fs_data*)
                0x200022c8                        __fs_data_end__ = (__fs_data_start__ + SIZEOF (.fs_data))
                0x00000000                        __fs_data_size__ = SIZEOF (.fs_data)
                0x0001e728                        __fs_data_load_end__ = (__fs_data_load_start__ + SIZEOF (.fs_data))
                0x00000001                        . = ASSERT (((__fs_data_load_start__ == __fs_data_load_end__) || ((__fs_data_load_end__ - __FLASH_segment_start__) <= __FLASH_segment_size__)), error: .fs_data is too large to fit in FLASH memory segment)

.fs_data_run    0x200022c8        0x0
                0x200022c8                        __fs_data_run_start__ = .
                0x200022c8                        __start_fs_data = __fs_data_run_start__
                0x200022c8                        __fs_data_run_end__ = (__fs_data_run_start__ + SIZEOF (.fs_data))
                0x00000000                        __fs_data_run_size__ = (__fs_data_run_end__ - __fs_data_run_start__)
                0x200022c8                        __stop_fs_data = __fs_data_run_end__
                0x200022c8                        __fs_data_run_load_end__ = __fs_data_run_end__
                0x00000001                        . = ASSERT (((__fs_data_run_start__ == __fs_data_run_end__) || ((__fs_data_run_end__ - __RAM_segment_start__) <= __RAM_segment_size__)), error: .fs_data_run is too large to fit in RAM memory segment)
                0x0001e728                        __log_dynamic_data_load_start__ = ALIGN ((__fs_data_load_start__ + SIZEOF (.fs_data)), 0x4)

.log_dynamic_data
                0x200022c8        0x0 load address 0x0001e728
                0x200022c8                        __log_dynamic_data_start__ = .
 *(SORT_BY_NAME(.log_dynamic_data*))
                0x200022c8                        __log_dynamic_data_end__ = (__log_dynamic_data_start__ + SIZEOF (.log_dynamic_data))
                0x00000000                        __log_dynamic_data_size__ = SIZEOF (.log_dynamic_data)
                0x0001e728                        __log_dynamic_data_load_end__ = (__log_dynamic_data_load_start__ + SIZEOF (.log_dynamic_data))
                0x00000001                        . = ASSERT (((__log_dynamic_data_load_start__ == __log_dynamic_data_load_end__) || ((__log_dynamic_data_load_end__ - __FLASH_segment_start__) <= __FLASH_segment_size__)), error: .log_dynamic_data is too large to fit in FLASH memory segment)

.log_dynamic_data_run
                0x200022c8        0x0
                0x200022c8                        __log_dynamic_data_run_start__ = .
                0x200022c8                        __start_log_dynamic_data = __log_dynamic_data_run_start__
                0x200022c8                        __log_dynamic_data_run_end__ = (__log_dynamic_data_run_start__ + SIZEOF (.log_dynamic_data))
                0x00000000                        __log_dynamic_data_run_size__ = (__log_dynamic_data_run_end__ - __log_dynamic_data_run_start__)
                0x200022c8                        __stop_log_dynamic_data = __log_dynamic_data_run_end__
                0x200022c8                        __log_dynamic_data_run_load_end__ = __log_dynamic_data_run_end__
                0x00000001                        . = ASSERT (((__log_dynamic_data_run_start__ == __log_dynamic_data_run_end__) || ((__log_dynamic_data_run_end__ - __RAM_segment_start__) <= __RAM_segment_size__)), error: .log_dynamic_data_run is too large to fit in RAM memory segment)
                0x0001e728                        __log_filter_data_load_start__ = ALIGN ((__log_dynamic_data_load_start__ + SIZEOF (.log_dynamic_data)), 0x4)

.log_filter_data
                0x200022c8        0x0 load address 0x0001e728
                0x200022c8                        __log_filter_data_start__ = .
 *(SORT_BY_NAME(.log_filter_data*))
                0x200022c8                        __log_filter_data_end__ = (__log_filter_data_start__ + SIZEOF (.log_filter_data))
                0x00000000                        __log_filter_data_size__ = SIZEOF (.log_filter_data)
                0x0001e728                        __log_filter_data_load_end__ = (__log_filter_data_load_start__ + SIZEOF (.log_filter_data))
                0x00000001                        . = ASSERT (((__log_filter_data_load_start__ == __log_filter_data_load_end__) || ((__log_filter_data_load_end__ - __FLASH_segment_start__) <= __FLASH_segment_size__)), error: .log_filter_data is too large to fit in FLASH memory segment)

.log_filter_data_run
                0x200022c8        0x0
                0x200022c8                        __log_filter_data_run_start__ = .
                0x200022c8                        __start_log_filter_data = __log_filter_data_run_start__
                0x200022c8                        __log_filter_data_run_end__ = (__log_filter_data_run_start__ + SIZEOF (.log_filter_data))
                0x00000000                        __log_filter_data_run_size__ = (__log_filter_data_run_end__ - __log_filter_data_run_start__)
                0x200022c8                        __stop_log_filter_data = __log_filter_data_run_end__
                0x200022c8                        __log_filter_data_run_load_end__ = __log_filter_data_run_end__
                0x00000001                        . = ASSERT (((__log_filter_data_run_start__ == __log_filter_data_run_end__) || ((__log_filter_data_run_end__ - __RAM_segment_start__) <= __RAM_segment_size__)), error: .log_filter_data_run is too large to fit in RAM memory segment)
                0x200022c8                        __nrf_sections_run_end_load_start__ = ALIGN (__log_filter_data_run_end__, 0x4)

.nrf_sections_run_end
                0x200022c8        0x0
                0x200022c8                        __nrf_sections_run_end_start__ = .
                0x200022c8                        __end_nrf_sections_run = __nrf_sections_run_end_start__
 *(.nrf_sections_run_end .nrf_sections_run_end.*)
                0x200022c8                        __nrf_sections_run_end_end__ = (__nrf_sections_run_end_start__ + SIZEOF (.nrf_sections_run_end))
                0x00000000                        __nrf_sections_run_end_size__ = SIZEOF (.nrf_sections_run_end)
                0x200022c8                        __nrf_sections_run_end_load_end__ = __nrf_sections_run_end_end__
                0x00000001                        . = ASSERT (((__nrf_sections_run_end_start__ == __nrf_sections_run_end_end__) || ((__nrf_sections_run_end_end__ - __RAM_segment_start__) <= __RAM_segment_size__)), error: .nrf_sections_run_end is too large to fit in RAM memory segment)
                0x0001e728                        __dtors_load_start__ = ALIGN ((__log_filter_data_load_start__ + SIZEOF (.log_filter_data)), 0x4)

.dtors          0x0001e728        0x0
                0x0001e728                        __dtors_start__ = .
 *(SORT_BY_NAME(.dtors.*))
 *(.dtors)
 *(.fini_array)
 *(SORT_BY_NAME(.fini_array.*))
                0x0001e728                        __dtors_end__ = (__dtors_start__ + SIZEOF (.dtors))
                0x00000000                        __dtors_size__ = SIZEOF (.dtors)
                0x0001e728                        __dtors_load_end__ = __dtors_end__
                0x00000001                        . = ASSERT (((__dtors_start__ == __dtors_end__) || ((__dtors_end__ - __FLASH_segment_start__) <= __FLASH_segment_size__)), error: .dtors is too large to fit in FLASH memory segment)
                0x0001e728                        __ctors_load_start__ = ALIGN (__dtors_end__, 0x4)

.ctors          0x0001e728        0x0
                0x0001e728                        __ctors_start__ = .
 *(SORT_BY_NAME(.ctors.*))
 *(.ctors)
 *(.init_array)
 *(SORT_BY_NAME(.init_array.*))
                0x0001e728                        __ctors_end__ = (__ctors_start__ + SIZEOF (.ctors))
                0x00000000                        __ctors_size__ = SIZEOF (.ctors)
                0x0001e728                        __ctors_load_end__ = __ctors_end__
                0x00000001                        . = ASSERT (((__ctors_start__ == __ctors_end__) || ((__ctors_end__ - __FLASH_segment_start__) <= __FLASH_segment_size__)), error: .ctors is too large to fit in FLASH memory segment)
                0x0001e728                        __rodata_load_start__ = ALIGN (__ctors_end__, 0x4)

.rodata         0x0001e728      0xf39
                0x0001e728                        __rodata_start__ = .
 *(.rodata .rodata.* .gnu.linkonce.r.* .data.rel.ro .data.rel.ro.*)
 .rodata.pdm_event_handler.str1.1
                0x0001e728      0xa77 Output/Release/Obj/ble_app_uart_pca10040e_s112/main.o
                                 0x10 (size before relaxing)
 .rodata.ble_evt_handler.str1.1
                0x0001f19f      0x121 Output/Release/Obj/ble_app_uart_pca10040e_s112/main.o
 .rodata.auth_timeout_handler.str1.1
                0x0001f19f       0x4d Output/Release/Obj/ble_app_uart_pca10040e_s112/main.o
 .rodata.button_event_handler.str1.1
                0x0001f19f       0x1a Output/Release/Obj/ble_app_uart_pca10040e_s112/main.o
 .rodata.led_write_handler.str1.1
                0x0001f19f       0x23 Output/Release/Obj/ble_app_uart_pca10040e_s112/main.o
 .rodata.main.str1.1
                0x0001f19f       0x80 Output/Release/Obj/ble_app_uart_pca10040e_s112/main.o
 *fill*         0x0001f19f        0x1 
 .rodata.delay_machine_code.1
                0x0001f1a0        0x6 Output/Release/Obj/ble_app_uart_pca10040e_s112/main.o
 *fill*         0x0001f1a6        0x2 
 .rodata.m_auth_timer_id
                0x0001f1a8        0x4 Output/Release/Obj/ble_app_uart_pca10040e_s112/main.o
 .rodata.m_uart
                0x0001f1ac        0x8 Output/Release/Obj/ble_app_uart_pca10040e_s112/main.o
 .rodata        0x0001f1b4       0x1c Output/Release/Obj/ble_app_uart_pca10040e_s112/main.o
 .rodata.m_board_led_list
                0x0001f1d0        0x4 Output/Release/Obj/ble_app_uart_pca10040e_s112/boards.o
 .rodata.nrfx_pdm_init.str1.1
                0x0001f1d4       0x1e Output/Release/Obj/ble_app_uart_pca10040e_s112/nrfx_pdm.o
 .rodata.__func__.1
                0x0001f1d4        0xf Output/Release/Obj/ble_app_uart_pca10040e_s112/nrfx_pdm.o
 .rodata.__func__.2
                0x0001f1e3        0xe Output/Release/Obj/ble_app_uart_pca10040e_s112/nrfx_pdm.o
 .rodata.str1.1
                0x0001f1f1        0x4 Output/Release/Obj/ble_app_uart_pca10040e_s112/nrfx_pdm.o
 .rodata.nrf_ble_gatt_on_ble_evt.str1.1
                0x0001f1f1       0x60 Output/Release/Obj/ble_app_uart_pca10040e_s112/nrf_ble_gatt.o
 .rodata.str1.1
                0x0001f1f1        0xd Output/Release/Obj/ble_app_uart_pca10040e_s112/nrf_ble_gatt.o
 .rodata.str1.1
                0x0001f1f1        0x8 Output/Release/Obj/ble_app_uart_pca10040e_s112/ble_nus.o
 .rodata        0x0001f1f1       0x10 Output/Release/Obj/ble_app_uart_pca10040e_s112/ble_lbs.o
 .rodata.str1.1
                0x0001f201        0x6 Output/Release/Obj/ble_app_uart_pca10040e_s112/nrf_drv_clock.o
 .rodata.str1.1
                0x0001f201        0x6 Output/Release/Obj/ble_app_uart_pca10040e_s112/nrfx_clock.o
 .rodata.str1.1
                0x0001f201        0x7 Output/Release/Obj/ble_app_uart_pca10040e_s112/nrfx_gpiote.o
 .rodata.str1.1
                0x0001f201        0x4 Output/Release/Obj/ble_app_uart_pca10040e_s112/nrfx_prs.o
 .rodata.str1.1
                0x0001f201        0x5 Output/Release/Obj/ble_app_uart_pca10040e_s112/nrfx_uart.o
 .rodata.str1.1
                0x0001f201        0x6 Output/Release/Obj/ble_app_uart_pca10040e_s112/nrfx_uarte.o
 *fill*         0x0001f201        0x3 
 .rodata.m_detection_delay_timer_id
                0x0001f204        0x4 Output/Release/Obj/ble_app_uart_pca10040e_s112/app_button.o
 .rodata.str1.1
                0x0001f208        0xb Output/Release/Obj/ble_app_uart_pca10040e_s112/app_button.o
 .rodata.app_error_fault_handler.str1.1
                0x0001f208       0x19 Output/Release/Obj/ble_app_uart_pca10040e_s112/app_error_weak.o
 .rodata.m_app_timer_sortlist
                0x0001f208        0xc Output/Release/Obj/ble_app_uart_pca10040e_s112/app_timer2.o
 .rodata.str1.1
                0x0001f214        0xa Output/Release/Obj/ble_app_uart_pca10040e_s112/app_timer2.o
 .rodata        0x0001f214        0x4 Output/Release/Obj/ble_app_uart_pca10040e_s112/app_timer2.o
 .rodata.drv_rtc_init.str1.1
                0x0001f218       0x34 Output/Release/Obj/ble_app_uart_pca10040e_s112/drv_rtc.o
 *fill*         0x0001f218        0x8 
 .rodata.delay_machine_code.0
                0x0001f220        0x6 Output/Release/Obj/ble_app_uart_pca10040e_s112/drv_rtc.o
 .rodata._aV2C.0
                0x0001f226       0x10 Output/Release/Obj/ble_app_uart_pca10040e_s112/nrf_fprintf_format.o
 *fill*         0x0001f236        0x2 
 .rodata.pwr_mgmt_data
                0x0001f238        0xc Output/Release/Obj/ble_app_uart_pca10040e_s112/nrf_pwr_mgmt.o
 .rodata.str1.1
                0x0001f244        0x9 Output/Release/Obj/ble_app_uart_pca10040e_s112/nrf_pwr_mgmt.o
 .rodata.str1.1
                0x0001f244        0x9 Output/Release/Obj/ble_app_uart_pca10040e_s112/nrf_sortlist.o
 .rodata.str1.1
                0x0001f244      0x3ba Output/Release/Obj/ble_app_uart_pca10040e_s112/nrf_strerror.o
 .rodata.nrf_strerror_array
                0x0001f244      0x128 Output/Release/Obj/ble_app_uart_pca10040e_s112/nrf_strerror.o
 .rodata.m_unknown_str
                0x0001f36c       0x13 Output/Release/Obj/ble_app_uart_pca10040e_s112/nrf_strerror.o
 *fill*         0x0001f37f        0x1 
 .rodata.delay_machine_code.0
                0x0001f380        0x6 Output/Release/Obj/ble_app_uart_pca10040e_s112/nrf_log_backend_rtt.o
 *fill*         0x0001f386        0x2 
 .rodata.nrf_log_backend_rtt_api
                0x0001f388        0xc Output/Release/Obj/ble_app_uart_pca10040e_s112/nrf_log_backend_rtt.o
                0x0001f388                nrf_log_backend_rtt_api
 .rodata.str1.1
                0x0001f394       0x10 Output/Release/Obj/ble_app_uart_pca10040e_s112/nrf_log_default_backends.o
 .rodata.nrf_log_frontend_dequeue.str1.1
                0x0001f394       0x11 Output/Release/Obj/ble_app_uart_pca10040e_s112/nrf_log_frontend.o
 .rodata.str1.1
                0x0001f394        0x4 Output/Release/Obj/ble_app_uart_pca10040e_s112/nrf_log_frontend.o
 .rodata.m_log_push_ringbuf
                0x0001f394        0xc Output/Release/Obj/ble_app_uart_pca10040e_s112/nrf_log_frontend.o
 .rodata.postfix_process.str1.1
                0x0001f3a0        0xb Output/Release/Obj/ble_app_uart_pca10040e_s112/nrf_log_str_formatter.o
 .rodata.prefix_process.constprop.0.str1.1
                0x0001f3a0       0x2a Output/Release/Obj/ble_app_uart_pca10040e_s112/nrf_log_str_formatter.o
 .rodata.nrf_log_hexdump_entry_process.str1.1
                0x0001f3a0       0x11 Output/Release/Obj/ble_app_uart_pca10040e_s112/nrf_log_str_formatter.o
 .rodata.str1.1
                0x0001f3a0       0x51 Output/Release/Obj/ble_app_uart_pca10040e_s112/nrf_log_str_formatter.o
 .rodata.m_colors
                0x0001f3a0       0x24 Output/Release/Obj/ble_app_uart_pca10040e_s112/nrf_log_str_formatter.o
 .rodata.severity_names
                0x0001f3c4       0x14 Output/Release/Obj/ble_app_uart_pca10040e_s112/nrf_log_str_formatter.o
 .rodata._DoInit.str1.1
                0x0001f3d8       0x14 Output/Release/Obj/ble_app_uart_pca10040e_s112/SEGGER_RTT.o
 .rodata.sdh_stack_observers
                0x0001f3d8        0xc Output/Release/Obj/ble_app_uart_pca10040e_s112/nrf_sdh.o
 .rodata.sdh_state_observers
                0x0001f3e4        0xc Output/Release/Obj/ble_app_uart_pca10040e_s112/nrf_sdh.o
 .rodata.sdh_req_observers
                0x0001f3f0        0xc Output/Release/Obj/ble_app_uart_pca10040e_s112/nrf_sdh.o
 .rodata.str1.1
                0x0001f3fc        0x8 Output/Release/Obj/ble_app_uart_pca10040e_s112/nrf_sdh.o
 .rodata        0x0001f3fc        0x4 Output/Release/Obj/ble_app_uart_pca10040e_s112/nrf_sdh.o
 .rodata.nrf_sdh_ble_default_cfg_set.str1.1
                0x0001f400      0x1c9 Output/Release/Obj/ble_app_uart_pca10040e_s112/nrf_sdh_ble.o
 .rodata.nrf_sdh_ble_enable.str1.1
                0x0001f400       0xa7 Output/Release/Obj/ble_app_uart_pca10040e_s112/nrf_sdh_ble.o
 .rodata.sdh_ble_observers
                0x0001f400        0xc Output/Release/Obj/ble_app_uart_pca10040e_s112/nrf_sdh_ble.o
 .rodata.str1.1
                0x0001f40c        0xc Output/Release/Obj/ble_app_uart_pca10040e_s112/nrf_sdh_ble.o
 .rodata.sdh_soc_observers
                0x0001f40c        0xc Output/Release/Obj/ble_app_uart_pca10040e_s112/nrf_sdh_soc.o
 .rodata.str1.1
                0x0001f418        0xc Output/Release/Obj/ble_app_uart_pca10040e_s112/nrf_sdh_soc.o
 .rodata.libc.__SEGGER_RTL_hex_uc
                0x0001f418       0x10 C:/Program Files/SEGGER/SEGGER Embedded Studio 8.24/lib/libc_v7em_t_le_eabi_balanced.a(prinops.o)
                0x0001f418                __SEGGER_RTL_hex_uc
 .rodata.libc.__SEGGER_RTL_hex_lc
                0x0001f428       0x10 C:/Program Files/SEGGER/SEGGER Embedded Studio 8.24/lib/libc_v7em_t_le_eabi_balanced.a(prinops.o)
                0x0001f428                __SEGGER_RTL_hex_lc
 .rodata.libc..L.str
                0x0001f438        0x7 C:/Program Files/SEGGER/SEGGER Embedded Studio 8.24/lib/libc_v7em_t_le_eabi_balanced.a(__SEGGER_RTL_vfprintf_long.o)
 *fill*         0x0001f43f        0x1 
 .rodata.libc.__SEGGER_RTL_c_locale
                0x0001f440        0xc C:/Program Files/SEGGER/SEGGER Embedded Studio 8.24/lib/mbops_timeops_v7em_t_le_eabi_balanced.a(mbops.o)